Archive member included to satisfy reference by file (symbol)

C:/ST/STM32CubeIDE_1.16.1/STM32CubeIDE/plugins/com.st.stm32cube.ide.mcu.externaltools.gnu-tools-for-stm32.12.3.rel1.win32_1.0.200.202406191623/tools/bin/../lib/gcc/arm-none-eabi/12.3.1/../../../../arm-none-eabi/lib/thumb/v7e-m+fp/hard\libc_nano.a(libc_a-exit.o)
                              C:/ST/STM32CubeIDE_1.16.1/STM32CubeIDE/plugins/com.st.stm32cube.ide.mcu.externaltools.gnu-tools-for-stm32.12.3.rel1.win32_1.0.200.202406191623/tools/bin/../lib/gcc/arm-none-eabi/12.3.1/../../../../arm-none-eabi/lib/thumb/v7e-m+fp/hard/crt0.o (exit)
C:/ST/STM32CubeIDE_1.16.1/STM32CubeIDE/plugins/com.st.stm32cube.ide.mcu.externaltools.gnu-tools-for-stm32.12.3.rel1.win32_1.0.200.202406191623/tools/bin/../lib/gcc/arm-none-eabi/12.3.1/../../../../arm-none-eabi/lib/thumb/v7e-m+fp/hard\libc_nano.a(libc_a-qsort.o)
                              ./Core/Src/Filters/Filters.o (qsort)
C:/ST/STM32CubeIDE_1.16.1/STM32CubeIDE/plugins/com.st.stm32cube.ide.mcu.externaltools.gnu-tools-for-stm32.12.3.rel1.win32_1.0.200.202406191623/tools/bin/../lib/gcc/arm-none-eabi/12.3.1/../../../../arm-none-eabi/lib/thumb/v7e-m+fp/hard\libc_nano.a(libc_a-nano-vfprintf_float.o)
                              (_printf_float)
C:/ST/STM32CubeIDE_1.16.1/STM32CubeIDE/plugins/com.st.stm32cube.ide.mcu.externaltools.gnu-tools-for-stm32.12.3.rel1.win32_1.0.200.202406191623/tools/bin/../lib/gcc/arm-none-eabi/12.3.1/../../../../arm-none-eabi/lib/thumb/v7e-m+fp/hard\libc_nano.a(libc_a-nano-vfprintf_i.o)
                              C:/ST/STM32CubeIDE_1.16.1/STM32CubeIDE/plugins/com.st.stm32cube.ide.mcu.externaltools.gnu-tools-for-stm32.12.3.rel1.win32_1.0.200.202406191623/tools/bin/../lib/gcc/arm-none-eabi/12.3.1/../../../../arm-none-eabi/lib/thumb/v7e-m+fp/hard\libc_nano.a(libc_a-nano-vfprintf_float.o) (_printf_common)
C:/ST/STM32CubeIDE_1.16.1/STM32CubeIDE/plugins/com.st.stm32cube.ide.mcu.externaltools.gnu-tools-for-stm32.12.3.rel1.win32_1.0.200.202406191623/tools/bin/../lib/gcc/arm-none-eabi/12.3.1/../../../../arm-none-eabi/lib/thumb/v7e-m+fp/hard\libc_nano.a(libc_a-findfp.o)
                              C:/ST/STM32CubeIDE_1.16.1/STM32CubeIDE/plugins/com.st.stm32cube.ide.mcu.externaltools.gnu-tools-for-stm32.12.3.rel1.win32_1.0.200.202406191623/tools/bin/../lib/gcc/arm-none-eabi/12.3.1/../../../../arm-none-eabi/lib/thumb/v7e-m+fp/hard\libc_nano.a(libc_a-exit.o) (__stdio_exit_handler)
C:/ST/STM32CubeIDE_1.16.1/STM32CubeIDE/plugins/com.st.stm32cube.ide.mcu.externaltools.gnu-tools-for-stm32.12.3.rel1.win32_1.0.200.202406191623/tools/bin/../lib/gcc/arm-none-eabi/12.3.1/../../../../arm-none-eabi/lib/thumb/v7e-m+fp/hard\libc_nano.a(libc_a-fwalk.o)
                              C:/ST/STM32CubeIDE_1.16.1/STM32CubeIDE/plugins/com.st.stm32cube.ide.mcu.externaltools.gnu-tools-for-stm32.12.3.rel1.win32_1.0.200.202406191623/tools/bin/../lib/gcc/arm-none-eabi/12.3.1/../../../../arm-none-eabi/lib/thumb/v7e-m+fp/hard\libc_nano.a(libc_a-findfp.o) (_fwalk_sglue)
C:/ST/STM32CubeIDE_1.16.1/STM32CubeIDE/plugins/com.st.stm32cube.ide.mcu.externaltools.gnu-tools-for-stm32.12.3.rel1.win32_1.0.200.202406191623/tools/bin/../lib/gcc/arm-none-eabi/12.3.1/../../../../arm-none-eabi/lib/thumb/v7e-m+fp/hard\libc_nano.a(libc_a-sprintf.o)
                              ./Core/Src/stm32f4xx_it.o (sprintf)
C:/ST/STM32CubeIDE_1.16.1/STM32CubeIDE/plugins/com.st.stm32cube.ide.mcu.externaltools.gnu-tools-for-stm32.12.3.rel1.win32_1.0.200.202406191623/tools/bin/../lib/gcc/arm-none-eabi/12.3.1/../../../../arm-none-eabi/lib/thumb/v7e-m+fp/hard\libc_nano.a(libc_a-stdio.o)
                              C:/ST/STM32CubeIDE_1.16.1/STM32CubeIDE/plugins/com.st.stm32cube.ide.mcu.externaltools.gnu-tools-for-stm32.12.3.rel1.win32_1.0.200.202406191623/tools/bin/../lib/gcc/arm-none-eabi/12.3.1/../../../../arm-none-eabi/lib/thumb/v7e-m+fp/hard\libc_nano.a(libc_a-findfp.o) (__sread)
C:/ST/STM32CubeIDE_1.16.1/STM32CubeIDE/plugins/com.st.stm32cube.ide.mcu.externaltools.gnu-tools-for-stm32.12.3.rel1.win32_1.0.200.202406191623/tools/bin/../lib/gcc/arm-none-eabi/12.3.1/../../../../arm-none-eabi/lib/thumb/v7e-m+fp/hard\libc_nano.a(libc_a-vsprintf.o)
                              ./Core/Src/Debug/Debug.o (vsprintf)
C:/ST/STM32CubeIDE_1.16.1/STM32CubeIDE/plugins/com.st.stm32cube.ide.mcu.externaltools.gnu-tools-for-stm32.12.3.rel1.win32_1.0.200.202406191623/tools/bin/../lib/gcc/arm-none-eabi/12.3.1/../../../../arm-none-eabi/lib/thumb/v7e-m+fp/hard\libc_nano.a(libc_a-memset.o)
                              C:/ST/STM32CubeIDE_1.16.1/STM32CubeIDE/plugins/com.st.stm32cube.ide.mcu.externaltools.gnu-tools-for-stm32.12.3.rel1.win32_1.0.200.202406191623/tools/bin/../lib/gcc/arm-none-eabi/12.3.1/../../../../arm-none-eabi/lib/thumb/v7e-m+fp/hard/crt0.o (memset)
[...]
Memory Configuration

Name             Origin             Length             Attributes
RAM              0x20000000         0x00020000         xrw
VECTORS          0x08000000         0x00004000         xr
DATA             0x08004000         0x00004000         xrw
FLASH            0x08008000         0x00078000         xr
*default*        0x00000000         0xffffffff

Linker script and memory map

LOAD C:/ST/STM32CubeIDE_1.16.1/STM32CubeIDE/plugins/com.st.stm32cube.ide.mcu.externaltools.gnu-tools-for-stm32.12.3.rel1.win32_1.0.200.202406191623/tools/bin/../lib/gcc/arm-none-eabi/12.3.1/thumb/v7e-m+fp/hard/crti.o
LOAD C:/ST/STM32CubeIDE_1.16.1/STM32CubeIDE/plugins/com.st.stm32cube.ide.mcu.externaltools.gnu-tools-for-stm32.12.3.rel1.win32_1.0.200.202406191623/tools/bin/../lib/gcc/arm-none-eabi/12.3.1/thumb/v7e-m+fp/hard/crtbegin.o
LOAD C:/ST/STM32CubeIDE_1.16.1/STM32CubeIDE/plugins/com.st.stm32cube.ide.mcu.externaltools.gnu-tools-for-stm32.12.3.rel1.win32_1.0.200.202406191623/tools/bin/../lib/gcc/arm-none-eabi/12.3.1/../../../../arm-none-eabi/lib/thumb/v7e-m+fp/hard/crt0.o
LOAD ./Core/Src/Callbacks.o
LOAD ./Core/Src/DI.o
LOAD ./Core/Src/Flash_Storage.o
LOAD ./Core/Src/Scheduler.o
LOAD ./Core/Src/Settings.o
LOAD ./Core/Src/TaskHandler.o
LOAD ./Core/Src/TimeStamp.o
LOAD ./Core/Src/main.o
LOAD ./Core/Src/stm32f4xx_hal_msp.o
LOAD ./Core/Src/stm32f4xx_it.o
LOAD ./Core/Src/syscalls.o
LOAD ./Core/Src/sysmem.o
LOAD ./Core/Src/system_stm32f4xx.o
LOAD ./Core/Src/Debounce/Debounce.o
LOAD ./Core/Src/Debug/Debug.o
LOAD ./Core/Src/Filters/Filters.o
LOAD ./Core/Src/MH_Timer/mh_timer.o
LOAD ./Core/Src/Modbus/MB_CRC.o
LOAD ./Core/Src/Modbus/MB_Handler.o
LOAD ./Core/Src/Modbus/MB_RTUSlave.o
LOAD ./Core/Src/Modbus/MB_Serial.o
LOAD ./Core/Startup/startup_stm32f446retx.o
LOAD ./Drivers/STM32F4xx_HAL_Driver/Src/stm32f4xx_hal.o
LOAD ./Drivers/STM32F4xx_HAL_Driver/Src/stm32f4xx_hal_cortex.o
LOAD ./Drivers/STM32F4xx_HAL_Driver/Src/stm32f4xx_hal_dma.o
LOAD ./Drivers/STM32F4xx_HAL_Driver/Src/stm32f4xx_hal_dma_ex.o
LOAD ./Drivers/STM32F4xx_HAL_Driver/Src/stm32f4xx_hal_exti.o
LOAD ./Drivers/STM32F4xx_HAL_Driver/Src/stm32f4xx_hal_flash.o
LOAD ./Drivers/STM32F4xx_HAL_Driver/Src/stm32f4xx_hal_flash_ex.o
LOAD ./Drivers/STM32F4xx_HAL_Driver/Src/stm32f4xx_hal_flash_ramfunc.o
LOAD ./Drivers/STM32F4xx_HAL_Driver/Src/stm32f4xx_hal_gpio.o
LOAD ./Drivers/STM32F4xx_HAL_Driver/Src/stm32f4xx_hal_iwdg.o
LOAD ./Drivers/STM32F4xx_HAL_Driver/Src/stm32f4xx_hal_pwr.o
LOAD ./Drivers/STM32F4xx_HAL_Driver/Src/stm32f4xx_hal_pwr_ex.o
LOAD ./Drivers/STM32F4xx_HAL_Driver/Src/stm32f4xx_hal_rcc.o
LOAD ./Drivers/STM32F4xx_HAL_Driver/Src/stm32f4xx_hal_rcc_ex.o
LOAD ./Drivers/STM32F4xx_HAL_Driver/Src/stm32f4xx_hal_tim.o
LOAD ./Drivers/STM32F4xx_HAL_Driver/Src/stm32f4xx_hal_tim_ex.o
LOAD ./Drivers/STM32F4xx_HAL_Driver/Src/stm32f4xx_hal_uart.o
START GROUP
LOAD C:/ST/STM32CubeIDE_1.16.1/STM32CubeIDE/plugins/com.st.stm32cube.ide.mcu.externaltools.gnu-tools-for-stm32.12.3.rel1.win32_1.0.200.202406191623/tools/bin/../lib/gcc/arm-none-eabi/12.3.1/../../../../arm-none-eabi/lib/thumb/v7e-m+fp/hard\libc_nano.a
LOAD C:/ST/STM32CubeIDE_1.16.1/STM32CubeIDE/plugins/com.st.stm32cube.ide.mcu.externaltools.gnu-tools-for-stm32.12.3.rel1.win32_1.0.200.202406191623/tools/bin/../lib/gcc/arm-none-eabi/12.3.1/../../../../arm-none-eabi/lib/thumb/v7e-m+fp/hard\libm.a
END GROUP
START GROUP
LOAD C:/ST/STM32CubeIDE_1.16.1/STM32CubeIDE/plugins/com.st.stm32cube.ide.mcu.externaltools.gnu-tools-for-stm32.12.3.rel1.win32_1.0.200.202406191623/tools/bin/../lib/gcc/arm-none-eabi/12.3.1/thumb/v7e-m+fp/hard\libgcc.a
LOAD C:/ST/STM32CubeIDE_1.16.1/STM32CubeIDE/plugins/com.st.stm32cube.ide.mcu.externaltools.gnu-tools-for-stm32.12.3.rel1.win32_1.0.200.202406191623/tools/bin/../lib/gcc/arm-none-eabi/12.3.1/../../../../arm-none-eabi/lib/thumb/v7e-m+fp/hard\libc_nano.a
END GROUP
START GROUP
LOAD C:/ST/STM32CubeIDE_1.16.1/STM32CubeIDE/plugins/com.st.stm32cube.ide.mcu.externaltools.gnu-tools-for-stm32.12.3.rel1.win32_1.0.200.202406191623/tools/bin/../lib/gcc/arm-none-eabi/12.3.1/thumb/v7e-m+fp/hard\libgcc.a
LOAD C:/ST/STM32CubeIDE_1.16.1/STM32CubeIDE/plugins/com.st.stm32cube.ide.mcu.externaltools.gnu-tools-for-stm32.12.3.rel1.win32_1.0.200.202406191623/tools/bin/../lib/gcc/arm-none-eabi/12.3.1/../../../../arm-none-eabi/lib/thumb/v7e-m+fp/hard\libc_nano.a
LOAD C:/ST/STM32CubeIDE_1.16.1/STM32CubeIDE/plugins/com.st.stm32cube.ide.mcu.externaltools.gnu-tools-for-stm32.12.3.rel1.win32_1.0.200.202406191623/tools/bin/../lib/gcc/arm-none-eabi/12.3.1/../../../../arm-none-eabi/lib/thumb/v7e-m+fp/hard\libnosys.a
END GROUP
START GROUP
LOAD C:/ST/STM32CubeIDE_1.16.1/STM32CubeIDE/plugins/com.st.stm32cube.ide.mcu.externaltools.gnu-tools-for-stm32.12.3.rel1.win32_1.0.200.202406191623/tools/bin/../lib/gcc/arm-none-eabi/12.3.1/thumb/v7e-m+fp/hard\libgcc.a
LOAD C:/ST/STM32CubeIDE_1.16.1/STM32CubeIDE/plugins/com.st.stm32cube.ide.mcu.externaltools.gnu-tools-for-stm32.12.3.rel1.win32_1.0.200.202406191623/tools/bin/../lib/gcc/arm-none-eabi/12.3.1/../../../../arm-none-eabi/lib/thumb/v7e-m+fp/hard\libc_nano.a
LOAD C:/ST/STM32CubeIDE_1.16.1/STM32CubeIDE/plugins/com.st.stm32cube.ide.mcu.externaltools.gnu-tools-for-stm32.12.3.rel1.win32_1.0.200.202406191623/tools/bin/../lib/gcc/arm-none-eabi/12.3.1/../../../../arm-none-eabi/lib/thumb/v7e-m+fp/hard\libnosys.a
END GROUP
LOAD C:/ST/STM32CubeIDE_1.16.1/STM32CubeIDE/plugins/com.st.stm32cube.ide.mcu.externaltools.gnu-tools-for-stm32.12.3.rel1.win32_1.0.200.202406191623/tools/bin/../lib/gcc/arm-none-eabi/12.3.1/thumb/v7e-m+fp/hard/crtend.o
LOAD C:/ST/STM32CubeIDE_1.16.1/STM32CubeIDE/plugins/com.st.stm32cube.ide.mcu.externaltools.gnu-tools-for-stm32.12.3.rel1.win32_1.0.200.202406191623/tools/bin/../lib/gcc/arm-none-eabi/12.3.1/thumb/v7e-m+fp/hard/crtn.o
                0x20020000                        _estack = (ORIGIN (RAM) + LENGTH (RAM))
                0x00000200                        _Min_Heap_Size = 0x200
                0x00000400                        _Min_Stack_Size = 0x400

.isr_vector     0x08000000      0x1c4
                0x08000000                        . = ALIGN (0x4)
 *(.isr_vector)
 .isr_vector    0x08000000      0x1c4 ./Core/Startup/startup_stm32f446retx.o
                0x08000000                g_pfnVectors
                0x080001c4                        . = ALIGN (0x4)

.user_data      0x08004000        0x0
                0x08004000                        . = ALIGN (0x4)
 *(.user_data)
 *(.user_data*)
                0x08004000                        . = ALIGN (0x4)

.isr_vector     0x08008000        0x0
                0x08008000                        . = ALIGN (0x4)
 *(.isr_vector)
                0x08008000                        . = ALIGN (0x4)

.text           0x08008000     0xb498
                0x08008000                        . = ALIGN (0x4)
 *(.text)
 .text          0x08008000       0x40 C:/ST/STM32CubeIDE_1.16.1/STM32CubeIDE/plugins/com.st.stm32cube.ide.mcu.externaltools.gnu-tools-for-stm32.12.3.rel1.win32_1.0.200.202406191623/tools/bin/../lib/gcc/arm-none-eabi/12.3.1/thumb/v7e-m+fp/hard/crtbegin.o
 .text          0x08008040       0xa0 C:/ST/STM32CubeIDE_1.16.1/STM32CubeIDE/plugins/com.st.stm32cube.ide.mcu.externaltools.gnu-tools-for-stm32.12.3.rel1.win32_1.0.200.202406191623/tools/bin/../lib/gcc/arm-none-eabi/12.3.1/../../../../arm-none-eabi/lib/thumb/v7e-m+fp/hard\libc_nano.a(libc_a-memchr.o)
                0x08008040                memchr
 .text          0x080080e0       0x10 C:/ST/STM32CubeIDE_1.16.1/STM32CubeIDE/plugins/com.st.stm32cube.ide.mcu.externaltools.gnu-tools-for-stm32.12.3.rel1.win32_1.0.200.202406191623/tools/bin/../lib/gcc/arm-none-eabi/12.3.1/../../../../arm-none-eabi/lib/thumb/v7e-m+fp/hard\libc_nano.a(libc_a-strlen.o)
                0x080080e0                strlen
 .text          0x080080f0      0x378 C:/ST/STM32CubeIDE_1.16.1/STM32CubeIDE/plugins/com.st.stm32cube.ide.mcu.externaltools.gnu-tools-for-stm32.12.3.rel1.win32_1.0.200.202406191623/tools/bin/../lib/gcc/arm-none-eabi/12.3.1/thumb/v7e-m+fp/hard\libgcc.a(_arm_addsubdf3.o)
                0x080080f0                __aeabi_drsub
                0x080080f8                __aeabi_dsub
                0x080080f8                __subdf3
                0x080080fc                __aeabi_dadd
                0x080080fc                __adddf3
                0x08008374                __floatunsidf
                0x08008374                __aeabi_ui2d
                0x08008394                __floatsidf
                0x08008394                __aeabi_i2d
                0x080083b8                __aeabi_f2d
                0x080083b8                __extendsfdf2
                0x080083fc                __floatundidf
                0x080083fc                __aeabi_ul2d
                0x0800840c                __floatdidf
                0x0800840c                __aeabi_l2d
 .text          0x08008468      0x424 C:/ST/STM32CubeIDE_1.16.1/STM32CubeIDE/plugins/com.st.stm32cube.ide.mcu.externaltools.gnu-tools-for-stm32.12.3.rel1.win32_1.0.200.202406191623/tools/bin/../lib/gcc/arm-none-eabi/12.3.1/thumb/v7e-m+fp/hard\libgcc.a(_arm_muldivdf3.o)
                0x08008468                __aeabi_dmul
                0x08008468                __muldf3
                0x080086bc                __divdf3
                0x080086bc                __aeabi_ddiv
 .text          0x0800888c      0x110 C:/ST/STM32CubeIDE_1.16.1/STM32CubeIDE/plugins/com.st.stm32cube.ide.mcu.externaltools.gnu-tools-for-stm32.12.3.rel1.win32_1.0.200.202406191623/tools/bin/../lib/gcc/arm-none-eabi/12.3.1/thumb/v7e-m+fp/hard\libgcc.a(_arm_cmpdf2.o)
                0x0800888c                __gtdf2
                0x0800888c                __gedf2
                0x08008894                __ltdf2
                0x08008894                __ledf2
                0x0800889c                __nedf2
                0x0800889c                __eqdf2
                0x0800889c                __cmpdf2
                0x08008918                __aeabi_cdrcmple
                0x08008928                __aeabi_cdcmpeq
                0x08008928                __aeabi_cdcmple
                0x08008938                __aeabi_dcmpeq
                0x0800894c                __aeabi_dcmplt
                0x08008960                __aeabi_dcmple
                0x08008974                __aeabi_dcmpge
                0x08008988                __aeabi_dcmpgt
 .text          0x0800899c       0x2c C:/ST/STM32CubeIDE_1.16.1/STM32CubeIDE/plugins/com.st.stm32cube.ide.mcu.externaltools.gnu-tools-for-stm32.12.3.rel1.win32_1.0.200.202406191623/tools/bin/../lib/gcc/arm-none-eabi/12.3.1/thumb/v7e-m+fp/hard\libgcc.a(_arm_unorddf2.o)
                0x0800899c                __unorddf2
                0x0800899c                __aeabi_dcmpun
 .text          0x080089c8       0x50 C:/ST/STM32CubeIDE_1.16.1/STM32CubeIDE/plugins/com.st.stm32cube.ide.mcu.externaltools.gnu-tools-for-stm32.12.3.rel1.win32_1.0.200.202406191623/tools/bin/../lib/gcc/arm-none-eabi/12.3.1/thumb/v7e-m+fp/hard\libgcc.a(_arm_fixdfsi.o)
                0x080089c8                __aeabi_d2iz
                0x080089c8                __fixdfsi
 .text          0x08008a18       0x40 C:/ST/STM32CubeIDE_1.16.1/STM32CubeIDE/plugins/com.st.stm32cube.ide.mcu.externaltools.gnu-tools-for-stm32.12.3.rel1.win32_1.0.200.202406191623/tools/bin/../lib/gcc/arm-none-eabi/12.3.1/thumb/v7e-m+fp/hard\libgcc.a(_arm_fixunsdfsi.o)
                0x08008a18                __aeabi_d2uiz
                0x08008a18                __fixunsdfsi
 .text          0x08008a58       0x30 C:/ST/STM32CubeIDE_1.16.1/STM32CubeIDE/plugins/com.st.stm32cube.ide.mcu.externaltools.gnu-tools-for-stm32.12.3.rel1.win32_1.0.200.202406191623/tools/bin/../lib/gcc/arm-none-eabi/12.3.1/thumb/v7e-m+fp/hard\libgcc.a(_aeabi_uldivmod.o)
                0x08008a58                __aeabi_uldivmod
 .text          0x08008a88       0x3c C:/ST/STM32CubeIDE_1.16.1/STM32CubeIDE/plugins/com.st.stm32cube.ide.mcu.externaltools.gnu-tools-for-stm32.12.3.rel1.win32_1.0.200.202406191623/tools/bin/../lib/gcc/arm-none-eabi/12.3.1/thumb/v7e-m+fp/hard\libgcc.a(_fixunsdfdi.o)
                0x08008a88                __fixunsdfdi
                0x08008a88                __aeabi_d2ulz
 .text          0x08008ac4      0x2bc C:/ST/STM32CubeIDE_1.16.1/STM32CubeIDE/plugins/com.st.stm32cube.ide.mcu.externaltools.gnu-tools-for-stm32.12.3.rel1.win32_1.0.200.202406191623/tools/bin/../lib/gcc/arm-none-eabi/12.3.1/thumb/v7e-m+fp/hard\libgcc.a(_udivmoddi4.o)
                0x08008ac4                __udivmoddi4
 .text          0x08008d80        0x4 C:/ST/STM32CubeIDE_1.16.1/STM32CubeIDE/plugins/com.st.stm32cube.ide.mcu.externaltools.gnu-tools-for-stm32.12.3.rel1.win32_1.0.200.202406191623/tools/bin/../lib/gcc/arm-none-eabi/12.3.1/thumb/v7e-m+fp/hard\libgcc.a(_dvmd_tls.o)
                0x08008d80                __aeabi_idiv0
                0x08008d80                __aeabi_ldiv0
 *(.text*)
 .text.PrintMBRequest
                0x08008d84       0x40 ./Core/Src/Callbacks.o
 .text.CB_MB_InitCallback
                0x08008dc4       0x3c ./Core/Src/Callbacks.o
                0x08008dc4                CB_MB_InitCallback
 .text.CB_MB_RcvByte
                0x08008e00       0x1c ./Core/Src/Callbacks.o
                0x08008e00                CB_MB_RcvByte
 .text.CB_MB_Send
                0x08008e1c       0x28 ./Core/Src/Callbacks.o
                0x08008e1c                CB_MB_Send
 .text.CB_MB_SetUpstream
                0x08008e44       0x18 ./Core/Src/Callbacks.o
                0x08008e44                CB_MB_SetUpstream
 .text.CB_MB_SetDownstream
                0x08008e5c       0x18 ./Core/Src/Callbacks.o
                0x08008e5c                CB_MB_SetDownstream
 .text.CB_MB_readDICallback
                0x08008e74       0x88 ./Core/Src/Callbacks.o
                0x08008e74                CB_MB_readDICallback
 .text.CB_MB_writeCOCallback
                0x08008efc      0x164 ./Core/Src/Callbacks.o
                0x08008efc                CB_MB_writeCOCallback
 .text.CB_MB_readCOCallback
                0x08009060      0x130 ./Core/Src/Callbacks.o
                0x08009060                CB_MB_readCOCallback
 .text.CB_MB_readIRCallback
                0x08009190       0x4c ./Core/Src/Callbacks.o
                0x08009190                CB_MB_readIRCallback
 .text.CB_MB_writeHRCallback
                0x080091dc      0x190 ./Core/Src/Callbacks.o
                0x080091dc                CB_MB_writeHRCallback
 .text.CB_MB_readHRCallback
                0x0800936c      0x110 ./Core/Src/Callbacks.o
                0x0800936c                CB_MB_readHRCallback
 .text.FLASH_Download
                0x0800947c       0x34 ./Core/Src/Flash_Storage.o
                0x0800947c                FLASH_Download
 .text.FLASH_Upload
                0x080094b0       0x18 ./Core/Src/Flash_Storage.o
                0x080094b0                FLASH_Upload
 .text.FLASH_CheckForChanges
                0x080094c8       0x48 ./Core/Src/Flash_Storage.o
                0x080094c8                FLASH_CheckForChanges
 .text.FLASH_ReadInt
                0x08009510       0x34 ./Core/Src/Flash_Storage.o
                0x08009510                FLASH_ReadInt
 .text.FLASH_WriteInt
                0x08009544       0x3c ./Core/Src/Flash_Storage.o
                0x08009544                FLASH_WriteInt
 .text.FLASH_Read
                0x08009580       0x66 ./Core/Src/Flash_Storage.o
                0x08009580                FLASH_Read
 .text.FLASH_Write
                0x080095e6       0xea ./Core/Src/Flash_Storage.o
                0x080095e6                FLASH_Write
 .text.FLASH_Erase
                0x080096d0       0x88 ./Core/Src/Flash_Storage.o
                0x080096d0                FLASH_Erase
 .text.SchedulerInit
                0x08009758       0xe0 ./Core/Src/Scheduler.o
                0x08009758                SchedulerInit
 .text.Scheduler
                0x08009838       0x3e ./Core/Src/Scheduler.o
                0x08009838                Scheduler
 .text.SupperLoop
                0x08009876       0x10 ./Core/Src/Scheduler.o
                0x08009876                SupperLoop
 .text.MediumLoop
                0x08009886       0x18 ./Core/Src/Scheduler.o
                0x08009886                MediumLoop
 *fill*         0x0800989e        0x2 
 .text.VerySlowLoop
                0x080098a0       0xe8 ./Core/Src/Scheduler.o
                0x080098a0                VerySlowLoop
 .text.TimeReached
                0x08009988       0x50 ./Core/Src/Scheduler.o
                0x08009988                TimeReached
 .text.SetLastScheduleTime
                0x080099d8       0x24 ./Core/Src/Scheduler.o
                0x080099d8                SetLastScheduleTime
 .text.PrintVersion
                0x080099fc       0x24 ./Core/Src/Scheduler.o
                0x080099fc                PrintVersion
 .text.PrintBoardInfo
                0x08009a20      0x1d8 ./Core/Src/Scheduler.o
                0x08009a20                PrintBoardInfo
 .text.InitialSettings
                0x08009bf8      0x1e8 ./Core/Src/Settings.o
                0x08009bf8                InitialSettings
 .text.UpdateSetting
                0x08009de0      0x178 ./Core/Src/Settings.o
                0x08009de0                UpdateSetting
 .text.FactorySettings
                0x08009f58        0xc ./Core/Src/Settings.o
                0x08009f58                FactorySettings
 .text.__NVIC_SystemReset
                0x08009f64       0x2c ./Core/Src/TaskHandler.o
 .text.TH_MB_ChecktSlaveAddressChange
                0x08009f90       0xe0 ./Core/Src/TaskHandler.o
                0x08009f90                TH_MB_ChecktSlaveAddressChange
 .text.TH_MB_CheckSerialConfigChanges
                0x0800a070       0x54 ./Core/Src/TaskHandler.o
                0x0800a070                TH_MB_CheckSerialConfigChanges
 .text.TH_DI    0x0800a0c4       0xc0 ./Core/Src/TaskHandler.o
                0x0800a0c4                TH_DI
 .text.TH_DO    0x0800a184       0xe8 ./Core/Src/TaskHandler.o
                0x0800a184                TH_DO
 .text.TH_PushButton
                0x0800a26c       0xac ./Core/Src/TaskHandler.o
                0x0800a26c                TH_PushButton
 .text.TS_Init  0x0800a318       0xb8 ./Core/Src/TimeStamp.o
                0x0800a318                TS_Init
 .text.TS_StartTimer
                0x0800a3d0       0x28 ./Core/Src/TimeStamp.o
                0x0800a3d0                TS_StartTimer
 .text.TS_SetTimerType
                0x0800a3f8       0x1e ./Core/Src/TimeStamp.o
                0x0800a3f8                TS_SetTimerType
 *fill*         0x0800a416        0x2 
 .text.TS_GetUS
                0x0800a418       0x9c ./Core/Src/TimeStamp.o
                0x0800a418                TS_GetUS
 .text.TS_GetTime
                0x0800a4b4      0x104 ./Core/Src/TimeStamp.o
                0x0800a4b4                TS_GetTime
 .text.TS_CatchOVF
                0x0800a5b8       0x58 ./Core/Src/TimeStamp.o
                0x0800a5b8                TS_CatchOVF
 .text.__io_putchar
                0x0800a610       0x24 ./Core/Src/main.o
                0x0800a610                __io_putchar
 .text.main     0x0800a634       0x68 ./Core/Src/main.o
                0x0800a634                main
 .text.SystemClock_Config
                0x0800a69c       0xe0 ./Core/Src/main.o
                0x0800a69c                SystemClock_Config
 .text.MX_IWDG_Init
                0x0800a77c       0x34 ./Core/Src/main.o
 .text.MX_TIM3_Init
                0x0800a7b0       0x9c ./Core/Src/main.o
 .text.MX_TIM4_Init
                0x0800a84c       0x9c ./Core/Src/main.o
 .text.MX_TIM5_Init
                0x0800a8e8       0x9c ./Core/Src/main.o
 .text.MX_TIM6_Init
                0x0800a984       0x6c ./Core/Src/main.o
 .text.MX_TIM9_Init
                0x0800a9f0       0x74 ./Core/Src/main.o
 .text.MX_USART2_UART_Init
                0x0800aa64       0x54 ./Core/Src/main.o
 .text.MX_USART6_UART_Init
                0x0800aab8       0x58 ./Core/Src/main.o
 .text.MX_GPIO_Init
                0x0800ab10      0x1b0 ./Core/Src/main.o
 .text.Error_Handler
                0x0800acc0        0xc ./Core/Src/main.o
                0x0800acc0                Error_Handler
 .text.HAL_MspInit
                0x0800accc       0x68 ./Core/Src/stm32f4xx_hal_msp.o
                0x0800accc                HAL_MspInit
 .text.HAL_TIM_Base_MspInit
                0x0800ad34      0x120 ./Core/Src/stm32f4xx_hal_msp.o
                0x0800ad34                HAL_TIM_Base_MspInit
 .text.HAL_UART_MspInit
                0x0800ae54      0x11c ./Core/Src/stm32f4xx_hal_msp.o
                0x0800ae54                HAL_UART_MspInit
 .text.NMI_Handler
                0x0800af70        0x8 ./Core/Src/stm32f4xx_it.o
                0x0800af70                NMI_Handler
 .text.HardFault_Handler
                0x0800af78       0x14 ./Core/Src/stm32f4xx_it.o
                0x0800af78                HardFault_Handler
 .text.MemManage_Handler
                0x0800af8c       0x14 ./Core/Src/stm32f4xx_it.o
                0x0800af8c                MemManage_Handler
 .text.BusFault_Handler
                0x0800afa0       0x14 ./Core/Src/stm32f4xx_it.o
                0x0800afa0                BusFault_Handler
 .text.UsageFault_Handler
                0x0800afb4       0x14 ./Core/Src/stm32f4xx_it.o
                0x0800afb4                UsageFault_Handler
 .text.SVC_Handler
                0x0800afc8        0xe ./Core/Src/stm32f4xx_it.o
                0x0800afc8                SVC_Handler
 .text.DebugMon_Handler
                0x0800afd6        0xe ./Core/Src/stm32f4xx_it.o
                0x0800afd6                DebugMon_Handler
 .text.PendSV_Handler
                0x0800afe4        0xe ./Core/Src/stm32f4xx_it.o
                0x0800afe4                PendSV_Handler
 .text.SysTick_Handler
                0x0800aff2        0xc ./Core/Src/stm32f4xx_it.o
                0x0800aff2                SysTick_Handler
 *fill*         0x0800affe        0x2 
 .text.TIM1_BRK_TIM9_IRQHandler
                0x0800b000       0x1c ./Core/Src/stm32f4xx_it.o
                0x0800b000                TIM1_BRK_TIM9_IRQHandler
 .text.TIM4_IRQHandler
                0x0800b01c       0x24 ./Core/Src/stm32f4xx_it.o
                0x0800b01c                TIM4_IRQHandler
 .text.USART2_IRQHandler
                0x0800b040       0x14 ./Core/Src/stm32f4xx_it.o
                0x0800b040                USART2_IRQHandler
 .text.TIM5_IRQHandler
                0x0800b054       0x1c ./Core/Src/stm32f4xx_it.o
                0x0800b054                TIM5_IRQHandler
 .text.USART6_IRQHandler
                0x0800b070       0x1c ./Core/Src/stm32f4xx_it.o
                0x0800b070                USART6_IRQHandler
 .text.HAL_UART_ErrorCallback
                0x0800b08c      0x1a0 ./Core/Src/stm32f4xx_it.o
                0x0800b08c                HAL_UART_ErrorCallback
 .text._getpid  0x0800b22c       0x10 ./Core/Src/syscalls.o
                0x0800b22c                _getpid
 .text._kill    0x0800b23c       0x20 ./Core/Src/syscalls.o
                0x0800b23c                _kill
 .text._exit    0x0800b25c       0x16 ./Core/Src/syscalls.o
                0x0800b25c                _exit
 .text._read    0x0800b272       0x3a ./Core/Src/syscalls.o
                0x0800b272                _read
 .text._write   0x0800b2ac       0x38 ./Core/Src/syscalls.o
                0x0800b2ac                _write
 .text._close   0x0800b2e4       0x18 ./Core/Src/syscalls.o
                0x0800b2e4                _close
 .text._fstat   0x0800b2fc       0x20 ./Core/Src/syscalls.o
                0x0800b2fc                _fstat
 .text._isatty  0x0800b31c       0x16 ./Core/Src/syscalls.o
                0x0800b31c                _isatty
 .text._lseek   0x0800b332       0x1a ./Core/Src/syscalls.o
                0x0800b332                _lseek
 .text._sbrk    0x0800b34c       0x6c ./Core/Src/sysmem.o
                0x0800b34c                _sbrk
 .text.SystemInit
                0x0800b3b8       0x24 ./Core/Src/system_stm32f4xx.o
                0x0800b3b8                SystemInit
 .text.Debounce_Init
                0x0800b3dc       0x1e ./Core/Src/Debounce/Debounce.o
                0x0800b3dc                Debounce_Init
 .text.Debounce_Clear
                0x0800b3fa       0x2c ./Core/Src/Debounce/Debounce.o
                0x0800b3fa                Debounce_Clear
 .text.Debounce
                0x0800b426       0x72 ./Core/Src/Debounce/Debounce.o
                0x0800b426                Debounce
 .text.DEBUG_INIT
                0x0800b498       0x78 ./Core/Src/Debug/Debug.o
                0x0800b498                DEBUG_INIT
 .text.DEBUG_ENABLE
                0x0800b510       0x1c ./Core/Src/Debug/Debug.o
                0x0800b510                DEBUG_ENABLE
 .text.DEBUG_PRINT
                0x0800b52c       0x5c ./Core/Src/Debug/Debug.o
                0x0800b52c                DEBUG_PRINT
 .text.DEBUG_SPRINT
                0x0800b588       0x60 ./Core/Src/Debug/Debug.o
                0x0800b588                DEBUG_SPRINT
 .text.DEBUG_SPRINT_NL
                0x0800b5e8       0x98 ./Core/Src/Debug/Debug.o
                0x0800b5e8                DEBUG_SPRINT_NL
 .text.DEBUG_SPRINT_APPEND
                0x0800b680       0xb4 ./Core/Src/Debug/Debug.o
                0x0800b680                DEBUG_SPRINT_APPEND
 .text.DBUG_TransTimeout
                0x0800b734       0x50 ./Core/Src/Debug/Debug.o
                0x0800b734                DBUG_TransTimeout
 .text.MB_CalcCRC16
                0x0800b784       0x70 ./Core/Src/Modbus/MB_CRC.o
                0x0800b784                MB_CalcCRC16
 .text.MB_setReqBuff
                0x0800b7f4       0x28 ./Core/Src/Modbus/MB_Handler.o
                0x0800b7f4                MB_setReqBuff
 .text.MB_setRespBuff
                0x0800b81c       0x20 ./Core/Src/Modbus/MB_Handler.o
                0x0800b81c                MB_setRespBuff
 .text.MB_getRespBuffSize
                0x0800b83c       0x18 ./Core/Src/Modbus/MB_Handler.o
                0x0800b83c                MB_getRespBuffSize
 .text.MB_executeRequest
                0x0800b854       0xe8 ./Core/Src/Modbus/MB_Handler.o
                0x0800b854                MB_executeRequest
 .text.MB_ClearBuffer
                0x0800b93c       0x38 ./Core/Src/Modbus/MB_Handler.o
                0x0800b93c                MB_ClearBuffer
 .text.MB_appendToRespPDU
                0x0800b974       0x38 ./Core/Src/Modbus/MB_Handler.o
                0x0800b974                MB_appendToRespPDU
 .text.MB_appendToRespPDU_SAFC
                0x0800b9ac       0x20 ./Core/Src/Modbus/MB_Handler.o
                0x0800b9ac                MB_appendToRespPDU_SAFC
 .text.MB_appendToRespPDU_CRC
                0x0800b9cc       0x4c ./Core/Src/Modbus/MB_Handler.o
                0x0800b9cc                MB_appendToRespPDU_CRC
 .text.MB_excepRespBuilder
                0x0800ba18       0x36 ./Core/Src/Modbus/MB_Handler.o
                0x0800ba18                MB_excepRespBuilder
 .text.MB_isFunctionCodeValid
                0x0800ba4e       0x4e ./Core/Src/Modbus/MB_Handler.o
                0x0800ba4e                MB_isFunctionCodeValid
 .text.MB_checkMCQtyAddrByteCount
                0x0800ba9c       0x8c ./Core/Src/Modbus/MB_Handler.o
                0x0800ba9c                MB_checkMCQtyAddrByteCount
 .text.MB_checkMRQtyAddrByteCount
                0x0800bb28       0x8c ./Core/Src/Modbus/MB_Handler.o
                0x0800bb28                MB_checkMRQtyAddrByteCount
 .text.MB_checkDataQtyAddr
                0x0800bbb4       0x54 ./Core/Src/Modbus/MB_Handler.o
                0x0800bbb4                MB_checkDataQtyAddr
 .text.MB_checkDataQuantity
                0x0800bc08       0x32 ./Core/Src/Modbus/MB_Handler.o
                0x0800bc08                MB_checkDataQuantity
 .text.MB_checkDataAddress
                0x0800bc3a       0x44 ./Core/Src/Modbus/MB_Handler.o
                0x0800bc3a                MB_checkDataAddress
 .text.MB_checkSCValue
                0x0800bc7e       0x2c ./Core/Src/Modbus/MB_Handler.o
                0x0800bc7e                MB_checkSCValue
 .text.MB_checkSCRAddr
                0x0800bcaa       0x2a ./Core/Src/Modbus/MB_Handler.o
                0x0800bcaa                MB_checkSCRAddr
 .text.MB_checkSCValueAddr
                0x0800bcd4       0x38 ./Core/Src/Modbus/MB_Handler.o
                0x0800bcd4                MB_checkSCValueAddr
 .text.MB_checkSRValue
                0x0800bd0c       0x18 ./Core/Src/Modbus/MB_Handler.o
                0x0800bd0c                MB_checkSRValue
 .text.MB_checkSRValueAddr
                0x0800bd24       0x38 ./Core/Src/Modbus/MB_Handler.o
                0x0800bd24                MB_checkSRValueAddr
 .text.MB_get2byteData
                0x0800bd5c       0x3c ./Core/Src/Modbus/MB_Handler.o
                0x0800bd5c                MB_get2byteData
 .text.MB_getSlaveAddress
                0x0800bd98       0x18 ./Core/Src/Modbus/MB_Handler.o
                0x0800bd98                MB_getSlaveAddress
 .text.MB_getFunctionCode
                0x0800bdb0       0x18 ./Core/Src/Modbus/MB_Handler.o
                0x0800bdb0                MB_getFunctionCode
 .text.MB_getStartAddress
                0x0800bdc8       0x1c ./Core/Src/Modbus/MB_Handler.o
                0x0800bdc8                MB_getStartAddress
 .text.MB_getSCRAddress
                0x0800bde4       0x10 ./Core/Src/Modbus/MB_Handler.o
                0x0800bde4                MB_getSCRAddress
 .text.MB_getQuantity
                0x0800bdf4       0x1c ./Core/Src/Modbus/MB_Handler.o
                0x0800bdf4                MB_getQuantity
 .text.MB_getSCRValue
                0x0800be10       0x10 ./Core/Src/Modbus/MB_Handler.o
                0x0800be10                MB_getSCRValue
 .text.MB_getMCValueInByte
                0x0800be20       0x24 ./Core/Src/Modbus/MB_Handler.o
                0x0800be20                MB_getMCValueInByte
 .text.MB_getMRValueIn2Byte
                0x0800be44       0x1c ./Core/Src/Modbus/MB_Handler.o
                0x0800be44                MB_getMRValueIn2Byte
 .text.MB_getIRValue
                0x0800be60       0x28 ./Core/Src/Modbus/MB_Handler.o
                0x0800be60                MB_getIRValue
 .text.MB_getIRsValue
                0x0800be88       0x62 ./Core/Src/Modbus/MB_Handler.o
                0x0800be88                MB_getIRsValue
 *fill*         0x0800beea        0x2 
 .text.MB_getHRsValue
                0x0800beec       0x60 ./Core/Src/Modbus/MB_Handler.o
                0x0800beec                MB_getHRsValue
 .text.MB_setHRValue
                0x0800bf4c       0x2c ./Core/Src/Modbus/MB_Handler.o
                0x0800bf4c                MB_setHRValue
 .text.MB_readCoils
                0x0800bf78      0x11c ./Core/Src/Modbus/MB_Handler.o
                0x0800bf78                MB_readCoils
 .text.MB_readDI
                0x0800c094      0x120 ./Core/Src/Modbus/MB_Handler.o
                0x0800c094                MB_readDI
 .text.MB_writeSC
                0x0800c1b4       0x64 ./Core/Src/Modbus/MB_Handler.o
                0x0800c1b4                MB_writeSC
 .text.MB_writeMC
                0x0800c218      0x152 ./Core/Src/Modbus/MB_Handler.o
                0x0800c218                MB_writeMC
 .text.MB_readIR
                0x0800c36a      0x122 ./Core/Src/Modbus/MB_Handler.o
                0x0800c36a                MB_readIR
 .text.MB_readHR
                0x0800c48c      0x12e ./Core/Src/Modbus/MB_Handler.o
                0x0800c48c                MB_readHR
 *fill*         0x0800c5ba        0x2 
 .text.MB_writeSHR
                0x0800c5bc       0x6c ./Core/Src/Modbus/MB_Handler.o
                0x0800c5bc                MB_writeSHR
 .text.MB_writeMHR
                0x0800c628       0xee ./Core/Src/Modbus/MB_Handler.o
                0x0800c628                MB_writeMHR
 *fill*         0x0800c716        0x2 
 .text.MB_getDI
                0x0800c718       0x28 ./Core/Src/Modbus/MB_Handler.o
                0x0800c718                MB_getDI
 .text.MB_getDIInByte
                0x0800c740       0xf8 ./Core/Src/Modbus/MB_Handler.o
                0x0800c740                MB_getDIInByte
 .text.MB_setCoil
                0x0800c838       0x38 ./Core/Src/Modbus/MB_Handler.o
                0x0800c838                MB_setCoil
 .text.MB_getCoil
                0x0800c870       0x28 ./Core/Src/Modbus/MB_Handler.o
                0x0800c870                MB_getCoil
 .text.MB_getCoilsInByte
                0x0800c898       0xda ./Core/Src/Modbus/MB_Handler.o
                0x0800c898                MB_getCoilsInByte
 *fill*         0x0800c972        0x2 
 .text.MB_attachDICallback
                0x0800c974       0x20 ./Core/Src/Modbus/MB_Handler.o
                0x0800c974                MB_attachDICallback
 .text.MB_attachCOCallback
                0x0800c994       0x2c ./Core/Src/Modbus/MB_Handler.o
                0x0800c994                MB_attachCOCallback
 .text.MB_attachIRCallback
                0x0800c9c0       0x20 ./Core/Src/Modbus/MB_Handler.o
                0x0800c9c0                MB_attachIRCallback
 .text.MB_attachHRCallback
                0x0800c9e0       0x2c ./Core/Src/Modbus/MB_Handler.o
                0x0800c9e0                MB_attachHRCallback
 .text.MBRS_Init
                0x0800ca0c       0x2c ./Core/Src/Modbus/MB_RTUSlave.o
                0x0800ca0c                MBRS_Init
 .text.MBRS_GetInstance
                0x0800ca38       0x18 ./Core/Src/Modbus/MB_RTUSlave.o
                0x0800ca38                MBRS_GetInstance
 .text.MBRS_processRequest
                0x0800ca50       0xb4 ./Core/Src/Modbus/MB_RTUSlave.o
                0x0800ca50                MBRS_processRequest
 .text.MBS_Init
                0x0800cb04       0xc8 ./Core/Src/Modbus/MB_Serial.o
                0x0800cb04                MBS_Init
 .text.MBS_Timer_Init
                0x0800cbcc       0x38 ./Core/Src/Modbus/MB_Serial.o
 .text.MBS_Config
                0x0800cc04      0x1dc ./Core/Src/Modbus/MB_Serial.o
                0x0800cc04                MBS_Config
 .text.MBS_Send
                0x0800cde0       0xb4 ./Core/Src/Modbus/MB_Serial.o
                0x0800cde0                MBS_Send
 .text.MBS_Receive
                0x0800ce94      0x108 ./Core/Src/Modbus/MB_Serial.o
                0x0800ce94                MBS_Receive
 .text.MBS_StopReceiving
                0x0800cf9c       0xb0 ./Core/Src/Modbus/MB_Serial.o
                0x0800cf9c                MBS_StopReceiving
 .text.MBS_ChackRcvdFrame
                0x0800d04c      0x104 ./Core/Src/Modbus/MB_Serial.o
                0x0800d04c                MBS_ChackRcvdFrame
 .text.MBS_ProcessRcvdFrame
                0x0800d150       0xf0 ./Core/Src/Modbus/MB_Serial.o
                0x0800d150                MBS_ProcessRcvdFrame
 .text.MBS_GetCharTimeCluster
                0x0800d240       0x5c ./Core/Src/Modbus/MB_Serial.o
                0x0800d240                MBS_GetCharTimeCluster
 .text.MBS_GetByteTxTime
                0x0800d29c       0x40 ./Core/Src/Modbus/MB_Serial.o
 .text.Reset_Handler
                0x0800d2dc       0x50 ./Core/Startup/startup_stm32f446retx.o
                0x0800d2dc                Reset_Handler
 .text.Default_Handler
                0x0800d32c        0x2 ./Core/Startup/startup_stm32f446retx.o
                0x0800d32c                RTC_Alarm_IRQHandler
                0x0800d32c                EXTI2_IRQHandler
                0x0800d32c                TIM8_CC_IRQHandler
                0x0800d32c                FMPI2C1_EV_IRQHandler
                0x0800d32c                SPI4_IRQHandler
                0x0800d32c                TIM1_CC_IRQHandler
                0x0800d32c                DMA2_Stream5_IRQHandler
                0x0800d32c                DMA1_Stream5_IRQHandler
                0x0800d32c                PVD_IRQHandler
                0x0800d32c                SDIO_IRQHandler
                0x0800d32c                TAMP_STAMP_IRQHandler
                0x0800d32c                CAN2_RX1_IRQHandler
                0x0800d32c                EXTI3_IRQHandler
                0x0800d32c                TIM8_TRG_COM_TIM14_IRQHandler
                0x0800d32c                TIM1_UP_TIM10_IRQHandler
                0x0800d32c                TIM8_UP_TIM13_IRQHandler
                0x0800d32c                I2C3_ER_IRQHandler
                0x0800d32c                EXTI0_IRQHandler
                0x0800d32c                I2C2_EV_IRQHandler
                0x0800d32c                DMA1_Stream2_IRQHandler
                0x0800d32c                CAN1_RX0_IRQHandler
                0x0800d32c                FPU_IRQHandler
                0x0800d32c                OTG_HS_WKUP_IRQHandler
                0x0800d32c                CAN2_SCE_IRQHandler
                0x0800d32c                DMA2_Stream2_IRQHandler
                0x0800d32c                SPI1_IRQHandler
                0x0800d32c                TIM6_DAC_IRQHandler
                0x0800d32c                DCMI_IRQHandler
                0x0800d32c                CAN2_RX0_IRQHandler
                0x0800d32c                DMA2_Stream3_IRQHandler
                0x0800d32c                SAI2_IRQHandler
                0x0800d32c                USART3_IRQHandler
                0x0800d32c                CAN1_RX1_IRQHandler
                0x0800d32c                UART5_IRQHandler
                0x0800d32c                DMA2_Stream0_IRQHandler
                0x0800d32c                QUADSPI_IRQHandler
                0x0800d32c                I2C1_EV_IRQHandler
                0x0800d32c                DMA1_Stream6_IRQHandler
                0x0800d32c                DMA1_Stream1_IRQHandler
                0x0800d32c                UART4_IRQHandler
                0x0800d32c                TIM3_IRQHandler
                0x0800d32c                RCC_IRQHandler
                0x0800d32c                TIM8_BRK_TIM12_IRQHandler
                0x0800d32c                Default_Handler
                0x0800d32c                CEC_IRQHandler
                0x0800d32c                EXTI15_10_IRQHandler
                0x0800d32c                ADC_IRQHandler
                0x0800d32c                DMA1_Stream7_IRQHandler
                0x0800d32c                TIM7_IRQHandler
                0x0800d32c                CAN2_TX_IRQHandler
                0x0800d32c                DMA2_Stream7_IRQHandler
                0x0800d32c                I2C3_EV_IRQHandler
                0x0800d32c                EXTI9_5_IRQHandler
                0x0800d32c                RTC_WKUP_IRQHandler
                0x0800d32c                SPDIF_RX_IRQHandler
                0x0800d32c                SPI2_IRQHandler
                0x0800d32c                OTG_HS_EP1_IN_IRQHandler
                0x0800d32c                DMA1_Stream0_IRQHandler
                0x0800d32c                CAN1_TX_IRQHandler
                0x0800d32c                FMPI2C1_ER_IRQHandler
                0x0800d32c                EXTI4_IRQHandler
                0x0800d32c                OTG_HS_EP1_OUT_IRQHandler
                0x0800d32c                WWDG_IRQHandler
                0x0800d32c                TIM2_IRQHandler
                0x0800d32c                OTG_FS_WKUP_IRQHandler
                0x0800d32c                TIM1_TRG_COM_TIM11_IRQHandler
                0x0800d32c                OTG_HS_IRQHandler
                0x0800d32c                EXTI1_IRQHandler
                0x0800d32c                I2C2_ER_IRQHandler
                0x0800d32c                DMA2_Stream1_IRQHandler
                0x0800d32c                CAN1_SCE_IRQHandler
                0x0800d32c                FLASH_IRQHandler
                0x0800d32c                DMA2_Stream4_IRQHandler
                0x0800d32c                USART1_IRQHandler
                0x0800d32c                OTG_FS_IRQHandler
                0x0800d32c                SPI3_IRQHandler
                0x0800d32c                DMA1_Stream4_IRQHandler
                0x0800d32c                I2C1_ER_IRQHandler
                0x0800d32c                FMC_IRQHandler
                0x0800d32c                DMA2_Stream6_IRQHandler
                0x0800d32c                SAI1_IRQHandler
                0x0800d32c                DMA1_Stream3_IRQHandler
 *fill*         0x0800d32e        0x2 
 .text.HAL_Init
                0x0800d330       0x44 ./Drivers/STM32F4xx_HAL_Driver/Src/stm32f4xx_hal.o
                0x0800d330                HAL_Init
 .text.HAL_InitTick
                0x0800d374       0x60 ./Drivers/STM32F4xx_HAL_Driver/Src/stm32f4xx_hal.o
                0x0800d374                HAL_InitTick
 .text.HAL_IncTick
                0x0800d3d4       0x28 ./Drivers/STM32F4xx_HAL_Driver/Src/stm32f4xx_hal.o
                0x0800d3d4                HAL_IncTick
 .text.HAL_GetTick
                0x0800d3fc       0x18 ./Drivers/STM32F4xx_HAL_Driver/Src/stm32f4xx_hal.o
                0x0800d3fc                HAL_GetTick
 .text.HAL_Delay
                0x0800d414       0x48 ./Drivers/STM32F4xx_HAL_Driver/Src/stm32f4xx_hal.o
                0x0800d414                HAL_Delay
 .text.__NVIC_SetPriorityGrouping
                0x0800d45c       0x48 ./Drivers/STM32F4xx_HAL_Driver/Src/stm32f4xx_hal_cortex.o
 .text.__NVIC_GetPriorityGrouping
                0x0800d4a4       0x1c ./Drivers/STM32F4xx_HAL_Driver/Src/stm32f4xx_hal_cortex.o
 .text.__NVIC_EnableIRQ
                0x0800d4c0       0x3c ./Drivers/STM32F4xx_HAL_Driver/Src/stm32f4xx_hal_cortex.o
 .text.__NVIC_SetPriority
                0x0800d4fc       0x54 ./Drivers/STM32F4xx_HAL_Driver/Src/stm32f4xx_hal_cortex.o
 .text.NVIC_EncodePriority
                0x0800d550       0x66 ./Drivers/STM32F4xx_HAL_Driver/Src/stm32f4xx_hal_cortex.o
 *fill*         0x0800d5b6        0x2 
 .text.SysTick_Config
                0x0800d5b8       0x44 ./Drivers/STM32F4xx_HAL_Driver/Src/stm32f4xx_hal_cortex.o
 .text.HAL_NVIC_SetPriorityGrouping
                0x0800d5fc       0x16 ./Drivers/STM32F4xx_HAL_Driver/Src/stm32f4xx_hal_cortex.o
                0x0800d5fc                HAL_NVIC_SetPriorityGrouping
 .text.HAL_NVIC_SetPriority
                0x0800d612       0x38 ./Drivers/STM32F4xx_HAL_Driver/Src/stm32f4xx_hal_cortex.o
                0x0800d612                HAL_NVIC_SetPriority
 .text.HAL_NVIC_EnableIRQ
                0x0800d64a       0x1c ./Drivers/STM32F4xx_HAL_Driver/Src/stm32f4xx_hal_cortex.o
                0x0800d64a                HAL_NVIC_EnableIRQ
 .text.HAL_SYSTICK_Config
                0x0800d666       0x18 ./Drivers/STM32F4xx_HAL_Driver/Src/stm32f4xx_hal_cortex.o
                0x0800d666                HAL_SYSTICK_Config
 .text.HAL_DMA_Abort
                0x0800d67e       0xe0 ./Drivers/STM32F4xx_HAL_Driver/Src/stm32f4xx_hal_dma.o
                0x0800d67e                HAL_DMA_Abort
 .text.HAL_DMA_Abort_IT
                0x0800d75e       0x44 ./Drivers/STM32F4xx_HAL_Driver/Src/stm32f4xx_hal_dma.o
                0x0800d75e                HAL_DMA_Abort_IT
 *fill*         0x0800d7a2        0x2 
 .text.HAL_FLASH_Program
                0x0800d7a4       0xa8 ./Drivers/STM32F4xx_HAL_Driver/Src/stm32f4xx_hal_flash.o
                0x0800d7a4                HAL_FLASH_Program
 .text.HAL_FLASH_Unlock
                0x0800d84c       0x44 ./Drivers/STM32F4xx_HAL_Driver/Src/stm32f4xx_hal_flash.o
                0x0800d84c                HAL_FLASH_Unlock
 .text.HAL_FLASH_Lock
                0x0800d890       0x20 ./Drivers/STM32F4xx_HAL_Driver/Src/stm32f4xx_hal_flash.o
                0x0800d890                HAL_FLASH_Lock
 .text.FLASH_WaitForLastOperation
                0x0800d8b0       0x80 ./Drivers/STM32F4xx_HAL_Driver/Src/stm32f4xx_hal_flash.o
                0x0800d8b0                FLASH_WaitForLastOperation
 .text.FLASH_Program_DoubleWord
                0x0800d930       0x64 ./Drivers/STM32F4xx_HAL_Driver/Src/stm32f4xx_hal_flash.o
 .text.FLASH_Program_Word
                0x0800d994       0x44 ./Drivers/STM32F4xx_HAL_Driver/Src/stm32f4xx_hal_flash.o
 .text.FLASH_Program_HalfWord
                0x0800d9d8       0x48 ./Drivers/STM32F4xx_HAL_Driver/Src/stm32f4xx_hal_flash.o
 .text.FLASH_Program_Byte
                0x0800da20       0x44 ./Drivers/STM32F4xx_HAL_Driver/Src/stm32f4xx_hal_flash.o
 .text.FLASH_SetErrorCode
                0x0800da64       0xcc ./Drivers/STM32F4xx_HAL_Driver/Src/stm32f4xx_hal_flash.o
 .text.HAL_FLASHEx_Erase
                0x0800db30       0xe0 ./Drivers/STM32F4xx_HAL_Driver/Src/stm32f4xx_hal_flash_ex.o
                0x0800db30                HAL_FLASHEx_Erase
 .text.FLASH_MassErase
                0x0800dc10       0x48 ./Drivers/STM32F4xx_HAL_Driver/Src/stm32f4xx_hal_flash_ex.o
 .text.FLASH_Erase_Sector
                0x0800dc58       0x90 ./Drivers/STM32F4xx_HAL_Driver/Src/stm32f4xx_hal_flash_ex.o
                0x0800dc58                FLASH_Erase_Sector
 .text.FLASH_FlushCaches
                0x0800dce8       0x8c ./Drivers/STM32F4xx_HAL_Driver/Src/stm32f4xx_hal_flash_ex.o
                0x0800dce8                FLASH_FlushCaches
 .text.HAL_GPIO_Init
                0x0800dd74      0x328 ./Drivers/STM32F4xx_HAL_Driver/Src/stm32f4xx_hal_gpio.o
                0x0800dd74                HAL_GPIO_Init
 .text.HAL_GPIO_ReadPin
                0x0800e09c       0x30 ./Drivers/STM32F4xx_HAL_Driver/Src/stm32f4xx_hal_gpio.o
                0x0800e09c                HAL_GPIO_ReadPin
 .text.HAL_GPIO_WritePin
                0x0800e0cc       0x32 ./Drivers/STM32F4xx_HAL_Driver/Src/stm32f4xx_hal_gpio.o
                0x0800e0cc                HAL_GPIO_WritePin
 .text.HAL_GPIO_TogglePin
                0x0800e0fe       0x34 ./Drivers/STM32F4xx_HAL_Driver/Src/stm32f4xx_hal_gpio.o
                0x0800e0fe                HAL_GPIO_TogglePin
 .text.HAL_IWDG_Init
                0x0800e132       0x84 ./Drivers/STM32F4xx_HAL_Driver/Src/stm32f4xx_hal_iwdg.o
                0x0800e132                HAL_IWDG_Init
 .text.HAL_IWDG_Refresh
                0x0800e1b6       0x20 ./Drivers/STM32F4xx_HAL_Driver/Src/stm32f4xx_hal_iwdg.o
                0x0800e1b6                HAL_IWDG_Refresh
 *fill*         0x0800e1d6        0x2 
 .text.HAL_RCC_ClockConfig
                0x0800e1d8      0x1cc ./Drivers/STM32F4xx_HAL_Driver/Src/stm32f4xx_hal_rcc.o
                0x0800e1d8                HAL_RCC_ClockConfig
 .text.HAL_RCC_GetHCLKFreq
                0x0800e3a4       0x18 ./Drivers/STM32F4xx_HAL_Driver/Src/stm32f4xx_hal_rcc.o
                0x0800e3a4                HAL_RCC_GetHCLKFreq
 .text.HAL_RCC_GetPCLK1Freq
                0x0800e3bc       0x28 ./Drivers/STM32F4xx_HAL_Driver/Src/stm32f4xx_hal_rcc.o
                0x0800e3bc                HAL_RCC_GetPCLK1Freq
 .text.HAL_RCC_GetPCLK2Freq
                0x0800e3e4       0x28 ./Drivers/STM32F4xx_HAL_Driver/Src/stm32f4xx_hal_rcc.o
                0x0800e3e4                HAL_RCC_GetPCLK2Freq
 .text.HAL_RCC_GetSysClockFreq
                0x0800e40c      0x460 ./Drivers/STM32F4xx_HAL_Driver/Src/stm32f4xx_hal_rcc_ex.o
                0x0800e40c                HAL_RCC_GetSysClockFreq
 .text.HAL_RCC_OscConfig
                0x0800e86c      0x53c ./Drivers/STM32F4xx_HAL_Driver/Src/stm32f4xx_hal_rcc_ex.o
                0x0800e86c                HAL_RCC_OscConfig
 .text.HAL_TIM_Base_Init
                0x0800eda8       0x9e ./Drivers/STM32F4xx_HAL_Driver/Src/stm32f4xx_hal_tim.o
                0x0800eda8                HAL_TIM_Base_Init
 *fill*         0x0800ee46        0x2 
 .text.HAL_TIM_Base_Start_IT
                0x0800ee48       0xe0 ./Drivers/STM32F4xx_HAL_Driver/Src/stm32f4xx_hal_tim.o
                0x0800ee48                HAL_TIM_Base_Start_IT
 .text.HAL_TIM_IRQHandler
                0x0800ef28      0x1e0 ./Drivers/STM32F4xx_HAL_Driver/Src/stm32f4xx_hal_tim.o
                0x0800ef28                HAL_TIM_IRQHandler
 .text.HAL_TIM_ConfigClockSource
                0x0800f108      0x18e ./Drivers/STM32F4xx_HAL_Driver/Src/stm32f4xx_hal_tim.o
                0x0800f108                HAL_TIM_ConfigClockSource
 .text.HAL_TIM_PeriodElapsedCallback
                0x0800f296       0x14 ./Drivers/STM32F4xx_HAL_Driver/Src/stm32f4xx_hal_tim.o
                0x0800f296                HAL_TIM_PeriodElapsedCallback
 .text.HAL_TIM_OC_DelayElapsedCallback
                0x0800f2aa       0x14 ./Drivers/STM32F4xx_HAL_Driver/Src/stm32f4xx_hal_tim.o
                0x0800f2aa                HAL_TIM_OC_DelayElapsedCallback
 .text.HAL_TIM_IC_CaptureCallback
                0x0800f2be       0x14 ./Drivers/STM32F4xx_HAL_Driver/Src/stm32f4xx_hal_tim.o
                0x0800f2be                HAL_TIM_IC_CaptureCallback
 .text.HAL_TIM_PWM_PulseFinishedCallback
                0x0800f2d2       0x14 ./Drivers/STM32F4xx_HAL_Driver/Src/stm32f4xx_hal_tim.o
                0x0800f2d2                HAL_TIM_PWM_PulseFinishedCallback
 .text.HAL_TIM_TriggerCallback
                0x0800f2e6       0x14 ./Drivers/STM32F4xx_HAL_Driver/Src/stm32f4xx_hal_tim.o
                0x0800f2e6                HAL_TIM_TriggerCallback
 *fill*         0x0800f2fa        0x2 
 .text.TIM_Base_SetConfig
                0x0800f2fc      0x158 ./Drivers/STM32F4xx_HAL_Driver/Src/stm32f4xx_hal_tim.o
                0x0800f2fc                TIM_Base_SetConfig
 .text.TIM_TI1_ConfigInputStage
                0x0800f454       0x5e ./Drivers/STM32F4xx_HAL_Driver/Src/stm32f4xx_hal_tim.o
 .text.TIM_TI2_ConfigInputStage
                0x0800f4b2       0x60 ./Drivers/STM32F4xx_HAL_Driver/Src/stm32f4xx_hal_tim.o
 .text.TIM_ITRx_SetConfig
                0x0800f512       0x36 ./Drivers/STM32F4xx_HAL_Driver/Src/stm32f4xx_hal_tim.o
 .text.TIM_ETR_SetConfig
                0x0800f548       0x40 ./Drivers/STM32F4xx_HAL_Driver/Src/stm32f4xx_hal_tim.o
                0x0800f548                TIM_ETR_SetConfig
 .text.HAL_TIMEx_MasterConfigSynchronization
                0x0800f588       0xf8 ./Drivers/STM32F4xx_HAL_Driver/Src/stm32f4xx_hal_tim_ex.o
                0x0800f588                HAL_TIMEx_MasterConfigSynchronization
 .text.HAL_TIMEx_CommutCallback
                0x0800f680       0x14 ./Drivers/STM32F4xx_HAL_Driver/Src/stm32f4xx_hal_tim_ex.o
                0x0800f680                HAL_TIMEx_CommutCallback
 .text.HAL_TIMEx_BreakCallback
                0x0800f694       0x14 ./Drivers/STM32F4xx_HAL_Driver/Src/stm32f4xx_hal_tim_ex.o
                0x0800f694                HAL_TIMEx_BreakCallback
 .text.HAL_UART_Init
                0x0800f6a8       0xa0 ./Drivers/STM32F4xx_HAL_Driver/Src/stm32f4xx_hal_uart.o
                0x0800f6a8                HAL_UART_Init
 .text.HAL_UART_Transmit
                0x0800f748      0x116 ./Drivers/STM32F4xx_HAL_Driver/Src/stm32f4xx_hal_uart.o
                0x0800f748                HAL_UART_Transmit
 *fill*         0x0800f85e        0x2 
 .text.HAL_UART_IRQHandler
                0x0800f860      0x524 ./Drivers/STM32F4xx_HAL_Driver/Src/stm32f4xx_hal_uart.o
                0x0800f860                HAL_UART_IRQHandler
 .text.HAL_UART_TxCpltCallback
                0x0800fd84       0x14 ./Drivers/STM32F4xx_HAL_Driver/Src/stm32f4xx_hal_uart.o
                0x0800fd84                HAL_UART_TxCpltCallback
 .text.HAL_UART_RxCpltCallback
                0x0800fd98       0x14 ./Drivers/STM32F4xx_HAL_Driver/Src/stm32f4xx_hal_uart.o
                0x0800fd98                HAL_UART_RxCpltCallback
 .text.HAL_UARTEx_RxEventCallback
                0x0800fdac       0x18 ./Drivers/STM32F4xx_HAL_Driver/Src/stm32f4xx_hal_uart.o
                0x0800fdac                HAL_UARTEx_RxEventCallback
 .text.UART_WaitOnFlagUntilTimeout
                0x0800fdc4       0xb2 ./Drivers/STM32F4xx_HAL_Driver/Src/stm32f4xx_hal_uart.o
 .text.UART_EndRxTransfer
                0x0800fe76       0xc6 ./Drivers/STM32F4xx_HAL_Driver/Src/stm32f4xx_hal_uart.o
 .text.UART_DMAAbortOnError
                0x0800ff3c       0x28 ./Drivers/STM32F4xx_HAL_Driver/Src/stm32f4xx_hal_uart.o
 .text.UART_Transmit_IT
                0x0800ff64       0xa0 ./Drivers/STM32F4xx_HAL_Driver/Src/stm32f4xx_hal_uart.o
 .text.UART_EndTransmit_IT
                0x08010004       0x30 ./Drivers/STM32F4xx_HAL_Driver/Src/stm32f4xx_hal_uart.o
 .text.UART_Receive_IT
                0x08010034      0x17c ./Drivers/STM32F4xx_HAL_Driver/Src/stm32f4xx_hal_uart.o
 .text.UART_SetConfig
                0x080101b0      0x4e8 ./Drivers/STM32F4xx_HAL_Driver/Src/stm32f4xx_hal_uart.o
 .text.__cvt    0x08010698       0xca C:/ST/STM32CubeIDE_1.16.1/STM32CubeIDE/plugins/com.st.stm32cube.ide.mcu.externaltools.gnu-tools-for-stm32.12.3.rel1.win32_1.0.200.202406191623/tools/bin/../lib/gcc/arm-none-eabi/12.3.1/../../../../arm-none-eabi/lib/thumb/v7e-m+fp/hard\libc_nano.a(libc_a-nano-vfprintf_float.o)
                0x08010698                __cvt
 .text.__exponent
                0x08010762       0x74 C:/ST/STM32CubeIDE_1.16.1/STM32CubeIDE/plugins/com.st.stm32cube.ide.mcu.externaltools.gnu-tools-for-stm32.12.3.rel1.win32_1.0.200.202406191623/tools/bin/../lib/gcc/arm-none-eabi/12.3.1/../../../../arm-none-eabi/lib/thumb/v7e-m+fp/hard\libc_nano.a(libc_a-nano-vfprintf_float.o)
                0x08010762                __exponent
 *fill*         0x080107d6        0x2 
 .text._printf_float
                0x080107d8      0x454 C:/ST/STM32CubeIDE_1.16.1/STM32CubeIDE/plugins/com.st.stm32cube.ide.mcu.externaltools.gnu-tools-for-stm32.12.3.rel1.win32_1.0.200.202406191623/tools/bin/../lib/gcc/arm-none-eabi/12.3.1/../../../../arm-none-eabi/lib/thumb/v7e-m+fp/hard\libc_nano.a(libc_a-nano-vfprintf_float.o)
                0x080107d8                _printf_float
 .text._printf_common
                0x08010c2c       0xda C:/ST/STM32CubeIDE_1.16.1/STM32CubeIDE/plugins/com.st.stm32cube.ide.mcu.externaltools.gnu-tools-for-stm32.12.3.rel1.win32_1.0.200.202406191623/tools/bin/../lib/gcc/arm-none-eabi/12.3.1/../../../../arm-none-eabi/lib/thumb/v7e-m+fp/hard\libc_nano.a(libc_a-nano-vfprintf_i.o)
                0x08010c2c                _printf_common
 *fill*         0x08010d06        0x2 
 .text._printf_i
                0x08010d08      0x240 C:/ST/STM32CubeIDE_1.16.1/STM32CubeIDE/plugins/com.st.stm32cube.ide.mcu.externaltools.gnu-tools-for-stm32.12.3.rel1.win32_1.0.200.202406191623/tools/bin/../lib/gcc/arm-none-eabi/12.3.1/../../../../arm-none-eabi/lib/thumb/v7e-m+fp/hard\libc_nano.a(libc_a-nano-vfprintf_i.o)
                0x08010d08                _printf_i
 .text.std      0x08010f48       0x6c C:/ST/STM32CubeIDE_1.16.1/STM32CubeIDE/plugins/com.st.stm32cube.ide.mcu.externaltools.gnu-tools-for-stm32.12.3.rel1.win32_1.0.200.202406191623/tools/bin/../lib/gcc/arm-none-eabi/12.3.1/../../../../arm-none-eabi/lib/thumb/v7e-m+fp/hard\libc_nano.a(libc_a-findfp.o)
 .text.stdio_exit_handler
                0x08010fb4       0x18 C:/ST/STM32CubeIDE_1.16.1/STM32CubeIDE/plugins/com.st.stm32cube.ide.mcu.externaltools.gnu-tools-for-stm32.12.3.rel1.win32_1.0.200.202406191623/tools/bin/../lib/gcc/arm-none-eabi/12.3.1/../../../../arm-none-eabi/lib/thumb/v7e-m+fp/hard\libc_nano.a(libc_a-findfp.o)
 .text.cleanup_stdio
                0x08010fcc       0x40 C:/ST/STM32CubeIDE_1.16.1/STM32CubeIDE/plugins/com.st.stm32cube.ide.mcu.externaltools.gnu-tools-for-stm32.12.3.rel1.win32_1.0.200.202406191623/tools/bin/../lib/gcc/arm-none-eabi/12.3.1/../../../../arm-none-eabi/lib/thumb/v7e-m+fp/hard\libc_nano.a(libc_a-findfp.o)
 .text.global_stdio_init.part.0
                0x0801100c       0x3c C:/ST/STM32CubeIDE_1.16.1/STM32CubeIDE/plugins/com.st.stm32cube.ide.mcu.externaltools.gnu-tools-for-stm32.12.3.rel1.win32_1.0.200.202406191623/tools/bin/../lib/gcc/arm-none-eabi/12.3.1/../../../../arm-none-eabi/lib/thumb/v7e-m+fp/hard\libc_nano.a(libc_a-findfp.o)
 .text.__sfp_lock_acquire
                0x08011048        0xc C:/ST/STM32CubeIDE_1.16.1/STM32CubeIDE/plugins/com.st.stm32cube.ide.mcu.externaltools.gnu-tools-for-stm32.12.3.rel1.win32_1.0.200.202406191623/tools/bin/../lib/gcc/arm-none-eabi/12.3.1/../../../../arm-none-eabi/lib/thumb/v7e-m+fp/hard\libc_nano.a(libc_a-findfp.o)
                0x08011048                __sfp_lock_acquire
 .text.__sfp_lock_release
                0x08011054        0xc C:/ST/STM32CubeIDE_1.16.1/STM32CubeIDE/plugins/com.st.stm32cube.ide.mcu.externaltools.gnu-tools-for-stm32.12.3.rel1.win32_1.0.200.202406191623/tools/bin/../lib/gcc/arm-none-eabi/12.3.1/../../../../arm-none-eabi/lib/thumb/v7e-m+fp/hard\libc_nano.a(libc_a-findfp.o)
                0x08011054                __sfp_lock_release
 .text.__sinit  0x08011060       0x30 C:/ST/STM32CubeIDE_1.16.1/STM32CubeIDE/plugins/com.st.stm32cube.ide.mcu.externaltools.gnu-tools-for-stm32.12.3.rel1.win32_1.0.200.202406191623/tools/bin/../lib/gcc/arm-none-eabi/12.3.1/../../../../arm-none-eabi/lib/thumb/v7e-m+fp/hard\libc_nano.a(libc_a-findfp.o)
                0x08011060                __sinit
 .text._fwalk_sglue
                0x08011090       0x3c C:/ST/STM32CubeIDE_1.16.1/STM32CubeIDE/plugins/com.st.stm32cube.ide.mcu.externaltools.gnu-tools-for-stm32.12.3.rel1.win32_1.0.200.202406191623/tools/bin/../lib/gcc/arm-none-eabi/12.3.1/../../../../arm-none-eabi/lib/thumb/v7e-m+fp/hard\libc_nano.a(libc_a-fwalk.o)
                0x08011090                _fwalk_sglue
 .text.sprintf  0x080110cc       0x40 C:/ST/STM32CubeIDE_1.16.1/STM32CubeIDE/plugins/com.st.stm32cube.ide.mcu.externaltools.gnu-tools-for-stm32.12.3.rel1.win32_1.0.200.202406191623/tools/bin/../lib/gcc/arm-none-eabi/12.3.1/../../../../arm-none-eabi/lib/thumb/v7e-m+fp/hard\libc_nano.a(libc_a-sprintf.o)
                0x080110cc                siprintf
                0x080110cc                sprintf
 .text.__sread  0x0801110c       0x22 C:/ST/STM32CubeIDE_1.16.1/STM32CubeIDE/plugins/com.st.stm32cube.ide.mcu.externaltools.gnu-tools-for-stm32.12.3.rel1.win32_1.0.200.202406191623/tools/bin/../lib/gcc/arm-none-eabi/12.3.1/../../../../arm-none-eabi/lib/thumb/v7e-m+fp/hard\libc_nano.a(libc_a-stdio.o)
                0x0801110c                __sread
 .text.__swrite
                0x0801112e       0x38 C:/ST/STM32CubeIDE_1.16.1/STM32CubeIDE/plugins/com.st.stm32cube.ide.mcu.externaltools.gnu-tools-for-stm32.12.3.rel1.win32_1.0.200.202406191623/tools/bin/../lib/gcc/arm-none-eabi/12.3.1/../../../../arm-none-eabi/lib/thumb/v7e-m+fp/hard\libc_nano.a(libc_a-stdio.o)
                0x0801112e                __swrite
 .text.__sseek  0x08011166       0x24 C:/ST/STM32CubeIDE_1.16.1/STM32CubeIDE/plugins/com.st.stm32cube.ide.mcu.externaltools.gnu-tools-for-stm32.12.3.rel1.win32_1.0.200.202406191623/tools/bin/../lib/gcc/arm-none-eabi/12.3.1/../../../../arm-none-eabi/lib/thumb/v7e-m+fp/hard\libc_nano.a(libc_a-stdio.o)
                0x08011166                __sseek
 .text.__sclose
                0x0801118a        0x8 C:/ST/STM32CubeIDE_1.16.1/STM32CubeIDE/plugins/com.st.stm32cube.ide.mcu.externaltools.gnu-tools-for-stm32.12.3.rel1.win32_1.0.200.202406191623/tools/bin/../lib/gcc/arm-none-eabi/12.3.1/../../../../arm-none-eabi/lib/thumb/v7e-m+fp/hard\libc_nano.a(libc_a-stdio.o)
                0x0801118a                __sclose
 *fill*         0x08011192        0x2 
 .text._vsprintf_r
                0x08011194       0x2c C:/ST/STM32CubeIDE_1.16.1/STM32CubeIDE/plugins/com.st.stm32cube.ide.mcu.externaltools.gnu-tools-for-stm32.12.3.rel1.win32_1.0.200.202406191623/tools/bin/../lib/gcc/arm-none-eabi/12.3.1/../../../../arm-none-eabi/lib/thumb/v7e-m+fp/hard\libc_nano.a(libc_a-vsprintf.o)
                0x08011194                _vsprintf_r
                0x08011194                _vsiprintf_r
 .text.vsprintf
                0x080111c0       0x14 C:/ST/STM32CubeIDE_1.16.1/STM32CubeIDE/plugins/com.st.stm32cube.ide.mcu.externaltools.gnu-tools-for-stm32.12.3.rel1.win32_1.0.200.202406191623/tools/bin/../lib/gcc/arm-none-eabi/12.3.1/../../../../arm-none-eabi/lib/thumb/v7e-m+fp/hard\libc_nano.a(libc_a-vsprintf.o)
                0x080111c0                vsiprintf
                0x080111c0                vsprintf
 .text.memset   0x080111d4       0x10 C:/ST/STM32CubeIDE_1.16.1/STM32CubeIDE/plugins/com.st.stm32cube.ide.mcu.externaltools.gnu-tools-for-stm32.12.3.rel1.win32_1.0.200.202406191623/tools/bin/../lib/gcc/arm-none-eabi/12.3.1/../../../../arm-none-eabi/lib/thumb/v7e-m+fp/hard\libc_nano.a(libc_a-memset.o)
                0x080111d4                memset
 .text.strcat   0x080111e4       0x1e C:/ST/STM32CubeIDE_1.16.1/STM32CubeIDE/plugins/com.st.stm32cube.ide.mcu.externaltools.gnu-tools-for-stm32.12.3.rel1.win32_1.0.200.202406191623/tools/bin/../lib/gcc/arm-none-eabi/12.3.1/../../../../arm-none-eabi/lib/thumb/v7e-m+fp/hard\libc_nano.a(libc_a-strcat.o)
                0x080111e4                strcat
 *fill*         0x08011202        0x2 
 .text._localeconv_r
                0x08011204        0x8 C:/ST/STM32CubeIDE_1.16.1/STM32CubeIDE/plugins/com.st.stm32cube.ide.mcu.externaltools.gnu-tools-for-stm32.12.3.rel1.win32_1.0.200.202406191623/tools/bin/../lib/gcc/arm-none-eabi/12.3.1/../../../../arm-none-eabi/lib/thumb/v7e-m+fp/hard\libc_nano.a(libc_a-localeconv.o)
                0x08011204                _localeconv_r
 .text._close_r
                0x0801120c       0x20 C:/ST/STM32CubeIDE_1.16.1/STM32CubeIDE/plugins/com.st.stm32cube.ide.mcu.externaltools.gnu-tools-for-stm32.12.3.rel1.win32_1.0.200.202406191623/tools/bin/../lib/gcc/arm-none-eabi/12.3.1/../../../../arm-none-eabi/lib/thumb/v7e-m+fp/hard\libc_nano.a(libc_a-closer.o)
                0x0801120c                _close_r
 .text._lseek_r
                0x0801122c       0x24 C:/ST/STM32CubeIDE_1.16.1/STM32CubeIDE/plugins/com.st.stm32cube.ide.mcu.externaltools.gnu-tools-for-stm32.12.3.rel1.win32_1.0.200.202406191623/tools/bin/../lib/gcc/arm-none-eabi/12.3.1/../../../../arm-none-eabi/lib/thumb/v7e-m+fp/hard\libc_nano.a(libc_a-lseekr.o)
                0x0801122c                _lseek_r
 .text._read_r  0x08011250       0x24 C:/ST/STM32CubeIDE_1.16.1/STM32CubeIDE/plugins/com.st.stm32cube.ide.mcu.externaltools.gnu-tools-for-stm32.12.3.rel1.win32_1.0.200.202406191623/tools/bin/../lib/gcc/arm-none-eabi/12.3.1/../../../../arm-none-eabi/lib/thumb/v7e-m+fp/hard\libc_nano.a(libc_a-readr.o)
                0x08011250                _read_r
 .text._write_r
                0x08011274       0x24 C:/ST/STM32CubeIDE_1.16.1/STM32CubeIDE/plugins/com.st.stm32cube.ide.mcu.externaltools.gnu-tools-for-stm32.12.3.rel1.win32_1.0.200.202406191623/tools/bin/../lib/gcc/arm-none-eabi/12.3.1/../../../../arm-none-eabi/lib/thumb/v7e-m+fp/hard\libc_nano.a(libc_a-writer.o)
                0x08011274                _write_r
 .text.__errno  0x08011298        0xc C:/ST/STM32CubeIDE_1.16.1/STM32CubeIDE/plugins/com.st.stm32cube.ide.mcu.externaltools.gnu-tools-for-stm32.12.3.rel1.win32_1.0.200.202406191623/tools/bin/../lib/gcc/arm-none-eabi/12.3.1/../../../../arm-none-eabi/lib/thumb/v7e-m+fp/hard\libc_nano.a(libc_a-errno.o)
                0x08011298                __errno
 .text.__libc_init_array
                0x080112a4       0x48 C:/ST/STM32CubeIDE_1.16.1/STM32CubeIDE/plugins/com.st.stm32cube.ide.mcu.externaltools.gnu-tools-for-stm32.12.3.rel1.win32_1.0.200.202406191623/tools/bin/../lib/gcc/arm-none-eabi/12.3.1/../../../../arm-none-eabi/lib/thumb/v7e-m+fp/hard\libc_nano.a(libc_a-init.o)
                0x080112a4                __libc_init_array
 .text.__retarget_lock_init_recursive
                0x080112ec        0x2 C:/ST/STM32CubeIDE_1.16.1/STM32CubeIDE/plugins/com.st.stm32cube.ide.mcu.externaltools.gnu-tools-for-stm32.12.3.rel1.win32_1.0.200.202406191623/tools/bin/../lib/gcc/arm-none-eabi/12.3.1/../../../../arm-none-eabi/lib/thumb/v7e-m+fp/hard\libc_nano.a(libc_a-lock.o)
                0x080112ec                __retarget_lock_init_recursive
 .text.__retarget_lock_acquire_recursive
                0x080112ee        0x2 C:/ST/STM32CubeIDE_1.16.1/STM32CubeIDE/plugins/com.st.stm32cube.ide.mcu.externaltools.gnu-tools-for-stm32.12.3.rel1.win32_1.0.200.202406191623/tools/bin/../lib/gcc/arm-none-eabi/12.3.1/../../../../arm-none-eabi/lib/thumb/v7e-m+fp/hard\libc_nano.a(libc_a-lock.o)
                0x080112ee                __retarget_lock_acquire_recursive
 .text.__retarget_lock_release_recursive
                0x080112f0        0x2 C:/ST/STM32CubeIDE_1.16.1/STM32CubeIDE/plugins/com.st.stm32cube.ide.mcu.externaltools.gnu-tools-for-stm32.12.3.rel1.win32_1.0.200.202406191623/tools/bin/../lib/gcc/arm-none-eabi/12.3.1/../../../../arm-none-eabi/lib/thumb/v7e-m+fp/hard\libc_nano.a(libc_a-lock.o)
                0x080112f0                __retarget_lock_release_recursive
 .text.memcpy   0x080112f2       0x1c C:/ST/STM32CubeIDE_1.16.1/STM32CubeIDE/plugins/com.st.stm32cube.ide.mcu.externaltools.gnu-tools-for-stm32.12.3.rel1.win32_1.0.200.202406191623/tools/bin/../lib/gcc/arm-none-eabi/12.3.1/../../../../arm-none-eabi/lib/thumb/v7e-m+fp/hard\libc_nano.a(libc_a-memcpy-stub.o)
                0x080112f2                memcpy
 .text.quorem   0x0801130e      0x110 C:/ST/STM32CubeIDE_1.16.1/STM32CubeIDE/plugins/com.st.stm32cube.ide.mcu.externaltools.gnu-tools-for-stm32.12.3.rel1.win32_1.0.200.202406191623/tools/bin/../lib/gcc/arm-none-eabi/12.3.1/../../../../arm-none-eabi/lib/thumb/v7e-m+fp/hard\libc_nano.a(libc_a-dtoa.o)
 *fill*         0x0801141e        0x2 
 .text._dtoa_r  0x08011420      0xb88 C:/ST/STM32CubeIDE_1.16.1/STM32CubeIDE/plugins/com.st.stm32cube.ide.mcu.externaltools.gnu-tools-for-stm32.12.3.rel1.win32_1.0.200.202406191623/tools/bin/../lib/gcc/arm-none-eabi/12.3.1/../../../../arm-none-eabi/lib/thumb/v7e-m+fp/hard\libc_nano.a(libc_a-dtoa.o)
                0x08011420                _dtoa_r
 .text._free_r  0x08011fa8       0x94 C:/ST/STM32CubeIDE_1.16.1/STM32CubeIDE/plugins/com.st.stm32cube.ide.mcu.externaltools.gnu-tools-for-stm32.12.3.rel1.win32_1.0.200.202406191623/tools/bin/../lib/gcc/arm-none-eabi/12.3.1/../../../../arm-none-eabi/lib/thumb/v7e-m+fp/hard\libc_nano.a(libc_a-freer.o)
                0x08011fa8                _free_r
 .text.malloc   0x0801203c       0x10 C:/ST/STM32CubeIDE_1.16.1/STM32CubeIDE/plugins/com.st.stm32cube.ide.mcu.externaltools.gnu-tools-for-stm32.12.3.rel1.win32_1.0.200.202406191623/tools/bin/../lib/gcc/arm-none-eabi/12.3.1/../../../../arm-none-eabi/lib/thumb/v7e-m+fp/hard\libc_nano.a(libc_a-malloc.o)
                0x0801203c                malloc
 .text.sbrk_aligned
                0x0801204c       0x44 C:/ST/STM32CubeIDE_1.16.1/STM32CubeIDE/plugins/com.st.stm32cube.ide.mcu.externaltools.gnu-tools-for-stm32.12.3.rel1.win32_1.0.200.202406191623/tools/bin/../lib/gcc/arm-none-eabi/12.3.1/../../../../arm-none-eabi/lib/thumb/v7e-m+fp/hard\libc_nano.a(libc_a-mallocr.o)
 .text._malloc_r
                0x08012090      0x100 C:/ST/STM32CubeIDE_1.16.1/STM32CubeIDE/plugins/com.st.stm32cube.ide.mcu.externaltools.gnu-tools-for-stm32.12.3.rel1.win32_1.0.200.202406191623/tools/bin/../lib/gcc/arm-none-eabi/12.3.1/../../../../arm-none-eabi/lib/thumb/v7e-m+fp/hard\libc_nano.a(libc_a-mallocr.o)
                0x08012090                _malloc_r
 .text.__malloc_lock
                0x08012190        0xc C:/ST/STM32CubeIDE_1.16.1/STM32CubeIDE/plugins/com.st.stm32cube.ide.mcu.externaltools.gnu-tools-for-stm32.12.3.rel1.win32_1.0.200.202406191623/tools/bin/../lib/gcc/arm-none-eabi/12.3.1/../../../../arm-none-eabi/lib/thumb/v7e-m+fp/hard\libc_nano.a(libc_a-mlock.o)
                0x08012190                __malloc_lock
 .text.__malloc_unlock
                0x0801219c        0xc C:/ST/STM32CubeIDE_1.16.1/STM32CubeIDE/plugins/com.st.stm32cube.ide.mcu.externaltools.gnu-tools-for-stm32.12.3.rel1.win32_1.0.200.202406191623/tools/bin/../lib/gcc/arm-none-eabi/12.3.1/../../../../arm-none-eabi/lib/thumb/v7e-m+fp/hard\libc_nano.a(libc_a-mlock.o)
                0x0801219c                __malloc_unlock
 .text._Balloc  0x080121a8       0x80 C:/ST/STM32CubeIDE_1.16.1/STM32CubeIDE/plugins/com.st.stm32cube.ide.mcu.externaltools.gnu-tools-for-stm32.12.3.rel1.win32_1.0.200.202406191623/tools/bin/../lib/gcc/arm-none-eabi/12.3.1/../../../../arm-none-eabi/lib/thumb/v7e-m+fp/hard\libc_nano.a(libc_a-mprec.o)
                0x080121a8                _Balloc
 .text._Bfree   0x08012228       0x44 C:/ST/STM32CubeIDE_1.16.1/STM32CubeIDE/plugins/com.st.stm32cube.ide.mcu.externaltools.gnu-tools-for-stm32.12.3.rel1.win32_1.0.200.202406191623/tools/bin/../lib/gcc/arm-none-eabi/12.3.1/../../../../arm-none-eabi/lib/thumb/v7e-m+fp/hard\libc_nano.a(libc_a-mprec.o)
                0x08012228                _Bfree
 .text.__multadd
                0x0801226c       0x8c C:/ST/STM32CubeIDE_1.16.1/STM32CubeIDE/plugins/com.st.stm32cube.ide.mcu.externaltools.gnu-tools-for-stm32.12.3.rel1.win32_1.0.200.202406191623/tools/bin/../lib/gcc/arm-none-eabi/12.3.1/../../../../arm-none-eabi/lib/thumb/v7e-m+fp/hard\libc_nano.a(libc_a-mprec.o)
                0x0801226c                __multadd
 .text.__hi0bits
                0x080122f8       0x3e C:/ST/STM32CubeIDE_1.16.1/STM32CubeIDE/plugins/com.st.stm32cube.ide.mcu.externaltools.gnu-tools-for-stm32.12.3.rel1.win32_1.0.200.202406191623/tools/bin/../lib/gcc/arm-none-eabi/12.3.1/../../../../arm-none-eabi/lib/thumb/v7e-m+fp/hard\libc_nano.a(libc_a-mprec.o)
                0x080122f8                __hi0bits
 .text.__lo0bits
                0x08012336       0x5a C:/ST/STM32CubeIDE_1.16.1/STM32CubeIDE/plugins/com.st.stm32cube.ide.mcu.externaltools.gnu-tools-for-stm32.12.3.rel1.win32_1.0.200.202406191623/tools/bin/../lib/gcc/arm-none-eabi/12.3.1/../../../../arm-none-eabi/lib/thumb/v7e-m+fp/hard\libc_nano.a(libc_a-mprec.o)
                0x08012336                __lo0bits
 .text.__i2b    0x08012390       0x2c C:/ST/STM32CubeIDE_1.16.1/STM32CubeIDE/plugins/com.st.stm32cube.ide.mcu.externaltools.gnu-tools-for-stm32.12.3.rel1.win32_1.0.200.202406191623/tools/bin/../lib/gcc/arm-none-eabi/12.3.1/../../../../arm-none-eabi/lib/thumb/v7e-m+fp/hard\libc_nano.a(libc_a-mprec.o)
                0x08012390                __i2b
 .text.__multiply
                0x080123bc      0x154 C:/ST/STM32CubeIDE_1.16.1/STM32CubeIDE/plugins/com.st.stm32cube.ide.mcu.externaltools.gnu-tools-for-stm32.12.3.rel1.win32_1.0.200.202406191623/tools/bin/../lib/gcc/arm-none-eabi/12.3.1/../../../../arm-none-eabi/lib/thumb/v7e-m+fp/hard\libc_nano.a(libc_a-mprec.o)
                0x080123bc                __multiply
 .text.__pow5mult
                0x08012510       0xb4 C:/ST/STM32CubeIDE_1.16.1/STM32CubeIDE/plugins/com.st.stm32cube.ide.mcu.externaltools.gnu-tools-for-stm32.12.3.rel1.win32_1.0.200.202406191623/tools/bin/../lib/gcc/arm-none-eabi/12.3.1/../../../../arm-none-eabi/lib/thumb/v7e-m+fp/hard\libc_nano.a(libc_a-mprec.o)
                0x08012510                __pow5mult
 .text.__lshift
                0x080125c4       0xd8 C:/ST/STM32CubeIDE_1.16.1/STM32CubeIDE/plugins/com.st.stm32cube.ide.mcu.externaltools.gnu-tools-for-stm32.12.3.rel1.win32_1.0.200.202406191623/tools/bin/../lib/gcc/arm-none-eabi/12.3.1/../../../../arm-none-eabi/lib/thumb/v7e-m+fp/hard\libc_nano.a(libc_a-mprec.o)
                0x080125c4                __lshift
 .text.__mcmp   0x0801269c       0x36 C:/ST/STM32CubeIDE_1.16.1/STM32CubeIDE/plugins/com.st.stm32cube.ide.mcu.externaltools.gnu-tools-for-stm32.12.3.rel1.win32_1.0.200.202406191623/tools/bin/../lib/gcc/arm-none-eabi/12.3.1/../../../../arm-none-eabi/lib/thumb/v7e-m+fp/hard\libc_nano.a(libc_a-mprec.o)
                0x0801269c                __mcmp
 *fill*         0x080126d2        0x2 
 .text.__mdiff  0x080126d4      0x128 C:/ST/STM32CubeIDE_1.16.1/STM32CubeIDE/plugins/com.st.stm32cube.ide.mcu.externaltools.gnu-tools-for-stm32.12.3.rel1.win32_1.0.200.202406191623/tools/bin/../lib/gcc/arm-none-eabi/12.3.1/../../../../arm-none-eabi/lib/thumb/v7e-m+fp/hard\libc_nano.a(libc_a-mprec.o)
                0x080126d4                __mdiff
 .text.__d2b    0x080127fc       0xb0 C:/ST/STM32CubeIDE_1.16.1/STM32CubeIDE/plugins/com.st.stm32cube.ide.mcu.externaltools.gnu-tools-for-stm32.12.3.rel1.win32_1.0.200.202406191623/tools/bin/../lib/gcc/arm-none-eabi/12.3.1/../../../../arm-none-eabi/lib/thumb/v7e-m+fp/hard\libc_nano.a(libc_a-mprec.o)
                0x080127fc                __d2b
 .text.__ssputs_r
                0x080128ac       0xb6 C:/ST/STM32CubeIDE_1.16.1/STM32CubeIDE/plugins/com.st.stm32cube.ide.mcu.externaltools.gnu-tools-for-stm32.12.3.rel1.win32_1.0.200.202406191623/tools/bin/../lib/gcc/arm-none-eabi/12.3.1/../../../../arm-none-eabi/lib/thumb/v7e-m+fp/hard\libc_nano.a(libc_a-nano-svfprintf.o)
                0x080128ac                __ssputs_r
 *fill*         0x08012962        0x2 
 .text._svfprintf_r
                0x08012964      0x1f8 C:/ST/STM32CubeIDE_1.16.1/STM32CubeIDE/plugins/com.st.stm32cube.ide.mcu.externaltools.gnu-tools-for-stm32.12.3.rel1.win32_1.0.200.202406191623/tools/bin/../lib/gcc/arm-none-eabi/12.3.1/../../../../arm-none-eabi/lib/thumb/v7e-m+fp/hard\libc_nano.a(libc_a-nano-svfprintf.o)
                0x08012964                _svfiprintf_r
                0x08012964                _svfprintf_r
 .text.__sflush_r
                0x08012b5c      0x108 C:/ST/STM32CubeIDE_1.16.1/STM32CubeIDE/plugins/com.st.stm32cube.ide.mcu.externaltools.gnu-tools-for-stm32.12.3.rel1.win32_1.0.200.202406191623/tools/bin/../lib/gcc/arm-none-eabi/12.3.1/../../../../arm-none-eabi/lib/thumb/v7e-m+fp/hard\libc_nano.a(libc_a-fflush.o)
                0x08012b5c                __sflush_r
 .text._fflush_r
                0x08012c64       0x50 C:/ST/STM32CubeIDE_1.16.1/STM32CubeIDE/plugins/com.st.stm32cube.ide.mcu.externaltools.gnu-tools-for-stm32.12.3.rel1.win32_1.0.200.202406191623/tools/bin/../lib/gcc/arm-none-eabi/12.3.1/../../../../arm-none-eabi/lib/thumb/v7e-m+fp/hard\libc_nano.a(libc_a-fflush.o)
                0x08012c64                _fflush_r
 .text.memmove  0x08012cb4       0x34 C:/ST/STM32CubeIDE_1.16.1/STM32CubeIDE/plugins/com.st.stm32cube.ide.mcu.externaltools.gnu-tools-for-stm32.12.3.rel1.win32_1.0.200.202406191623/tools/bin/../lib/gcc/arm-none-eabi/12.3.1/../../../../arm-none-eabi/lib/thumb/v7e-m+fp/hard\libc_nano.a(libc_a-memmove.o)
                0x08012cb4                memmove
 .text._sbrk_r  0x08012ce8       0x20 C:/ST/STM32CubeIDE_1.16.1/STM32CubeIDE/plugins/com.st.stm32cube.ide.mcu.externaltools.gnu-tools-for-stm32.12.3.rel1.win32_1.0.200.202406191623/tools/bin/../lib/gcc/arm-none-eabi/12.3.1/../../../../arm-none-eabi/lib/thumb/v7e-m+fp/hard\libc_nano.a(libc_a-sbrkr.o)
                0x08012ce8                _sbrk_r
 .text.__assert_func
                0x08012d08       0x3c C:/ST/STM32CubeIDE_1.16.1/STM32CubeIDE/plugins/com.st.stm32cube.ide.mcu.externaltools.gnu-tools-for-stm32.12.3.rel1.win32_1.0.200.202406191623/tools/bin/../lib/gcc/arm-none-eabi/12.3.1/../../../../arm-none-eabi/lib/thumb/v7e-m+fp/hard\libc_nano.a(libc_a-assert.o)
                0x08012d08                __assert_func
 .text._calloc_r
                0x08012d44       0x28 C:/ST/STM32CubeIDE_1.16.1/STM32CubeIDE/plugins/com.st.stm32cube.ide.mcu.externaltools.gnu-tools-for-stm32.12.3.rel1.win32_1.0.200.202406191623/tools/bin/../lib/gcc/arm-none-eabi/12.3.1/../../../../arm-none-eabi/lib/thumb/v7e-m+fp/hard\libc_nano.a(libc_a-callocr.o)
                0x08012d44                _calloc_r
 .text.__ascii_mbtowc
                0x08012d6c       0x24 C:/ST/STM32CubeIDE_1.16.1/STM32CubeIDE/plugins/com.st.stm32cube.ide.mcu.externaltools.gnu-tools-for-stm32.12.3.rel1.win32_1.0.200.202406191623/tools/bin/../lib/gcc/arm-none-eabi/12.3.1/../../../../arm-none-eabi/lib/thumb/v7e-m+fp/hard\libc_nano.a(libc_a-mbtowc_r.o)
                0x08012d6c                __ascii_mbtowc
 .text._realloc_r
                0x08012d90       0x5c C:/ST/STM32CubeIDE_1.16.1/STM32CubeIDE/plugins/com.st.stm32cube.ide.mcu.externaltools.gnu-tools-for-stm32.12.3.rel1.win32_1.0.200.202406191623/tools/bin/../lib/gcc/arm-none-eabi/12.3.1/../../../../arm-none-eabi/lib/thumb/v7e-m+fp/hard\libc_nano.a(libc_a-reallocr.o)
                0x08012d90                _realloc_r
 .text.__ascii_wctomb
                0x08012dec       0x1a C:/ST/STM32CubeIDE_1.16.1/STM32CubeIDE/plugins/com.st.stm32cube.ide.mcu.externaltools.gnu-tools-for-stm32.12.3.rel1.win32_1.0.200.202406191623/tools/bin/../lib/gcc/arm-none-eabi/12.3.1/../../../../arm-none-eabi/lib/thumb/v7e-m+fp/hard\libc_nano.a(libc_a-wctomb_r.o)
                0x08012dec                __ascii_wctomb
 *fill*         0x08012e06        0x2 
 .text.fprintf  0x08012e08       0x24 C:/ST/STM32CubeIDE_1.16.1/STM32CubeIDE/plugins/com.st.stm32cube.ide.mcu.externaltools.gnu-tools-for-stm32.12.3.rel1.win32_1.0.200.202406191623/tools/bin/../lib/gcc/arm-none-eabi/12.3.1/../../../../arm-none-eabi/lib/thumb/v7e-m+fp/hard\libc_nano.a(libc_a-fprintf.o)
                0x08012e08                fiprintf
                0x08012e08                fprintf
 .text.abort    0x08012e2c        0xe C:/ST/STM32CubeIDE_1.16.1/STM32CubeIDE/plugins/com.st.stm32cube.ide.mcu.externaltools.gnu-tools-for-stm32.12.3.rel1.win32_1.0.200.202406191623/tools/bin/../lib/gcc/arm-none-eabi/12.3.1/../../../../arm-none-eabi/lib/thumb/v7e-m+fp/hard\libc_nano.a(libc_a-abort.o)
                0x08012e2c                abort
 .text._malloc_usable_size_r
                0x08012e3a       0x10 C:/ST/STM32CubeIDE_1.16.1/STM32CubeIDE/plugins/com.st.stm32cube.ide.mcu.externaltools.gnu-tools-for-stm32.12.3.rel1.win32_1.0.200.202406191623/tools/bin/../lib/gcc/arm-none-eabi/12.3.1/../../../../arm-none-eabi/lib/thumb/v7e-m+fp/hard\libc_nano.a(libc_a-msizer.o)
                0x08012e3a                _malloc_usable_size_r
 .text.__sfputc_r
                0x08012e4a       0x2e C:/ST/STM32CubeIDE_1.16.1/STM32CubeIDE/plugins/com.st.stm32cube.ide.mcu.externaltools.gnu-tools-for-stm32.12.3.rel1.win32_1.0.200.202406191623/tools/bin/../lib/gcc/arm-none-eabi/12.3.1/../../../../arm-none-eabi/lib/thumb/v7e-m+fp/hard\libc_nano.a(libc_a-nano-vfprintf.o)
 .text.__sfputs_r
                0x08012e78       0x24 C:/ST/STM32CubeIDE_1.16.1/STM32CubeIDE/plugins/com.st.stm32cube.ide.mcu.externaltools.gnu-tools-for-stm32.12.3.rel1.win32_1.0.200.202406191623/tools/bin/../lib/gcc/arm-none-eabi/12.3.1/../../../../arm-none-eabi/lib/thumb/v7e-m+fp/hard\libc_nano.a(libc_a-nano-vfprintf.o)
                0x08012e78                __sfputs_r
 .text._vfprintf_r
                0x08012e9c      0x230 C:/ST/STM32CubeIDE_1.16.1/STM32CubeIDE/plugins/com.st.stm32cube.ide.mcu.externaltools.gnu-tools-for-stm32.12.3.rel1.win32_1.0.200.202406191623/tools/bin/../lib/gcc/arm-none-eabi/12.3.1/../../../../arm-none-eabi/lib/thumb/v7e-m+fp/hard\libc_nano.a(libc_a-nano-vfprintf.o)
                0x08012e9c                _vfprintf_r
                0x08012e9c                _vfiprintf_r
 .text.__swbuf_r
                0x080130cc       0x7c C:/ST/STM32CubeIDE_1.16.1/STM32CubeIDE/plugins/com.st.stm32cube.ide.mcu.externaltools.gnu-tools-for-stm32.12.3.rel1.win32_1.0.200.202406191623/tools/bin/../lib/gcc/arm-none-eabi/12.3.1/../../../../arm-none-eabi/lib/thumb/v7e-m+fp/hard\libc_nano.a(libc_a-wbuf.o)
                0x080130cc                __swbuf_r
 .text.__swsetup_r
                0x08013148       0xac C:/ST/STM32CubeIDE_1.16.1/STM32CubeIDE/plugins/com.st.stm32cube.ide.mcu.externaltools.gnu-tools-for-stm32.12.3.rel1.win32_1.0.200.202406191623/tools/bin/../lib/gcc/arm-none-eabi/12.3.1/../../../../arm-none-eabi/lib/thumb/v7e-m+fp/hard\libc_nano.a(libc_a-wsetup.o)
                0x08013148                __swsetup_r
 .text._raise_r
                0x080131f4       0x50 C:/ST/STM32CubeIDE_1.16.1/STM32CubeIDE/plugins/com.st.stm32cube.ide.mcu.externaltools.gnu-tools-for-stm32.12.3.rel1.win32_1.0.200.202406191623/tools/bin/../lib/gcc/arm-none-eabi/12.3.1/../../../../arm-none-eabi/lib/thumb/v7e-m+fp/hard\libc_nano.a(libc_a-signal.o)
                0x080131f4                _raise_r
 .text.raise    0x08013244       0x10 C:/ST/STM32CubeIDE_1.16.1/STM32CubeIDE/plugins/com.st.stm32cube.ide.mcu.externaltools.gnu-tools-for-stm32.12.3.rel1.win32_1.0.200.202406191623/tools/bin/../lib/gcc/arm-none-eabi/12.3.1/../../../../arm-none-eabi/lib/thumb/v7e-m+fp/hard\libc_nano.a(libc_a-signal.o)
                0x08013244                raise
 .text._kill_r  0x08013254       0x24 C:/ST/STM32CubeIDE_1.16.1/STM32CubeIDE/plugins/com.st.stm32cube.ide.mcu.externaltools.gnu-tools-for-stm32.12.3.rel1.win32_1.0.200.202406191623/tools/bin/../lib/gcc/arm-none-eabi/12.3.1/../../../../arm-none-eabi/lib/thumb/v7e-m+fp/hard\libc_nano.a(libc_a-signalr.o)
                0x08013254                _kill_r
 .text._getpid_r
                0x08013278        0x4 C:/ST/STM32CubeIDE_1.16.1/STM32CubeIDE/plugins/com.st.stm32cube.ide.mcu.externaltools.gnu-tools-for-stm32.12.3.rel1.win32_1.0.200.202406191623/tools/bin/../lib/gcc/arm-none-eabi/12.3.1/../../../../arm-none-eabi/lib/thumb/v7e-m+fp/hard\libc_nano.a(libc_a-signalr.o)
                0x08013278                _getpid_r
 .text.__swhatbuf_r
                0x0801327c       0x4c C:/ST/STM32CubeIDE_1.16.1/STM32CubeIDE/plugins/com.st.stm32cube.ide.mcu.externaltools.gnu-tools-for-stm32.12.3.rel1.win32_1.0.200.202406191623/tools/bin/../lib/gcc/arm-none-eabi/12.3.1/../../../../arm-none-eabi/lib/thumb/v7e-m+fp/hard\libc_nano.a(libc_a-makebuf.o)
                0x0801327c                __swhatbuf_r
 .text.__smakebuf_r
                0x080132c8       0x78 C:/ST/STM32CubeIDE_1.16.1/STM32CubeIDE/plugins/com.st.stm32cube.ide.mcu.externaltools.gnu-tools-for-stm32.12.3.rel1.win32_1.0.200.202406191623/tools/bin/../lib/gcc/arm-none-eabi/12.3.1/../../../../arm-none-eabi/lib/thumb/v7e-m+fp/hard\libc_nano.a(libc_a-makebuf.o)
                0x080132c8                __smakebuf_r
 .text._fstat_r
                0x08013340       0x24 C:/ST/STM32CubeIDE_1.16.1/STM32CubeIDE/plugins/com.st.stm32cube.ide.mcu.externaltools.gnu-tools-for-stm32.12.3.rel1.win32_1.0.200.202406191623/tools/bin/../lib/gcc/arm-none-eabi/12.3.1/../../../../arm-none-eabi/lib/thumb/v7e-m+fp/hard\libc_nano.a(libc_a-fstatr.o)
                0x08013340                _fstat_r
 .text._isatty_r
                0x08013364       0x20 C:/ST/STM32CubeIDE_1.16.1/STM32CubeIDE/plugins/com.st.stm32cube.ide.mcu.externaltools.gnu-tools-for-stm32.12.3.rel1.win32_1.0.200.202406191623/tools/bin/../lib/gcc/arm-none-eabi/12.3.1/../../../../arm-none-eabi/lib/thumb/v7e-m+fp/hard\libc_nano.a(libc_a-isattyr.o)
                0x08013364                _isatty_r
 *fill*         0x08013384        0x4 
 .text.ceil     0x08013388       0xf8 C:/ST/STM32CubeIDE_1.16.1/STM32CubeIDE/plugins/com.st.stm32cube.ide.mcu.externaltools.gnu-tools-for-stm32.12.3.rel1.win32_1.0.200.202406191623/tools/bin/../lib/gcc/arm-none-eabi/12.3.1/../../../../arm-none-eabi/lib/thumb/v7e-m+fp/hard\libm.a(libm_a-s_ceil.o)
                0x08013388                ceil
 *(.glue_7)
 .glue_7        0x08013480        0x0 linker stubs
 *(.glue_7t)
 .glue_7t       0x08013480        0x0 linker stubs
 *(.eh_frame)
 .eh_frame      0x08013480        0x0 C:/ST/STM32CubeIDE_1.16.1/STM32CubeIDE/plugins/com.st.stm32cube.ide.mcu.externaltools.gnu-tools-for-stm32.12.3.rel1.win32_1.0.200.202406191623/tools/bin/../lib/gcc/arm-none-eabi/12.3.1/thumb/v7e-m+fp/hard/crtbegin.o
 *(.init)
 .init          0x08013480        0x4 C:/ST/STM32CubeIDE_1.16.1/STM32CubeIDE/plugins/com.st.stm32cube.ide.mcu.externaltools.gnu-tools-for-stm32.12.3.rel1.win32_1.0.200.202406191623/tools/bin/../lib/gcc/arm-none-eabi/12.3.1/thumb/v7e-m+fp/hard/crti.o
                0x08013480                _init
 .init          0x08013484        0x8 C:/ST/STM32CubeIDE_1.16.1/STM32CubeIDE/plugins/com.st.stm32cube.ide.mcu.externaltools.gnu-tools-for-stm32.12.3.rel1.win32_1.0.200.202406191623/tools/bin/../lib/gcc/arm-none-eabi/12.3.1/thumb/v7e-m+fp/hard/crtn.o
 *(.fini)
 .fini          0x0801348c        0x4 C:/ST/STM32CubeIDE_1.16.1/STM32CubeIDE/plugins/com.st.stm32cube.ide.mcu.externaltools.gnu-tools-for-stm32.12.3.rel1.win32_1.0.200.202406191623/tools/bin/../lib/gcc/arm-none-eabi/12.3.1/thumb/v7e-m+fp/hard/crti.o
                0x0801348c                _fini
 .fini          0x08013490        0x8 C:/ST/STM32CubeIDE_1.16.1/STM32CubeIDE/plugins/com.st.stm32cube.ide.mcu.externaltools.gnu-tools-for-stm32.12.3.rel1.win32_1.0.200.202406191623/tools/bin/../lib/gcc/arm-none-eabi/12.3.1/thumb/v7e-m+fp/hard/crtn.o
                0x08013498                        . = ALIGN (0x4)
                0x08013498                        _etext = .

.vfp11_veneer   0x08013498        0x0
 .vfp11_veneer  0x08013498        0x0 linker stubs

.v4_bx          0x08013498        0x0
 .v4_bx         0x08013498        0x0 linker stubs

.iplt           0x08013498        0x0
 .iplt          0x08013498        0x0 C:/ST/STM32CubeIDE_1.16.1/STM32CubeIDE/plugins/com.st.stm32cube.ide.mcu.externaltools.gnu-tools-for-stm32.12.3.rel1.win32_1.0.200.202406191623/tools/bin/../lib/gcc/arm-none-eabi/12.3.1/thumb/v7e-m+fp/hard/crtbegin.o

.rodata         0x08013498      0x770
                0x08013498                        . = ALIGN (0x4)
 *(.rodata)
 .rodata        0x08013498       0x32 ./Core/Src/Callbacks.o
 *fill*         0x080134ca        0x2 
 .rodata        0x080134cc       0x3e ./Core/Src/Flash_Storage.o
 *fill*         0x0801350a        0x2 
 .rodata        0x0801350c      0x196 ./Core/Src/Scheduler.o
 *fill*         0x080136a2        0x2 
 .rodata        0x080136a4       0x46 ./Core/Src/Settings.o
 *fill*         0x080136ea        0x2 
 .rodata        0x080136ec       0x89 ./Core/Src/TaskHandler.o
 *fill*         0x08013775        0x3 
 .rodata        0x08013778       0xc3 ./Core/Src/stm32f4xx_it.o
 *fill*         0x0801383b        0x1 
 .rodata        0x0801383c       0x22 ./Core/Src/Debug/Debug.o
 *fill*         0x0801385e        0x2 
 .rodata        0x08013860       0x1d ./Core/Src/Modbus/MB_Serial.o
 *(.rodata*)
 *fill*         0x0801387d        0x3 
 .rodata.AHBPrescTable
                0x08013880       0x10 ./Core/Src/system_stm32f4xx.o
                0x08013880                AHBPrescTable
 .rodata.APBPrescTable
                0x08013890        0x8 ./Core/Src/system_stm32f4xx.o
                0x08013890                APBPrescTable
 .rodata._printf_float.str1.1
                0x08013898       0x12 C:/ST/STM32CubeIDE_1.16.1/STM32CubeIDE/plugins/com.st.stm32cube.ide.mcu.externaltools.gnu-tools-for-stm32.12.3.rel1.win32_1.0.200.202406191623/tools/bin/../lib/gcc/arm-none-eabi/12.3.1/../../../../arm-none-eabi/lib/thumb/v7e-m+fp/hard\libc_nano.a(libc_a-nano-vfprintf_float.o)
 .rodata._printf_i.str1.1
                0x080138aa       0x22 C:/ST/STM32CubeIDE_1.16.1/STM32CubeIDE/plugins/com.st.stm32cube.ide.mcu.externaltools.gnu-tools-for-stm32.12.3.rel1.win32_1.0.200.202406191623/tools/bin/../lib/gcc/arm-none-eabi/12.3.1/../../../../arm-none-eabi/lib/thumb/v7e-m+fp/hard\libc_nano.a(libc_a-nano-vfprintf_i.o)
 .rodata._dtoa_r.str1.1
                0x080138cc       0x8d C:/ST/STM32CubeIDE_1.16.1/STM32CubeIDE/plugins/com.st.stm32cube.ide.mcu.externaltools.gnu-tools-for-stm32.12.3.rel1.win32_1.0.200.202406191623/tools/bin/../lib/gcc/arm-none-eabi/12.3.1/../../../../arm-none-eabi/lib/thumb/v7e-m+fp/hard\libc_nano.a(libc_a-dtoa.o)
                                 0x8f (size before relaxing)
 .rodata._Balloc.str1.1
                0x08013959       0x59 C:/ST/STM32CubeIDE_1.16.1/STM32CubeIDE/plugins/com.st.stm32cube.ide.mcu.externaltools.gnu-tools-for-stm32.12.3.rel1.win32_1.0.200.202406191623/tools/bin/../lib/gcc/arm-none-eabi/12.3.1/../../../../arm-none-eabi/lib/thumb/v7e-m+fp/hard\libc_nano.a(libc_a-mprec.o)
                                 0x70 (size before relaxing)
 .rodata.__multadd.str1.1
                0x080139b2       0x11 C:/ST/STM32CubeIDE_1.16.1/STM32CubeIDE/plugins/com.st.stm32cube.ide.mcu.externaltools.gnu-tools-for-stm32.12.3.rel1.win32_1.0.200.202406191623/tools/bin/../lib/gcc/arm-none-eabi/12.3.1/../../../../arm-none-eabi/lib/thumb/v7e-m+fp/hard\libc_nano.a(libc_a-mprec.o)
 *fill*         0x080139b2        0x2 
 .rodata.p05.0  0x080139b4        0xc C:/ST/STM32CubeIDE_1.16.1/STM32CubeIDE/plugins/com.st.stm32cube.ide.mcu.externaltools.gnu-tools-for-stm32.12.3.rel1.win32_1.0.200.202406191623/tools/bin/../lib/gcc/arm-none-eabi/12.3.1/../../../../arm-none-eabi/lib/thumb/v7e-m+fp/hard\libc_nano.a(libc_a-mprec.o)
 .rodata.__mprec_bigtens
                0x080139c0       0x28 C:/ST/STM32CubeIDE_1.16.1/STM32CubeIDE/plugins/com.st.stm32cube.ide.mcu.externaltools.gnu-tools-for-stm32.12.3.rel1.win32_1.0.200.202406191623/tools/bin/../lib/gcc/arm-none-eabi/12.3.1/../../../../arm-none-eabi/lib/thumb/v7e-m+fp/hard\libc_nano.a(libc_a-mprec.o)
                0x080139c0                __mprec_bigtens
 .rodata.__mprec_tens
                0x080139e8       0xc8 C:/ST/STM32CubeIDE_1.16.1/STM32CubeIDE/plugins/com.st.stm32cube.ide.mcu.externaltools.gnu-tools-for-stm32.12.3.rel1.win32_1.0.200.202406191623/tools/bin/../lib/gcc/arm-none-eabi/12.3.1/../../../../arm-none-eabi/lib/thumb/v7e-m+fp/hard\libc_nano.a(libc_a-mprec.o)
                0x080139e8                __mprec_tens
 .rodata._svfprintf_r.str1.1
                0x08013ab0       0x11 C:/ST/STM32CubeIDE_1.16.1/STM32CubeIDE/plugins/com.st.stm32cube.ide.mcu.externaltools.gnu-tools-for-stm32.12.3.rel1.win32_1.0.200.202406191623/tools/bin/../lib/gcc/arm-none-eabi/12.3.1/../../../../arm-none-eabi/lib/thumb/v7e-m+fp/hard\libc_nano.a(libc_a-nano-svfprintf.o)
 .rodata._setlocale_r.str1.1
                0x08013ac1        0x8 C:/ST/STM32CubeIDE_1.16.1/STM32CubeIDE/plugins/com.st.stm32cube.ide.mcu.externaltools.gnu-tools-for-stm32.12.3.rel1.win32_1.0.200.202406191623/tools/bin/../lib/gcc/arm-none-eabi/12.3.1/../../../../arm-none-eabi/lib/thumb/v7e-m+fp/hard\libc_nano.a(libc_a-locale.o)
                                  0x9 (size before relaxing)
 .rodata.str1.1
                0x08013ac9        0x2 C:/ST/STM32CubeIDE_1.16.1/STM32CubeIDE/plugins/com.st.stm32cube.ide.mcu.externaltools.gnu-tools-for-stm32.12.3.rel1.win32_1.0.200.202406191623/tools/bin/../lib/gcc/arm-none-eabi/12.3.1/../../../../arm-none-eabi/lib/thumb/v7e-m+fp/hard\libc_nano.a(libc_a-locale.o)
 .rodata.__assert_func.str1.1
                0x08013acb       0x3c C:/ST/STM32CubeIDE_1.16.1/STM32CubeIDE/plugins/com.st.stm32cube.ide.mcu.externaltools.gnu-tools-for-stm32.12.3.rel1.win32_1.0.200.202406191623/tools/bin/../lib/gcc/arm-none-eabi/12.3.1/../../../../arm-none-eabi/lib/thumb/v7e-m+fp/hard\libc_nano.a(libc_a-assert.o)
                                 0x3d (size before relaxing)
 .rodata._ctype_
                0x08013b07      0x101 C:/ST/STM32CubeIDE_1.16.1/STM32CubeIDE/plugins/com.st.stm32cube.ide.mcu.externaltools.gnu-tools-for-stm32.12.3.rel1.win32_1.0.200.202406191623/tools/bin/../lib/gcc/arm-none-eabi/12.3.1/../../../../arm-none-eabi/lib/thumb/v7e-m+fp/hard\libc_nano.a(libc_a-ctype_.o)
                0x08013b07                _ctype_
 .rodata._vfprintf_r.str1.1
                0x08013c08       0x11 C:/ST/STM32CubeIDE_1.16.1/STM32CubeIDE/plugins/com.st.stm32cube.ide.mcu.externaltools.gnu-tools-for-stm32.12.3.rel1.win32_1.0.200.202406191623/tools/bin/../lib/gcc/arm-none-eabi/12.3.1/../../../../arm-none-eabi/lib/thumb/v7e-m+fp/hard\libc_nano.a(libc_a-nano-vfprintf.o)
                0x08013c1c                        . = ALIGN (0x4)

.ARM.extab      0x08013c08        0x0
                0x08013c08                        . = ALIGN (0x4)
 *(.ARM.extab* .gnu.linkonce.armextab.*)
                0x08013c08                        . = ALIGN (0x4)

.ARM            0x08013c08        0x8
                0x08013c08                        . = ALIGN (0x4)
                0x08013c08                        __exidx_start = .
 *(.ARM.exidx*)
 .ARM.exidx     0x08013c08        0x8 C:/ST/STM32CubeIDE_1.16.1/STM32CubeIDE/plugins/com.st.stm32cube.ide.mcu.externaltools.gnu-tools-for-stm32.12.3.rel1.win32_1.0.200.202406191623/tools/bin/../lib/gcc/arm-none-eabi/12.3.1/../../../../arm-none-eabi/lib/thumb/v7e-m+fp/hard\libc_nano.a(libc_a-memchr.o)
 .ARM.exidx     0x08013c10        0x0 C:/ST/STM32CubeIDE_1.16.1/STM32CubeIDE/plugins/com.st.stm32cube.ide.mcu.externaltools.gnu-tools-for-stm32.12.3.rel1.win32_1.0.200.202406191623/tools/bin/../lib/gcc/arm-none-eabi/12.3.1/../../../../arm-none-eabi/lib/thumb/v7e-m+fp/hard\libc_nano.a(libc_a-strlen.o)
                                  0x8 (size before relaxing)
 .ARM.exidx     0x08013c10        0x0 C:/ST/STM32CubeIDE_1.16.1/STM32CubeIDE/plugins/com.st.stm32cube.ide.mcu.externaltools.gnu-tools-for-stm32.12.3.rel1.win32_1.0.200.202406191623/tools/bin/../lib/gcc/arm-none-eabi/12.3.1/thumb/v7e-m+fp/hard\libgcc.a(_udivmoddi4.o)
                                  0x8 (size before relaxing)
                0x08013c10                        __exidx_end = .
                0x08013c10                        . = ALIGN (0x4)

.rel.dyn        0x08013c10        0x0
 .rel.iplt      0x08013c10        0x0 C:/ST/STM32CubeIDE_1.16.1/STM32CubeIDE/plugins/com.st.stm32cube.ide.mcu.externaltools.gnu-tools-for-stm32.12.3.rel1.win32_1.0.200.202406191623/tools/bin/../lib/gcc/arm-none-eabi/12.3.1/thumb/v7e-m+fp/hard/crtbegin.o

.preinit_array  0x08013c10        0x0
                0x08013c10                        . = ALIGN (0x4)
                0x08013c10                        PROVIDE (__preinit_array_start = .)
 *(.preinit_array*)
                0x08013c10                        PROVIDE (__preinit_array_end = .)
                0x08013c10                        . = ALIGN (0x4)

.init_array     0x08013c10        0x4
                0x08013c10                        . = ALIGN (0x4)
                0x08013c10                        PROVIDE (__init_array_start = .)
 *(SORT_BY_NAME(.init_array.*))
 *(.init_array*)
 .init_array    0x08013c10        0x4 C:/ST/STM32CubeIDE_1.16.1/STM32CubeIDE/plugins/com.st.stm32cube.ide.mcu.externaltools.gnu-tools-for-stm32.12.3.rel1.win32_1.0.200.202406191623/tools/bin/../lib/gcc/arm-none-eabi/12.3.1/thumb/v7e-m+fp/hard/crtbegin.o
                0x08013c14                        PROVIDE (__init_array_end = .)
                0x08013c14                        . = ALIGN (0x4)

.fini_array     0x08013c14        0x4
                0x08013c14                        . = ALIGN (0x4)
                [!provide]                        PROVIDE (__fini_array_start = .)
 *(SORT_BY_NAME(.fini_array.*))
 *(.fini_array*)
 .fini_array    0x08013c14        0x4 C:/ST/STM32CubeIDE_1.16.1/STM32CubeIDE/plugins/com.st.stm32cube.ide.mcu.externaltools.gnu-tools-for-stm32.12.3.rel1.win32_1.0.200.202406191623/tools/bin/../lib/gcc/arm-none-eabi/12.3.1/thumb/v7e-m+fp/hard/crtbegin.o
                [!provide]                        PROVIDE (__fini_array_end = .)