Archive member included to satisfy reference by file (symbol)

C:/ST/STM32CubeIDE_1.16.1/STM32CubeIDE/plugins/com.st.stm32cube.ide.mcu.externaltools.gnu-tools-for-stm32.12.3.rel1.win32_1.0.200.202406191623/tools/bin/../lib/gcc/arm-none-eabi/12.3.1/../../../../arm-none-eabi/lib/thumb/v7e-m+fp/hard\libc_nano.a(libc_a-exit.o)
                              C:/ST/STM32CubeIDE_1.16.1/STM32CubeIDE/plugins/com.st.stm32cube.ide.mcu.externaltools.gnu-tools-for-stm32.12.3.rel1.win32_1.0.200.202406191623/tools/bin/../lib/gcc/arm-none-eabi/12.3.1/../../../../arm-none-eabi/lib/thumb/v7e-m+fp/hard/crt0.o (exit)
C:/ST/STM32CubeIDE_1.16.1/STM32CubeIDE/plugins/com.st.stm32cube.ide.mcu.externaltools.gnu-tools-for-stm32.12.3.rel1.win32_1.0.200.202406191623/tools/bin/../lib/gcc/arm-none-eabi/12.3.1/../../../../arm-none-eabi/lib/thumb/v7e-m+fp/hard\libc_nano.a(libc_a-qsort.o)
                              ./Core/Src/Filters/Filters.o (qsort)
C:/ST/STM32CubeIDE_1.16.1/STM32CubeIDE/plugins/com.st.stm32cube.ide.mcu.externaltools.gnu-tools-for-stm32.12.3.rel1.win32_1.0.200.202406191623/tools/bin/../lib/gcc/arm-none-eabi/12.3.1/../../../../arm-none-eabi/lib/thumb/v7e-m+fp/hard\libc_nano.a(libc_a-nano-vfprintf_float.o)
                              (_printf_float)
C:/ST/STM32CubeIDE_1.16.1/STM32CubeIDE/plugins/com.st.stm32cube.ide.mcu.externaltools.gnu-tools-for-stm32.12.3.rel1.win32_1.0.200.202406191623/tools/bin/../lib/gcc/arm-none-eabi/12.3.1/../../../../arm-none-eabi/lib/thumb/v7e-m+fp/hard\libc_nano.a(libc_a-nano-vfprintf_i.o)
                              C:/ST/STM32CubeIDE_1.16.1/STM32CubeIDE/plugins/com.st.stm32cube.ide.mcu.externaltools.gnu-tools-for-stm32.12.3.rel1.win32_1.0.200.202406191623/tools/bin/../lib/gcc/arm-none-eabi/12.3.1/../../../../arm-none-eabi/lib/thumb/v7e-m+fp/hard\libc_nano.a(libc_a-nano-vfprintf_float.o) (_printf_common)
C:/ST/STM32CubeIDE_1.16.1/STM32CubeIDE/plugins/com.st.stm32cube.ide.mcu.externaltools.gnu-tools-for-stm32.12.3.rel1.win32_1.0.200.202406191623/tools/bin/../lib/gcc/arm-none-eabi/12.3.1/../../../../arm-none-eabi/lib/thumb/v7e-m+fp/hard\libc_nano.a(libc_a-findfp.o)
                              C:/ST/STM32CubeIDE_1.16.1/STM32CubeIDE/plugins/com.st.stm32cube.ide.mcu.externaltools.gnu-tools-for-stm32.12.3.rel1.win32_1.0.200.202406191623/tools/bin/../lib/gcc/arm-none-eabi/12.3.1/../../../../arm-none-eabi/lib/thumb/v7e-m+fp/hard\libc_nano.a(libc_a-exit.o) (__stdio_exit_handler)
C:/ST/STM32CubeIDE_1.16.1/STM32CubeIDE/plugins/com.st.stm32cube.ide.mcu.externaltools.gnu-tools-for-stm32.12.3.rel1.win32_1.0.200.202406191623/tools/bin/../lib/gcc/arm-none-eabi/12.3.1/../../../../arm-none-eabi/lib/thumb/v7e-m+fp/hard\libc_nano.a(libc_a-fwalk.o)
                              C:/ST/STM32CubeIDE_1.16.1/STM32CubeIDE/plugins/com.st.stm32cube.ide.mcu.externaltools.gnu-tools-for-stm32.12.3.rel1.win32_1.0.200.202406191623/tools/bin/../lib/gcc/arm-none-eabi/12.3.1/../../../../arm-none-eabi/lib/thumb/v7e-m+fp/hard\libc_nano.a(libc_a-findfp.o) (_fwalk_sglue)
C:/ST/STM32CubeIDE_1.16.1/STM32CubeIDE/plugins/com.st.stm32cube.ide.mcu.externaltools.gnu-tools-for-stm32.12.3.rel1.win32_1.0.200.202406191623/tools/bin/../lib/gcc/arm-none-eabi/12.3.1/../../../../arm-none-eabi/lib/thumb/v7e-m+fp/hard\libc_nano.a(libc_a-sprintf.o)
                              ./Core/Src/stm32f4xx_it.o (sprintf)
C:/ST/STM32CubeIDE_1.16.1/STM32CubeIDE/plugins/com.st.stm32cube.ide.mcu.externaltools.gnu-tools-for-stm32.12.3.rel1.win32_1.0.200.202406191623/tools/bin/../lib/gcc/arm-none-eabi/12.3.1/../../../../arm-none-eabi/lib/thumb/v7e-m+fp/hard\libc_nano.a(libc_a-stdio.o)
                              C:/ST/STM32CubeIDE_1.16.1/STM32CubeIDE/plugins/com.st.stm32cube.ide.mcu.externaltools.gnu-tools-for-stm32.12.3.rel1.win32_1.0.200.202406191623/tools/bin/../lib/gcc/arm-none-eabi/12.3.1/../../../../arm-none-eabi/lib/thumb/v7e-m+fp/hard\libc_nano.a(libc_a-findfp.o) (__sread)
C:/ST/STM32CubeIDE_1.16.1/STM32CubeIDE/plugins/com.st.stm32cube.ide.mcu.externaltools.gnu-tools-for-stm32.12.3.rel1.win32_1.0.200.202406191623/tools/bin/../lib/gcc/arm-none-eabi/12.3.1/../../../../arm-none-eabi/lib/thumb/v7e-m+fp/hard\libc_nano.a(libc_a-vsprintf.o)
                              ./Core/Src/Debug/Debug.o (vsprintf)
C:/ST/STM32CubeIDE_1.16.1/STM32CubeIDE/plugins/com.st.stm32cube.ide.mcu.externaltools.gnu-tools-for-stm32.12.3.rel1.win32_1.0.200.202406191623/tools/bin/../lib/gcc/arm-none-eabi/12.3.1/../../../../arm-none-eabi/lib/thumb/v7e-m+fp/hard\libc_nano.a(libc_a-memset.o)
                              C:/ST/STM32CubeIDE_1.16.1/STM32CubeIDE/plugins/com.st.stm32cube.ide.mcu.externaltools.gnu-tools-for-stm32.12.3.rel1.win32_1.0.200.202406191623/tools/bin/../lib/gcc/arm-none-eabi/12.3.1/../../../../arm-none-eabi/lib/thumb/v7e-m+fp/hard/crt0.o (memset)
[...]
Memory Configuration

Name             Origin             Length             Attributes
RAM              0x20000000         0x00020000         xrw
VECTORS          0x08000000         0x00004000         xr
DATA             0x08004000         0x00004000         xrw
FLASH            0x08008000         0x00078000         xr
*default*        0x00000000         0xffffffff

Linker script and memory map

LOAD C:/ST/STM32CubeIDE_1.16.1/STM32CubeIDE/plugins/com.st.stm32cube.ide.mcu.externaltools.gnu-tools-for-stm32.12.3.rel1.win32_1.0.200.202406191623/tools/bin/../lib/gcc/arm-none-eabi/12.3.1/thumb/v7e-m+fp/hard/crti.o
LOAD C:/ST/STM32CubeIDE_1.16.1/STM32CubeIDE/plugins/com.st.stm32cube.ide.mcu.externaltools.gnu-tools-for-stm32.12.3.rel1.win32_1.0.200.202406191623/tools/bin/../lib/gcc/arm-none-eabi/12.3.1/thumb/v7e-m+fp/hard/crtbegin.o
LOAD C:/ST/STM32CubeIDE_1.16.1/STM32CubeIDE/plugins/com.st.stm32cube.ide.mcu.externaltools.gnu-tools-for-stm32.12.3.rel1.win32_1.0.200.202406191623/tools/bin/../lib/gcc/arm-none-eabi/12.3.1/../../../../arm-none-eabi/lib/thumb/v7e-m+fp/hard/crt0.o
LOAD ./Core/Src/Callbacks.o
LOAD ./Core/Src/DI.o
LOAD ./Core/Src/Flash_Storage.o
LOAD ./Core/Src/Scheduler.o
LOAD ./Core/Src/Settings.o
LOAD ./Core/Src/TaskHandler.o
LOAD ./Core/Src/TimeStamp.o
LOAD ./Core/Src/main.o
LOAD ./Core/Src/stm32f4xx_hal_msp.o
LOAD ./Core/Src/stm32f4xx_it.o
LOAD ./Core/Src/syscalls.o
LOAD ./Core/Src/sysmem.o
LOAD ./Core/Src/system_stm32f4xx.o
LOAD ./Core/Src/Debounce/Debounce.o
LOAD ./Core/Src/Debug/Debug.o
LOAD ./Core/Src/Filters/Filters.o
LOAD ./Core/Src/MH_Timer/mh_timer.o
LOAD ./Core/Src/Modbus/MB_CRC.o
LOAD ./Core/Src/Modbus/MB_Handler.o
LOAD ./Core/Src/Modbus/MB_RTUSlave.o
LOAD ./Core/Src/Modbus/MB_Serial.o
LOAD ./Core/Startup/startup_stm32f446retx.o
LOAD ./Drivers/STM32F4xx_HAL_Driver/Src/stm32f4xx_hal.o
LOAD ./Drivers/STM32F4xx_HAL_Driver/Src/stm32f4xx_hal_cortex.o
LOAD ./Drivers/STM32F4xx_HAL_Driver/Src/stm32f4xx_hal_dma.o
LOAD ./Drivers/STM32F4xx_HAL_Driver/Src/stm32f4xx_hal_dma_ex.o
LOAD ./Drivers/STM32F4xx_HAL_Driver/Src/stm32f4xx_hal_exti.o
LOAD ./Drivers/STM32F4xx_HAL_Driver/Src/stm32f4xx_hal_flash.o
LOAD ./Drivers/STM32F4xx_HAL_Driver/Src/stm32f4xx_hal_flash_ex.o
LOAD ./Drivers/STM32F4xx_HAL_Driver/Src/stm32f4xx_hal_flash_ramfunc.o
LOAD ./Drivers/STM32F4xx_HAL_Driver/Src/stm32f4xx_hal_gpio.o
LOAD ./Drivers/STM32F4xx_HAL_Driver/Src/stm32f4xx_hal_iwdg.o
LOAD ./Drivers/STM32F4xx_HAL_Driver/Src/stm32f4xx_hal_pwr.o
LOAD ./Drivers/STM32F4xx_HAL_Driver/Src/stm32f4xx_hal_pwr_ex.o
LOAD ./Drivers/STM32F4xx_HAL_Driver/Src/stm32f4xx_hal_rcc.o
LOAD ./Drivers/STM32F4xx_HAL_Driver/Src/stm32f4xx_hal_rcc_ex.o
LOAD ./Drivers/STM32F4xx_HAL_Driver/Src/stm32f4xx_hal_tim.o
LOAD ./Drivers/STM32F4xx_HAL_Driver/Src/stm32f4xx_hal_tim_ex.o
LOAD ./Drivers/STM32F4xx_HAL_Driver/Src/stm32f4xx_hal_uart.o
START GROUP
LOAD C:/ST/STM32CubeIDE_1.16.1/STM32CubeIDE/plugins/com.st.stm32cube.ide.mcu.externaltools.gnu-tools-for-stm32.12.3.rel1.win32_1.0.200.202406191623/tools/bin/../lib/gcc/arm-none-eabi/12.3.1/../../../../arm-none-eabi/lib/thumb/v7e-m+fp/hard\libc_nano.a
LOAD C:/ST/STM32CubeIDE_1.16.1/STM32CubeIDE/plugins/com.st.stm32cube.ide.mcu.externaltools.gnu-tools-for-stm32.12.3.rel1.win32_1.0.200.202406191623/tools/bin/../lib/gcc/arm-none-eabi/12.3.1/../../../../arm-none-eabi/lib/thumb/v7e-m+fp/hard\libm.a
END GROUP
START GROUP
LOAD C:/ST/STM32CubeIDE_1.16.1/STM32CubeIDE/plugins/com.st.stm32cube.ide.mcu.externaltools.gnu-tools-for-stm32.12.3.rel1.win32_1.0.200.202406191623/tools/bin/../lib/gcc/arm-none-eabi/12.3.1/thumb/v7e-m+fp/hard\libgcc.a
LOAD C:/ST/STM32CubeIDE_1.16.1/STM32CubeIDE/plugins/com.st.stm32cube.ide.mcu.externaltools.gnu-tools-for-stm32.12.3.rel1.win32_1.0.200.202406191623/tools/bin/../lib/gcc/arm-none-eabi/12.3.1/../../../../arm-none-eabi/lib/thumb/v7e-m+fp/hard\libc_nano.a
END GROUP
START GROUP
LOAD C:/ST/STM32CubeIDE_1.16.1/STM32CubeIDE/plugins/com.st.stm32cube.ide.mcu.externaltools.gnu-tools-for-stm32.12.3.rel1.win32_1.0.200.202406191623/tools/bin/../lib/gcc/arm-none-eabi/12.3.1/thumb/v7e-m+fp/hard\libgcc.a
LOAD C:/ST/STM32CubeIDE_1.16.1/STM32CubeIDE/plugins/com.st.stm32cube.ide.mcu.externaltools.gnu-tools-for-stm32.12.3.rel1.win32_1.0.200.202406191623/tools/bin/../lib/gcc/arm-none-eabi/12.3.1/../../../../arm-none-eabi/lib/thumb/v7e-m+fp/hard\libc_nano.a
LOAD C:/ST/STM32CubeIDE_1.16.1/STM32CubeIDE/plugins/com.st.stm32cube.ide.mcu.externaltools.gnu-tools-for-stm32.12.3.rel1.win32_1.0.200.202406191623/tools/bin/../lib/gcc/arm-none-eabi/12.3.1/../../../../arm-none-eabi/lib/thumb/v7e-m+fp/hard\libnosys.a
END GROUP
START GROUP
LOAD C:/ST/STM32CubeIDE_1.16.1/STM32CubeIDE/plugins/com.st.stm32cube.ide.mcu.externaltools.gnu-tools-for-stm32.12.3.rel1.win32_1.0.200.202406191623/tools/bin/../lib/gcc/arm-none-eabi/12.3.1/thumb/v7e-m+fp/hard\libgcc.a
LOAD C:/ST/STM32CubeIDE_1.16.1/STM32CubeIDE/plugins/com.st.stm32cube.ide.mcu.externaltools.gnu-tools-for-stm32.12.3.rel1.win32_1.0.200.202406191623/tools/bin/../lib/gcc/arm-none-eabi/12.3.1/../../../../arm-none-eabi/lib/thumb/v7e-m+fp/hard\libc_nano.a
LOAD C:/ST/STM32CubeIDE_1.16.1/STM32CubeIDE/plugins/com.st.stm32cube.ide.mcu.externaltools.gnu-tools-for-stm32.12.3.rel1.win32_1.0.200.202406191623/tools/bin/../lib/gcc/arm-none-eabi/12.3.1/../../../../arm-none-eabi/lib/thumb/v7e-m+fp/hard\libnosys.a
END GROUP
LOAD C:/ST/STM32CubeIDE_1.16.1/STM32CubeIDE/plugins/com.st.stm32cube.ide.mcu.externaltools.gnu-tools-for-stm32.12.3.rel1.win32_1.0.200.202406191623/tools/bin/../lib/gcc/arm-none-eabi/12.3.1/thumb/v7e-m+fp/hard/crtend.o
LOAD C:/ST/STM32CubeIDE_1.16.1/STM32CubeIDE/plugins/com.st.stm32cube.ide.mcu.externaltools.gnu-tools-for-stm32.12.3.rel1.win32_1.0.200.202406191623/tools/bin/../lib/gcc/arm-none-eabi/12.3.1/thumb/v7e-m+fp/hard/crtn.o
                0x20020000                        _estack = (ORIGIN (RAM) + LENGTH (RAM))
                0x00000200                        _Min_Heap_Size = 0x200
                0x00000400                        _Min_Stack_Size = 0x400

.isr_vector     0x08000000      0x1c4
                0x08000000                        . = ALIGN (0x4)
 *(.isr_vector)
 .isr_vector    0x08000000      0x1c4 ./Core/Startup/startup_stm32f446retx.o
                0x08000000                g_pfnVectors
                0x080001c4                        . = ALIGN (0x4)

.user_data      0x08004000        0x0
                0x08004000                        . = ALIGN (0x4)
 *(.user_data)
 *(.user_data*)
                0x08004000                        . = ALIGN (0x4)

.isr_vector     0x08008000        0x0
                0x08008000                        . = ALIGN (0x4)
 *(.isr_vector)
                0x08008000                        . = ALIGN (0x4)

.text           0x08008000     0xbb78
                0x08008000                        . = ALIGN (0x4)
 *(.text)
 .text          0x08008000       0x40 C:/ST/STM32CubeIDE_1.16.1/STM32CubeIDE/plugins/com.st.stm32cube.ide.mcu.externaltools.gnu-tools-for-stm32.12.3.rel1.win32_1.0.200.202406191623/tools/bin/../lib/gcc/arm-none-eabi/12.3.1/thumb/v7e-m+fp/hard/crtbegin.o
 .text          0x08008040       0xa0 C:/ST/STM32CubeIDE_1.16.1/STM32CubeIDE/plugins/com.st.stm32cube.ide.mcu.externaltools.gnu-tools-for-stm32.12.3.rel1.win32_1.0.200.202406191623/tools/bin/../lib/gcc/arm-none-eabi/12.3.1/../../../../arm-none-eabi/lib/thumb/v7e-m+fp/hard\libc_nano.a(libc_a-memchr.o)
                0x08008040                memchr
 .text          0x080080e0       0x10 C:/ST/STM32CubeIDE_1.16.1/STM32CubeIDE/plugins/com.st.stm32cube.ide.mcu.externaltools.gnu-tools-for-stm32.12.3.rel1.win32_1.0.200.202406191623/tools/bin/../lib/gcc/arm-none-eabi/12.3.1/../../../../arm-none-eabi/lib/thumb/v7e-m+fp/hard\libc_nano.a(libc_a-strlen.o)
                0x080080e0                strlen
 .text          0x080080f0      0x378 C:/ST/STM32CubeIDE_1.16.1/STM32CubeIDE/plugins/com.st.stm32cube.ide.mcu.externaltools.gnu-tools-for-stm32.12.3.rel1.win32_1.0.200.202406191623/tools/bin/../lib/gcc/arm-none-eabi/12.3.1/thumb/v7e-m+fp/hard\libgcc.a(_arm_addsubdf3.o)
                0x080080f0                __aeabi_drsub
                0x080080f8                __aeabi_dsub
                0x080080f8                __subdf3
                0x080080fc                __aeabi_dadd
                0x080080fc                __adddf3
                0x08008374                __floatunsidf
                0x08008374                __aeabi_ui2d
                0x08008394                __floatsidf
                0x08008394                __aeabi_i2d
                0x080083b8                __aeabi_f2d
                0x080083b8                __extendsfdf2
                0x080083fc                __floatundidf
                0x080083fc                __aeabi_ul2d
                0x0800840c                __floatdidf
                0x0800840c                __aeabi_l2d
 .text          0x08008468      0x424 C:/ST/STM32CubeIDE_1.16.1/STM32CubeIDE/plugins/com.st.stm32cube.ide.mcu.externaltools.gnu-tools-for-stm32.12.3.rel1.win32_1.0.200.202406191623/tools/bin/../lib/gcc/arm-none-eabi/12.3.1/thumb/v7e-m+fp/hard\libgcc.a(_arm_muldivdf3.o)
                0x08008468                __aeabi_dmul
                0x08008468                __muldf3
                0x080086bc                __divdf3
                0x080086bc                __aeabi_ddiv
 .text          0x0800888c      0x110 C:/ST/STM32CubeIDE_1.16.1/STM32CubeIDE/plugins/com.st.stm32cube.ide.mcu.externaltools.gnu-tools-for-stm32.12.3.rel1.win32_1.0.200.202406191623/tools/bin/../lib/gcc/arm-none-eabi/12.3.1/thumb/v7e-m+fp/hard\libgcc.a(_arm_cmpdf2.o)
                0x0800888c                __gtdf2
                0x0800888c                __gedf2
                0x08008894                __ltdf2
                0x08008894                __ledf2
                0x0800889c                __nedf2
                0x0800889c                __eqdf2
                0x0800889c                __cmpdf2
                0x08008918                __aeabi_cdrcmple
                0x08008928                __aeabi_cdcmpeq
                0x08008928                __aeabi_cdcmple
                0x08008938                __aeabi_dcmpeq
                0x0800894c                __aeabi_dcmplt
                0x08008960                __aeabi_dcmple
                0x08008974                __aeabi_dcmpge
                0x08008988                __aeabi_dcmpgt
 .text          0x0800899c       0x2c C:/ST/STM32CubeIDE_1.16.1/STM32CubeIDE/plugins/com.st.stm32cube.ide.mcu.externaltools.gnu-tools-for-stm32.12.3.rel1.win32_1.0.200.202406191623/tools/bin/../lib/gcc/arm-none-eabi/12.3.1/thumb/v7e-m+fp/hard\libgcc.a(_arm_unorddf2.o)
                0x0800899c                __unorddf2
                0x0800899c                __aeabi_dcmpun
 .text          0x080089c8       0x50 C:/ST/STM32CubeIDE_1.16.1/STM32CubeIDE/plugins/com.st.stm32cube.ide.mcu.externaltools.gnu-tools-for-stm32.12.3.rel1.win32_1.0.200.202406191623/tools/bin/../lib/gcc/arm-none-eabi/12.3.1/thumb/v7e-m+fp/hard\libgcc.a(_arm_fixdfsi.o)
                0x080089c8                __aeabi_d2iz
                0x080089c8                __fixdfsi
 .text          0x08008a18       0x40 C:/ST/STM32CubeIDE_1.16.1/STM32CubeIDE/plugins/com.st.stm32cube.ide.mcu.externaltools.gnu-tools-for-stm32.12.3.rel1.win32_1.0.200.202406191623/tools/bin/../lib/gcc/arm-none-eabi/12.3.1/thumb/v7e-m+fp/hard\libgcc.a(_arm_fixunsdfsi.o)
                0x08008a18                __aeabi_d2uiz
                0x08008a18                __fixunsdfsi
 .text          0x08008a58       0x30 C:/ST/STM32CubeIDE_1.16.1/STM32CubeIDE/plugins/com.st.stm32cube.ide.mcu.externaltools.gnu-tools-for-stm32.12.3.rel1.win32_1.0.200.202406191623/tools/bin/../lib/gcc/arm-none-eabi/12.3.1/thumb/v7e-m+fp/hard\libgcc.a(_aeabi_uldivmod.o)
                0x08008a58                __aeabi_uldivmod
 .text          0x08008a88       0x3c C:/ST/STM32CubeIDE_1.16.1/STM32CubeIDE/plugins/com.st.stm32cube.ide.mcu.externaltools.gnu-tools-for-stm32.12.3.rel1.win32_1.0.200.202406191623/tools/bin/../lib/gcc/arm-none-eabi/12.3.1/thumb/v7e-m+fp/hard\libgcc.a(_fixunsdfdi.o)
                0x08008a88                __fixunsdfdi
                0x08008a88                __aeabi_d2ulz
 .text          0x08008ac4      0x2bc C:/ST/STM32CubeIDE_1.16.1/STM32CubeIDE/plugins/com.st.stm32cube.ide.mcu.externaltools.gnu-tools-for-stm32.12.3.rel1.win32_1.0.200.202406191623/tools/bin/../lib/gcc/arm-none-eabi/12.3.1/thumb/v7e-m+fp/hard\libgcc.a(_udivmoddi4.o)
                0x08008ac4                __udivmoddi4
 .text          0x08008d80        0x4 C:/ST/STM32CubeIDE_1.16.1/STM32CubeIDE/plugins/com.st.stm32cube.ide.mcu.externaltools.gnu-tools-for-stm32.12.3.rel1.win32_1.0.200.202406191623/tools/bin/../lib/gcc/arm-none-eabi/12.3.1/thumb/v7e-m+fp/hard\libgcc.a(_dvmd_tls.o)
                0x08008d80                __aeabi_idiv0
                0x08008d80                __aeabi_ldiv0
 *(.text*)
 .text.PrintMBRequest
                0x08008d84       0x40 ./Core/Src/Callbacks.o
 .text.CB_MB_InitCallback
                0x08008dc4       0x3c ./Core/Src/Callbacks.o
                0x08008dc4                CB_MB_InitCallback
 .text.CB_MB_RcvByte
                0x08008e00       0x1c ./Core/Src/Callbacks.o
                0x08008e00                CB_MB_RcvByte
 .text.CB_MB_Send
                0x08008e1c       0x28 ./Core/Src/Callbacks.o
                0x08008e1c                CB_MB_Send
 .text.CB_MB_SetUpstream
                0x08008e44       0x18 ./Core/Src/Callbacks.o
                0x08008e44                CB_MB_SetUpstream
 .text.CB_MB_SetDownstream
                0x08008e5c       0x18 ./Core/Src/Callbacks.o
                0x08008e5c                CB_MB_SetDownstream
 .text.CB_MB_readDICallback
                0x08008e74       0xc8 ./Core/Src/Callbacks.o
                0x08008e74                CB_MB_readDICallback
 .text.CB_MB_writeCOCallback
                0x08008f3c      0x204 ./Core/Src/Callbacks.o
                0x08008f3c                CB_MB_writeCOCallback
 .text.CB_MB_readCOCallback
                0x08009140      0x194 ./Core/Src/Callbacks.o
                0x08009140                CB_MB_readCOCallback
 .text.CB_MB_readIRCallback
                0x080092d4       0x4c ./Core/Src/Callbacks.o
                0x080092d4                CB_MB_readIRCallback
 .text.CB_MB_writeHRCallback
                0x08009320      0x268 ./Core/Src/Callbacks.o
                0x08009320                CB_MB_writeHRCallback
 .text.CB_MB_readHRCallback
                0x08009588      0x164 ./Core/Src/Callbacks.o
                0x08009588                CB_MB_readHRCallback
 .text.FLASH_Download
                0x080096ec       0x34 ./Core/Src/Flash_Storage.o
                0x080096ec                FLASH_Download
 .text.FLASH_Upload
                0x08009720       0x18 ./Core/Src/Flash_Storage.o
                0x08009720                FLASH_Upload
 .text.FLASH_CheckForChanges
                0x08009738       0x48 ./Core/Src/Flash_Storage.o
                0x08009738                FLASH_CheckForChanges
 .text.FLASH_ReadInt
                0x08009780       0x34 ./Core/Src/Flash_Storage.o
                0x08009780                FLASH_ReadInt
 .text.FLASH_WriteInt
                0x080097b4       0x3c ./Core/Src/Flash_Storage.o
                0x080097b4                FLASH_WriteInt
 .text.FLASH_Read
                0x080097f0       0x66 ./Core/Src/Flash_Storage.o
                0x080097f0                FLASH_Read
 .text.FLASH_Write
                0x08009856       0xfa ./Core/Src/Flash_Storage.o
                0x08009856                FLASH_Write
 .text.FLASH_Erase
                0x08009950       0x88 ./Core/Src/Flash_Storage.o
                0x08009950                FLASH_Erase
 .text.SchedulerInit
                0x080099d8       0xf4 ./Core/Src/Scheduler.o
                0x080099d8                SchedulerInit
 .text.Scheduler
                0x08009acc       0x3e ./Core/Src/Scheduler.o
                0x08009acc                Scheduler
 .text.SupperLoop
                0x08009b0a       0x10 ./Core/Src/Scheduler.o
                0x08009b0a                SupperLoop
 .text.MediumLoop
                0x08009b1a       0x1c ./Core/Src/Scheduler.o
                0x08009b1a                MediumLoop
 *fill*         0x08009b36        0x2 
 .text.VerySlowLoop
                0x08009b38      0x194 ./Core/Src/Scheduler.o
                0x08009b38                VerySlowLoop
 .text.TimeReached
                0x08009ccc       0x50 ./Core/Src/Scheduler.o
                0x08009ccc                TimeReached
 .text.SetLastScheduleTime
                0x08009d1c       0x24 ./Core/Src/Scheduler.o
                0x08009d1c                SetLastScheduleTime
 .text.PrintVersion
                0x08009d40       0x24 ./Core/Src/Scheduler.o
                0x08009d40                PrintVersion
 .text.PrintBoardInfo
                0x08009d64      0x1d8 ./Core/Src/Scheduler.o
                0x08009d64                PrintBoardInfo
 .text.InitialSettings
                0x08009f3c      0x270 ./Core/Src/Settings.o
                0x08009f3c                InitialSettings
 .text.UpdateSetting
                0x0800a1ac      0x230 ./Core/Src/Settings.o
                0x0800a1ac                UpdateSetting
 .text.FactorySettings
                0x0800a3dc        0xc ./Core/Src/Settings.o
                0x0800a3dc                FactorySettings
 .text.__NVIC_SystemReset
                0x0800a3e8       0x2c ./Core/Src/TaskHandler.o
 .text.TH_MB_ChecktSlaveAddressChange
                0x0800a414       0xe0 ./Core/Src/TaskHandler.o
                0x0800a414                TH_MB_ChecktSlaveAddressChange
 .text.TH_MB_CheckSerialConfigChanges
                0x0800a4f4       0x54 ./Core/Src/TaskHandler.o
                0x0800a4f4                TH_MB_CheckSerialConfigChanges
 .text.TH_MB_CheckMBKeepAlive
                0x0800a548       0x7c ./Core/Src/TaskHandler.o
                0x0800a548                TH_MB_CheckMBKeepAlive
 .text.TH_DI    0x0800a5c4       0xc0 ./Core/Src/TaskHandler.o
                0x0800a5c4                TH_DI
 .text.TH_DO    0x0800a684       0xe8 ./Core/Src/TaskHandler.o
                0x0800a684                TH_DO
 .text.TH_PushButton
                0x0800a76c       0xac ./Core/Src/TaskHandler.o
                0x0800a76c                TH_PushButton
 .text.TS_Init  0x0800a818       0xb8 ./Core/Src/TimeStamp.o
                0x0800a818                TS_Init
 .text.TS_StartTimer
                0x0800a8d0       0x28 ./Core/Src/TimeStamp.o
                0x0800a8d0                TS_StartTimer
 .text.TS_SetTimerType
                0x0800a8f8       0x1e ./Core/Src/TimeStamp.o
                0x0800a8f8                TS_SetTimerType
 *fill*         0x0800a916        0x2 
 .text.TS_GetUS
                0x0800a918       0x9c ./Core/Src/TimeStamp.o
                0x0800a918                TS_GetUS
 .text.TS_GetTime
                0x0800a9b4      0x104 ./Core/Src/TimeStamp.o
                0x0800a9b4                TS_GetTime
 .text.TS_CatchOVF
                0x0800aab8       0x58 ./Core/Src/TimeStamp.o
                0x0800aab8                TS_CatchOVF
 .text.__io_putchar
                0x0800ab10       0x24 ./Core/Src/main.o
                0x0800ab10                __io_putchar
 .text.main     0x0800ab34       0x68 ./Core/Src/main.o
                0x0800ab34                main
 .text.SystemClock_Config
                0x0800ab9c       0xe0 ./Core/Src/main.o
                0x0800ab9c                SystemClock_Config
 .text.MX_IWDG_Init
                0x0800ac7c       0x34 ./Core/Src/main.o
 .text.MX_TIM3_Init
                0x0800acb0       0x9c ./Core/Src/main.o
 .text.MX_TIM4_Init
                0x0800ad4c       0x9c ./Core/Src/main.o
 .text.MX_TIM5_Init
                0x0800ade8       0x9c ./Core/Src/main.o
 .text.MX_TIM6_Init
                0x0800ae84       0x6c ./Core/Src/main.o
 .text.MX_TIM9_Init
                0x0800aef0       0x74 ./Core/Src/main.o
 .text.MX_USART2_UART_Init
                0x0800af64       0x54 ./Core/Src/main.o
 .text.MX_USART6_UART_Init
                0x0800afb8       0x58 ./Core/Src/main.o
 .text.MX_GPIO_Init
                0x0800b010      0x224 ./Core/Src/main.o
 .text.Error_Handler
                0x0800b234        0xc ./Core/Src/main.o
                0x0800b234                Error_Handler
 .text.HAL_MspInit
                0x0800b240       0x68 ./Core/Src/stm32f4xx_hal_msp.o
                0x0800b240                HAL_MspInit
 .text.HAL_TIM_Base_MspInit
                0x0800b2a8      0x120 ./Core/Src/stm32f4xx_hal_msp.o
                0x0800b2a8                HAL_TIM_Base_MspInit
 .text.HAL_UART_MspInit
                0x0800b3c8      0x11c ./Core/Src/stm32f4xx_hal_msp.o
                0x0800b3c8                HAL_UART_MspInit
 .text.NMI_Handler
                0x0800b4e4        0x8 ./Core/Src/stm32f4xx_it.o
                0x0800b4e4                NMI_Handler
 .text.HardFault_Handler
                0x0800b4ec       0x14 ./Core/Src/stm32f4xx_it.o
                0x0800b4ec                HardFault_Handler
 .text.MemManage_Handler
                0x0800b500       0x14 ./Core/Src/stm32f4xx_it.o
                0x0800b500                MemManage_Handler
 .text.BusFault_Handler
                0x0800b514       0x14 ./Core/Src/stm32f4xx_it.o
                0x0800b514                BusFault_Handler
 .text.UsageFault_Handler
                0x0800b528       0x14 ./Core/Src/stm32f4xx_it.o
                0x0800b528                UsageFault_Handler
 .text.SVC_Handler
                0x0800b53c        0xe ./Core/Src/stm32f4xx_it.o
                0x0800b53c                SVC_Handler
 .text.DebugMon_Handler
                0x0800b54a        0xe ./Core/Src/stm32f4xx_it.o
                0x0800b54a                DebugMon_Handler
 .text.PendSV_Handler
                0x0800b558        0xe ./Core/Src/stm32f4xx_it.o
                0x0800b558                PendSV_Handler
 .text.SysTick_Handler
                0x0800b566        0xc ./Core/Src/stm32f4xx_it.o
                0x0800b566                SysTick_Handler
 *fill*         0x0800b572        0x2 
 .text.TIM1_BRK_TIM9_IRQHandler
                0x0800b574       0x1c ./Core/Src/stm32f4xx_it.o
                0x0800b574                TIM1_BRK_TIM9_IRQHandler
 .text.TIM4_IRQHandler
                0x0800b590       0x24 ./Core/Src/stm32f4xx_it.o
                0x0800b590                TIM4_IRQHandler
 .text.USART2_IRQHandler
                0x0800b5b4       0x14 ./Core/Src/stm32f4xx_it.o
                0x0800b5b4                USART2_IRQHandler
 .text.TIM5_IRQHandler
                0x0800b5c8       0x1c ./Core/Src/stm32f4xx_it.o
                0x0800b5c8                TIM5_IRQHandler
 .text.USART6_IRQHandler
                0x0800b5e4       0x1c ./Core/Src/stm32f4xx_it.o
                0x0800b5e4                USART6_IRQHandler
 .text.HAL_UART_ErrorCallback
                0x0800b600      0x1a0 ./Core/Src/stm32f4xx_it.o
                0x0800b600                HAL_UART_ErrorCallback
 .text._getpid  0x0800b7a0       0x10 ./Core/Src/syscalls.o
                0x0800b7a0                _getpid
 .text._kill    0x0800b7b0       0x20 ./Core/Src/syscalls.o
                0x0800b7b0                _kill
 .text._exit    0x0800b7d0       0x16 ./Core/Src/syscalls.o
                0x0800b7d0                _exit
 .text._read    0x0800b7e6       0x3a ./Core/Src/syscalls.o
                0x0800b7e6                _read
 .text._write   0x0800b820       0x38 ./Core/Src/syscalls.o
                0x0800b820                _write
 .text._close   0x0800b858       0x18 ./Core/Src/syscalls.o
                0x0800b858                _close
 .text._fstat   0x0800b870       0x20 ./Core/Src/syscalls.o
                0x0800b870                _fstat
 .text._isatty  0x0800b890       0x16 ./Core/Src/syscalls.o
                0x0800b890                _isatty
 .text._lseek   0x0800b8a6       0x1a ./Core/Src/syscalls.o
                0x0800b8a6                _lseek
 .text._sbrk    0x0800b8c0       0x6c ./Core/Src/sysmem.o
                0x0800b8c0                _sbrk
 .text.SystemInit
                0x0800b92c       0x24 ./Core/Src/system_stm32f4xx.o
                0x0800b92c                SystemInit
 .text.Debounce_Init
                0x0800b950       0x1e ./Core/Src/Debounce/Debounce.o
                0x0800b950                Debounce_Init
 .text.Debounce_Clear
                0x0800b96e       0x2c ./Core/Src/Debounce/Debounce.o
                0x0800b96e                Debounce_Clear
 .text.Debounce
                0x0800b99a       0x72 ./Core/Src/Debounce/Debounce.o
                0x0800b99a                Debounce
 .text.DEBUG_INIT
                0x0800ba0c       0x78 ./Core/Src/Debug/Debug.o
                0x0800ba0c                DEBUG_INIT
 .text.DEBUG_ENABLE
                0x0800ba84       0x1c ./Core/Src/Debug/Debug.o
                0x0800ba84                DEBUG_ENABLE
 .text.DEBUG_PRINT
                0x0800baa0       0x5c ./Core/Src/Debug/Debug.o
                0x0800baa0                DEBUG_PRINT
 .text.DEBUG_SPRINT
                0x0800bafc       0x60 ./Core/Src/Debug/Debug.o
                0x0800bafc                DEBUG_SPRINT
 .text.DEBUG_SPRINT_NL
                0x0800bb5c       0x98 ./Core/Src/Debug/Debug.o
                0x0800bb5c                DEBUG_SPRINT_NL
 .text.DEBUG_SPRINT_APPEND
                0x0800bbf4       0xb4 ./Core/Src/Debug/Debug.o
                0x0800bbf4                DEBUG_SPRINT_APPEND
 .text.DBUG_TransTimeout
                0x0800bca8       0x50 ./Core/Src/Debug/Debug.o
                0x0800bca8                DBUG_TransTimeout
 .text.MH_Timer_Init
                0x0800bcf8       0x4a ./Core/Src/MH_Timer/mh_timer.o
                0x0800bcf8                MH_Timer_Init
 .text.MH_Timer_Enable
                0x0800bd42       0x3e ./Core/Src/MH_Timer/mh_timer.o
                0x0800bd42                MH_Timer_Enable
 .text.MH_Timer_Disable
                0x0800bd80       0x22 ./Core/Src/MH_Timer/mh_timer.o
                0x0800bd80                MH_Timer_Disable
 .text.MH_Timer_Update
                0x0800bda2       0x68 ./Core/Src/MH_Timer/mh_timer.o
                0x0800bda2                MH_Timer_Update
 .text.MH_Timer_IsTimeout
                0x0800be0a       0x22 ./Core/Src/MH_Timer/mh_timer.o
                0x0800be0a                MH_Timer_IsTimeout
 .text.MH_Timer_Reset
                0x0800be2c       0x38 ./Core/Src/MH_Timer/mh_timer.o
                0x0800be2c                MH_Timer_Reset
 .text.MB_CalcCRC16
                0x0800be64       0x70 ./Core/Src/Modbus/MB_CRC.o
                0x0800be64                MB_CalcCRC16
 .text.MB_setReqBuff
                0x0800bed4       0x28 ./Core/Src/Modbus/MB_Handler.o
                0x0800bed4                MB_setReqBuff
 .text.MB_setRespBuff
                0x0800befc       0x20 ./Core/Src/Modbus/MB_Handler.o
                0x0800befc                MB_setRespBuff
 .text.MB_getRespBuffSize
                0x0800bf1c       0x18 ./Core/Src/Modbus/MB_Handler.o
                0x0800bf1c                MB_getRespBuffSize
 .text.MB_executeRequest
                0x0800bf34       0xe8 ./Core/Src/Modbus/MB_Handler.o
                0x0800bf34                MB_executeRequest
 .text.MB_ClearBuffer
                0x0800c01c       0x38 ./Core/Src/Modbus/MB_Handler.o
                0x0800c01c                MB_ClearBuffer
 .text.MB_appendToRespPDU
                0x0800c054       0x38 ./Core/Src/Modbus/MB_Handler.o
                0x0800c054                MB_appendToRespPDU
 .text.MB_appendToRespPDU_SAFC
                0x0800c08c       0x20 ./Core/Src/Modbus/MB_Handler.o
                0x0800c08c                MB_appendToRespPDU_SAFC
 .text.MB_appendToRespPDU_CRC
                0x0800c0ac       0x4c ./Core/Src/Modbus/MB_Handler.o
                0x0800c0ac                MB_appendToRespPDU_CRC
 .text.MB_excepRespBuilder
                0x0800c0f8       0x36 ./Core/Src/Modbus/MB_Handler.o
                0x0800c0f8                MB_excepRespBuilder
 .text.MB_isFunctionCodeValid
                0x0800c12e       0x4e ./Core/Src/Modbus/MB_Handler.o
                0x0800c12e                MB_isFunctionCodeValid
 .text.MB_checkMCQtyAddrByteCount
                0x0800c17c       0x8c ./Core/Src/Modbus/MB_Handler.o
                0x0800c17c                MB_checkMCQtyAddrByteCount
 .text.MB_checkMRQtyAddrByteCount
                0x0800c208       0x8c ./Core/Src/Modbus/MB_Handler.o
                0x0800c208                MB_checkMRQtyAddrByteCount
 .text.MB_checkDataQtyAddr
                0x0800c294       0x54 ./Core/Src/Modbus/MB_Handler.o
                0x0800c294                MB_checkDataQtyAddr
 .text.MB_checkDataQuantity
                0x0800c2e8       0x32 ./Core/Src/Modbus/MB_Handler.o
                0x0800c2e8                MB_checkDataQuantity
 .text.MB_checkDataAddress
                0x0800c31a       0x44 ./Core/Src/Modbus/MB_Handler.o
                0x0800c31a                MB_checkDataAddress
 .text.MB_checkSCValue
                0x0800c35e       0x2c ./Core/Src/Modbus/MB_Handler.o
                0x0800c35e                MB_checkSCValue
 .text.MB_checkSCRAddr
                0x0800c38a       0x2a ./Core/Src/Modbus/MB_Handler.o
                0x0800c38a                MB_checkSCRAddr
 .text.MB_checkSCValueAddr
                0x0800c3b4       0x38 ./Core/Src/Modbus/MB_Handler.o
                0x0800c3b4                MB_checkSCValueAddr
 .text.MB_checkSRValue
                0x0800c3ec       0x18 ./Core/Src/Modbus/MB_Handler.o
                0x0800c3ec                MB_checkSRValue
 .text.MB_checkSRValueAddr
                0x0800c404       0x38 ./Core/Src/Modbus/MB_Handler.o
                0x0800c404                MB_checkSRValueAddr
 .text.MB_get2byteData
                0x0800c43c       0x3c ./Core/Src/Modbus/MB_Handler.o
                0x0800c43c                MB_get2byteData
 .text.MB_getSlaveAddress
                0x0800c478       0x18 ./Core/Src/Modbus/MB_Handler.o
                0x0800c478                MB_getSlaveAddress
 .text.MB_getFunctionCode
                0x0800c490       0x18 ./Core/Src/Modbus/MB_Handler.o
                0x0800c490                MB_getFunctionCode
 .text.MB_getStartAddress
                0x0800c4a8       0x1c ./Core/Src/Modbus/MB_Handler.o
                0x0800c4a8                MB_getStartAddress
 .text.MB_getSCRAddress
                0x0800c4c4       0x10 ./Core/Src/Modbus/MB_Handler.o
                0x0800c4c4                MB_getSCRAddress
 .text.MB_getQuantity
                0x0800c4d4       0x1c ./Core/Src/Modbus/MB_Handler.o
                0x0800c4d4                MB_getQuantity
 .text.MB_getSCRValue
                0x0800c4f0       0x10 ./Core/Src/Modbus/MB_Handler.o
                0x0800c4f0                MB_getSCRValue
 .text.MB_getMCValueInByte
                0x0800c500       0x24 ./Core/Src/Modbus/MB_Handler.o
                0x0800c500                MB_getMCValueInByte
 .text.MB_getMRValueIn2Byte
                0x0800c524       0x1c ./Core/Src/Modbus/MB_Handler.o
                0x0800c524                MB_getMRValueIn2Byte
 .text.MB_getIRValue
                0x0800c540       0x28 ./Core/Src/Modbus/MB_Handler.o
                0x0800c540                MB_getIRValue
 .text.MB_getIRsValue
                0x0800c568       0x62 ./Core/Src/Modbus/MB_Handler.o
                0x0800c568                MB_getIRsValue
 *fill*         0x0800c5ca        0x2 
 .text.MB_getHRsValue
                0x0800c5cc       0x60 ./Core/Src/Modbus/MB_Handler.o
                0x0800c5cc                MB_getHRsValue
 .text.MB_setHRValue
                0x0800c62c       0x2c ./Core/Src/Modbus/MB_Handler.o
                0x0800c62c                MB_setHRValue
 .text.MB_readCoils
                0x0800c658      0x11c ./Core/Src/Modbus/MB_Handler.o
                0x0800c658                MB_readCoils
 .text.MB_readDI
                0x0800c774      0x120 ./Core/Src/Modbus/MB_Handler.o
                0x0800c774                MB_readDI
 .text.MB_writeSC
                0x0800c894       0x64 ./Core/Src/Modbus/MB_Handler.o
                0x0800c894                MB_writeSC
 .text.MB_writeMC
                0x0800c8f8      0x152 ./Core/Src/Modbus/MB_Handler.o
                0x0800c8f8                MB_writeMC
 .text.MB_readIR
                0x0800ca4a      0x122 ./Core/Src/Modbus/MB_Handler.o
                0x0800ca4a                MB_readIR
 .text.MB_readHR
                0x0800cb6c      0x12e ./Core/Src/Modbus/MB_Handler.o
                0x0800cb6c                MB_readHR
 *fill*         0x0800cc9a        0x2 
 .text.MB_writeSHR
                0x0800cc9c       0x6c ./Core/Src/Modbus/MB_Handler.o
                0x0800cc9c                MB_writeSHR
 .text.MB_writeMHR
                0x0800cd08       0xee ./Core/Src/Modbus/MB_Handler.o
                0x0800cd08                MB_writeMHR
 *fill*         0x0800cdf6        0x2 
 .text.MB_getDI
                0x0800cdf8       0x28 ./Core/Src/Modbus/MB_Handler.o
                0x0800cdf8                MB_getDI
 .text.MB_getDIInByte
                0x0800ce20       0xf8 ./Core/Src/Modbus/MB_Handler.o
                0x0800ce20                MB_getDIInByte
 .text.MB_setCoil
                0x0800cf18       0x38 ./Core/Src/Modbus/MB_Handler.o
                0x0800cf18                MB_setCoil
 .text.MB_getCoil
                0x0800cf50       0x28 ./Core/Src/Modbus/MB_Handler.o
                0x0800cf50                MB_getCoil
 .text.MB_getCoilsInByte
                0x0800cf78       0xda ./Core/Src/Modbus/MB_Handler.o
                0x0800cf78                MB_getCoilsInByte
 *fill*         0x0800d052        0x2 
 .text.MB_attachDICallback
                0x0800d054       0x20 ./Core/Src/Modbus/MB_Handler.o
                0x0800d054                MB_attachDICallback
 .text.MB_attachCOCallback
                0x0800d074       0x2c ./Core/Src/Modbus/MB_Handler.o
                0x0800d074                MB_attachCOCallback
 .text.MB_attachIRCallback
                0x0800d0a0       0x20 ./Core/Src/Modbus/MB_Handler.o
                0x0800d0a0                MB_attachIRCallback
 .text.MB_attachHRCallback
                0x0800d0c0       0x2c ./Core/Src/Modbus/MB_Handler.o
                0x0800d0c0                MB_attachHRCallback
 .text.MBRS_Init
                0x0800d0ec       0x2c ./Core/Src/Modbus/MB_RTUSlave.o
                0x0800d0ec                MBRS_Init
 .text.MBRS_GetInstance
                0x0800d118       0x18 ./Core/Src/Modbus/MB_RTUSlave.o
                0x0800d118                MBRS_GetInstance
 .text.MBRS_processRequest
                0x0800d130       0xb4 ./Core/Src/Modbus/MB_RTUSlave.o
                0x0800d130                MBRS_processRequest
 .text.MBS_Init
                0x0800d1e4       0xc8 ./Core/Src/Modbus/MB_Serial.o
                0x0800d1e4                MBS_Init
 .text.MBS_Timer_Init
                0x0800d2ac       0x38 ./Core/Src/Modbus/MB_Serial.o
 .text.MBS_Config
                0x0800d2e4      0x1dc ./Core/Src/Modbus/MB_Serial.o
                0x0800d2e4                MBS_Config
 .text.MBS_Send
                0x0800d4c0       0xb4 ./Core/Src/Modbus/MB_Serial.o
                0x0800d4c0                MBS_Send
 .text.MBS_Receive
                0x0800d574      0x108 ./Core/Src/Modbus/MB_Serial.o
                0x0800d574                MBS_Receive
 .text.MBS_StopReceiving
                0x0800d67c       0xb0 ./Core/Src/Modbus/MB_Serial.o
                0x0800d67c                MBS_StopReceiving
 .text.MBS_ChackRcvdFrame
                0x0800d72c      0x104 ./Core/Src/Modbus/MB_Serial.o
                0x0800d72c                MBS_ChackRcvdFrame
 .text.MBS_ProcessRcvdFrame
                0x0800d830       0xf0 ./Core/Src/Modbus/MB_Serial.o
                0x0800d830                MBS_ProcessRcvdFrame
 .text.MBS_GetCharTimeCluster
                0x0800d920       0x5c ./Core/Src/Modbus/MB_Serial.o
                0x0800d920                MBS_GetCharTimeCluster
 .text.MBS_GetByteTxTime
                0x0800d97c       0x40 ./Core/Src/Modbus/MB_Serial.o
 .text.Reset_Handler
                0x0800d9bc       0x50 ./Core/Startup/startup_stm32f446retx.o
                0x0800d9bc                Reset_Handler
 .text.Default_Handler
                0x0800da0c        0x2 ./Core/Startup/startup_stm32f446retx.o
                0x0800da0c                RTC_Alarm_IRQHandler
                0x0800da0c                EXTI2_IRQHandler
                0x0800da0c                TIM8_CC_IRQHandler
                0x0800da0c                FMPI2C1_EV_IRQHandler
                0x0800da0c                SPI4_IRQHandler
                0x0800da0c                TIM1_CC_IRQHandler
                0x0800da0c                DMA2_Stream5_IRQHandler
                0x0800da0c                DMA1_Stream5_IRQHandler
                0x0800da0c                PVD_IRQHandler
                0x0800da0c                SDIO_IRQHandler
                0x0800da0c                TAMP_STAMP_IRQHandler
                0x0800da0c                CAN2_RX1_IRQHandler
                0x0800da0c                EXTI3_IRQHandler
                0x0800da0c                TIM8_TRG_COM_TIM14_IRQHandler
                0x0800da0c                TIM1_UP_TIM10_IRQHandler
                0x0800da0c                TIM8_UP_TIM13_IRQHandler
                0x0800da0c                I2C3_ER_IRQHandler
                0x0800da0c                EXTI0_IRQHandler
                0x0800da0c                I2C2_EV_IRQHandler
                0x0800da0c                DMA1_Stream2_IRQHandler
                0x0800da0c                CAN1_RX0_IRQHandler
                0x0800da0c                FPU_IRQHandler
                0x0800da0c                OTG_HS_WKUP_IRQHandler
                0x0800da0c                CAN2_SCE_IRQHandler
                0x0800da0c                DMA2_Stream2_IRQHandler
                0x0800da0c                SPI1_IRQHandler
                0x0800da0c                TIM6_DAC_IRQHandler
                0x0800da0c                DCMI_IRQHandler
                0x0800da0c                CAN2_RX0_IRQHandler
                0x0800da0c                DMA2_Stream3_IRQHandler
                0x0800da0c                SAI2_IRQHandler
                0x0800da0c                USART3_IRQHandler
                0x0800da0c                CAN1_RX1_IRQHandler
                0x0800da0c                UART5_IRQHandler
                0x0800da0c                DMA2_Stream0_IRQHandler
                0x0800da0c                QUADSPI_IRQHandler
                0x0800da0c                I2C1_EV_IRQHandler
                0x0800da0c                DMA1_Stream6_IRQHandler
                0x0800da0c                DMA1_Stream1_IRQHandler
                0x0800da0c                UART4_IRQHandler
                0x0800da0c                TIM3_IRQHandler
                0x0800da0c                RCC_IRQHandler
                0x0800da0c                TIM8_BRK_TIM12_IRQHandler
                0x0800da0c                Default_Handler
                0x0800da0c                CEC_IRQHandler
                0x0800da0c                EXTI15_10_IRQHandler
                0x0800da0c                ADC_IRQHandler
                0x0800da0c                DMA1_Stream7_IRQHandler
                0x0800da0c                TIM7_IRQHandler
                0x0800da0c                CAN2_TX_IRQHandler
                0x0800da0c                DMA2_Stream7_IRQHandler
                0x0800da0c                I2C3_EV_IRQHandler
                0x0800da0c                EXTI9_5_IRQHandler
                0x0800da0c                RTC_WKUP_IRQHandler
                0x0800da0c                SPDIF_RX_IRQHandler
                0x0800da0c                SPI2_IRQHandler
                0x0800da0c                OTG_HS_EP1_IN_IRQHandler
                0x0800da0c                DMA1_Stream0_IRQHandler
                0x0800da0c                CAN1_TX_IRQHandler
                0x0800da0c                FMPI2C1_ER_IRQHandler
                0x0800da0c                EXTI4_IRQHandler
                0x0800da0c                OTG_HS_EP1_OUT_IRQHandler
                0x0800da0c                WWDG_IRQHandler
                0x0800da0c                TIM2_IRQHandler
                0x0800da0c                OTG_FS_WKUP_IRQHandler
                0x0800da0c                TIM1_TRG_COM_TIM11_IRQHandler
                0x0800da0c                OTG_HS_IRQHandler
                0x0800da0c                EXTI1_IRQHandler
                0x0800da0c                I2C2_ER_IRQHandler
                0x0800da0c                DMA2_Stream1_IRQHandler
                0x0800da0c                CAN1_SCE_IRQHandler
                0x0800da0c                FLASH_IRQHandler
                0x0800da0c                DMA2_Stream4_IRQHandler
                0x0800da0c                USART1_IRQHandler
                0x0800da0c                OTG_FS_IRQHandler
                0x0800da0c                SPI3_IRQHandler
                0x0800da0c                DMA1_Stream4_IRQHandler
                0x0800da0c                I2C1_ER_IRQHandler
                0x0800da0c                FMC_IRQHandler
                0x0800da0c                DMA2_Stream6_IRQHandler
                0x0800da0c                SAI1_IRQHandler
                0x0800da0c                DMA1_Stream3_IRQHandler
 *fill*         0x0800da0e        0x2 
 .text.HAL_Init
                0x0800da10       0x44 ./Drivers/STM32F4xx_HAL_Driver/Src/stm32f4xx_hal.o
                0x0800da10                HAL_Init
 .text.HAL_InitTick
                0x0800da54       0x60 ./Drivers/STM32F4xx_HAL_Driver/Src/stm32f4xx_hal.o
                0x0800da54                HAL_InitTick
 .text.HAL_IncTick
                0x0800dab4       0x28 ./Drivers/STM32F4xx_HAL_Driver/Src/stm32f4xx_hal.o
                0x0800dab4                HAL_IncTick
 .text.HAL_GetTick
                0x0800dadc       0x18 ./Drivers/STM32F4xx_HAL_Driver/Src/stm32f4xx_hal.o
                0x0800dadc                HAL_GetTick
 .text.HAL_Delay
                0x0800daf4       0x48 ./Drivers/STM32F4xx_HAL_Driver/Src/stm32f4xx_hal.o
                0x0800daf4                HAL_Delay
 .text.__NVIC_SetPriorityGrouping
                0x0800db3c       0x48 ./Drivers/STM32F4xx_HAL_Driver/Src/stm32f4xx_hal_cortex.o
 .text.__NVIC_GetPriorityGrouping
                0x0800db84       0x1c ./Drivers/STM32F4xx_HAL_Driver/Src/stm32f4xx_hal_cortex.o
 .text.__NVIC_EnableIRQ
                0x0800dba0       0x3c ./Drivers/STM32F4xx_HAL_Driver/Src/stm32f4xx_hal_cortex.o
 .text.__NVIC_SetPriority
                0x0800dbdc       0x54 ./Drivers/STM32F4xx_HAL_Driver/Src/stm32f4xx_hal_cortex.o
 .text.NVIC_EncodePriority
                0x0800dc30       0x66 ./Drivers/STM32F4xx_HAL_Driver/Src/stm32f4xx_hal_cortex.o
 *fill*         0x0800dc96        0x2 
 .text.SysTick_Config
                0x0800dc98       0x44 ./Drivers/STM32F4xx_HAL_Driver/Src/stm32f4xx_hal_cortex.o
 .text.HAL_NVIC_SetPriorityGrouping
                0x0800dcdc       0x16 ./Drivers/STM32F4xx_HAL_Driver/Src/stm32f4xx_hal_cortex.o
                0x0800dcdc                HAL_NVIC_SetPriorityGrouping
 .text.HAL_NVIC_SetPriority
                0x0800dcf2       0x38 ./Drivers/STM32F4xx_HAL_Driver/Src/stm32f4xx_hal_cortex.o
                0x0800dcf2                HAL_NVIC_SetPriority
 .text.HAL_NVIC_EnableIRQ
                0x0800dd2a       0x1c ./Drivers/STM32F4xx_HAL_Driver/Src/stm32f4xx_hal_cortex.o
                0x0800dd2a                HAL_NVIC_EnableIRQ
 .text.HAL_SYSTICK_Config
                0x0800dd46       0x18 ./Drivers/STM32F4xx_HAL_Driver/Src/stm32f4xx_hal_cortex.o
                0x0800dd46                HAL_SYSTICK_Config
 .text.HAL_DMA_Abort
                0x0800dd5e       0xe0 ./Drivers/STM32F4xx_HAL_Driver/Src/stm32f4xx_hal_dma.o
                0x0800dd5e                HAL_DMA_Abort
 .text.HAL_DMA_Abort_IT
                0x0800de3e       0x44 ./Drivers/STM32F4xx_HAL_Driver/Src/stm32f4xx_hal_dma.o
                0x0800de3e                HAL_DMA_Abort_IT
 *fill*         0x0800de82        0x2 
 .text.HAL_FLASH_Program
                0x0800de84       0xa8 ./Drivers/STM32F4xx_HAL_Driver/Src/stm32f4xx_hal_flash.o
                0x0800de84                HAL_FLASH_Program
 .text.HAL_FLASH_Unlock
                0x0800df2c       0x44 ./Drivers/STM32F4xx_HAL_Driver/Src/stm32f4xx_hal_flash.o
                0x0800df2c                HAL_FLASH_Unlock
 .text.HAL_FLASH_Lock
                0x0800df70       0x20 ./Drivers/STM32F4xx_HAL_Driver/Src/stm32f4xx_hal_flash.o
                0x0800df70                HAL_FLASH_Lock
 .text.FLASH_WaitForLastOperation
                0x0800df90       0x80 ./Drivers/STM32F4xx_HAL_Driver/Src/stm32f4xx_hal_flash.o
                0x0800df90                FLASH_WaitForLastOperation
 .text.FLASH_Program_DoubleWord
                0x0800e010       0x64 ./Drivers/STM32F4xx_HAL_Driver/Src/stm32f4xx_hal_flash.o
 .text.FLASH_Program_Word
                0x0800e074       0x44 ./Drivers/STM32F4xx_HAL_Driver/Src/stm32f4xx_hal_flash.o
 .text.FLASH_Program_HalfWord
                0x0800e0b8       0x48 ./Drivers/STM32F4xx_HAL_Driver/Src/stm32f4xx_hal_flash.o
 .text.FLASH_Program_Byte
                0x0800e100       0x44 ./Drivers/STM32F4xx_HAL_Driver/Src/stm32f4xx_hal_flash.o
 .text.FLASH_SetErrorCode
                0x0800e144       0xcc ./Drivers/STM32F4xx_HAL_Driver/Src/stm32f4xx_hal_flash.o
 .text.HAL_FLASHEx_Erase
                0x0800e210       0xe0 ./Drivers/STM32F4xx_HAL_Driver/Src/stm32f4xx_hal_flash_ex.o
                0x0800e210                HAL_FLASHEx_Erase
 .text.FLASH_MassErase
                0x0800e2f0       0x48 ./Drivers/STM32F4xx_HAL_Driver/Src/stm32f4xx_hal_flash_ex.o
 .text.FLASH_Erase_Sector
                0x0800e338       0x90 ./Drivers/STM32F4xx_HAL_Driver/Src/stm32f4xx_hal_flash_ex.o
                0x0800e338                FLASH_Erase_Sector
 .text.FLASH_FlushCaches
                0x0800e3c8       0x8c ./Drivers/STM32F4xx_HAL_Driver/Src/stm32f4xx_hal_flash_ex.o
                0x0800e3c8                FLASH_FlushCaches
 .text.HAL_GPIO_Init
                0x0800e454      0x328 ./Drivers/STM32F4xx_HAL_Driver/Src/stm32f4xx_hal_gpio.o
                0x0800e454                HAL_GPIO_Init
 .text.HAL_GPIO_ReadPin
                0x0800e77c       0x30 ./Drivers/STM32F4xx_HAL_Driver/Src/stm32f4xx_hal_gpio.o
                0x0800e77c                HAL_GPIO_ReadPin
 .text.HAL_GPIO_WritePin
                0x0800e7ac       0x32 ./Drivers/STM32F4xx_HAL_Driver/Src/stm32f4xx_hal_gpio.o
                0x0800e7ac                HAL_GPIO_WritePin
 .text.HAL_GPIO_TogglePin
                0x0800e7de       0x34 ./Drivers/STM32F4xx_HAL_Driver/Src/stm32f4xx_hal_gpio.o
                0x0800e7de                HAL_GPIO_TogglePin
 .text.HAL_IWDG_Init
                0x0800e812       0x84 ./Drivers/STM32F4xx_HAL_Driver/Src/stm32f4xx_hal_iwdg.o
                0x0800e812                HAL_IWDG_Init
 .text.HAL_IWDG_Refresh
                0x0800e896       0x20 ./Drivers/STM32F4xx_HAL_Driver/Src/stm32f4xx_hal_iwdg.o
                0x0800e896                HAL_IWDG_Refresh
 *fill*         0x0800e8b6        0x2 
 .text.HAL_RCC_ClockConfig
                0x0800e8b8      0x1cc ./Drivers/STM32F4xx_HAL_Driver/Src/stm32f4xx_hal_rcc.o
                0x0800e8b8                HAL_RCC_ClockConfig
 .text.HAL_RCC_GetHCLKFreq
                0x0800ea84       0x18 ./Drivers/STM32F4xx_HAL_Driver/Src/stm32f4xx_hal_rcc.o
                0x0800ea84                HAL_RCC_GetHCLKFreq
 .text.HAL_RCC_GetPCLK1Freq
                0x0800ea9c       0x28 ./Drivers/STM32F4xx_HAL_Driver/Src/stm32f4xx_hal_rcc.o
                0x0800ea9c                HAL_RCC_GetPCLK1Freq
 .text.HAL_RCC_GetPCLK2Freq
                0x0800eac4       0x28 ./Drivers/STM32F4xx_HAL_Driver/Src/stm32f4xx_hal_rcc.o
                0x0800eac4                HAL_RCC_GetPCLK2Freq
 .text.HAL_RCC_GetSysClockFreq
                0x0800eaec      0x460 ./Drivers/STM32F4xx_HAL_Driver/Src/stm32f4xx_hal_rcc_ex.o
                0x0800eaec                HAL_RCC_GetSysClockFreq
 .text.HAL_RCC_OscConfig
                0x0800ef4c      0x53c ./Drivers/STM32F4xx_HAL_Driver/Src/stm32f4xx_hal_rcc_ex.o
                0x0800ef4c                HAL_RCC_OscConfig
 .text.HAL_TIM_Base_Init
                0x0800f488       0x9e ./Drivers/STM32F4xx_HAL_Driver/Src/stm32f4xx_hal_tim.o
                0x0800f488                HAL_TIM_Base_Init
 *fill*         0x0800f526        0x2 
 .text.HAL_TIM_Base_Start_IT
                0x0800f528       0xe0 ./Drivers/STM32F4xx_HAL_Driver/Src/stm32f4xx_hal_tim.o
                0x0800f528                HAL_TIM_Base_Start_IT
 .text.HAL_TIM_IRQHandler
                0x0800f608      0x1e0 ./Drivers/STM32F4xx_HAL_Driver/Src/stm32f4xx_hal_tim.o
                0x0800f608                HAL_TIM_IRQHandler
 .text.HAL_TIM_ConfigClockSource
                0x0800f7e8      0x18e ./Drivers/STM32F4xx_HAL_Driver/Src/stm32f4xx_hal_tim.o
                0x0800f7e8                HAL_TIM_ConfigClockSource
 .text.HAL_TIM_PeriodElapsedCallback
                0x0800f976       0x14 ./Drivers/STM32F4xx_HAL_Driver/Src/stm32f4xx_hal_tim.o
                0x0800f976                HAL_TIM_PeriodElapsedCallback
 .text.HAL_TIM_OC_DelayElapsedCallback
                0x0800f98a       0x14 ./Drivers/STM32F4xx_HAL_Driver/Src/stm32f4xx_hal_tim.o
                0x0800f98a                HAL_TIM_OC_DelayElapsedCallback
 .text.HAL_TIM_IC_CaptureCallback
                0x0800f99e       0x14 ./Drivers/STM32F4xx_HAL_Driver/Src/stm32f4xx_hal_tim.o
                0x0800f99e                HAL_TIM_IC_CaptureCallback
 .text.HAL_TIM_PWM_PulseFinishedCallback
                0x0800f9b2       0x14 ./Drivers/STM32F4xx_HAL_Driver/Src/stm32f4xx_hal_tim.o
                0x0800f9b2                HAL_TIM_PWM_PulseFinishedCallback
 .text.HAL_TIM_TriggerCallback
                0x0800f9c6       0x14 ./Drivers/STM32F4xx_HAL_Driver/Src/stm32f4xx_hal_tim.o
                0x0800f9c6                HAL_TIM_TriggerCallback
 *fill*         0x0800f9da        0x2 
 .text.TIM_Base_SetConfig
                0x0800f9dc      0x158 ./Drivers/STM32F4xx_HAL_Driver/Src/stm32f4xx_hal_tim.o
                0x0800f9dc                TIM_Base_SetConfig
 .text.TIM_TI1_ConfigInputStage
                0x0800fb34       0x5e ./Drivers/STM32F4xx_HAL_Driver/Src/stm32f4xx_hal_tim.o
 .text.TIM_TI2_ConfigInputStage
                0x0800fb92       0x60 ./Drivers/STM32F4xx_HAL_Driver/Src/stm32f4xx_hal_tim.o
 .text.TIM_ITRx_SetConfig
                0x0800fbf2       0x36 ./Drivers/STM32F4xx_HAL_Driver/Src/stm32f4xx_hal_tim.o
 .text.TIM_ETR_SetConfig
                0x0800fc28       0x40 ./Drivers/STM32F4xx_HAL_Driver/Src/stm32f4xx_hal_tim.o
                0x0800fc28                TIM_ETR_SetConfig
 .text.HAL_TIMEx_MasterConfigSynchronization
                0x0800fc68       0xf8 ./Drivers/STM32F4xx_HAL_Driver/Src/stm32f4xx_hal_tim_ex.o
                0x0800fc68                HAL_TIMEx_MasterConfigSynchronization
 .text.HAL_TIMEx_CommutCallback
                0x0800fd60       0x14 ./Drivers/STM32F4xx_HAL_Driver/Src/stm32f4xx_hal_tim_ex.o
                0x0800fd60                HAL_TIMEx_CommutCallback
 .text.HAL_TIMEx_BreakCallback
                0x0800fd74       0x14 ./Drivers/STM32F4xx_HAL_Driver/Src/stm32f4xx_hal_tim_ex.o
                0x0800fd74                HAL_TIMEx_BreakCallback
 .text.HAL_UART_Init
                0x0800fd88       0xa0 ./Drivers/STM32F4xx_HAL_Driver/Src/stm32f4xx_hal_uart.o
                0x0800fd88                HAL_UART_Init
 .text.HAL_UART_Transmit
                0x0800fe28      0x116 ./Drivers/STM32F4xx_HAL_Driver/Src/stm32f4xx_hal_uart.o
                0x0800fe28                HAL_UART_Transmit
 *fill*         0x0800ff3e        0x2 
 .text.HAL_UART_IRQHandler
                0x0800ff40      0x524 ./Drivers/STM32F4xx_HAL_Driver/Src/stm32f4xx_hal_uart.o
                0x0800ff40                HAL_UART_IRQHandler
 .text.HAL_UART_TxCpltCallback
                0x08010464       0x14 ./Drivers/STM32F4xx_HAL_Driver/Src/stm32f4xx_hal_uart.o
                0x08010464                HAL_UART_TxCpltCallback
 .text.HAL_UART_RxCpltCallback
                0x08010478       0x14 ./Drivers/STM32F4xx_HAL_Driver/Src/stm32f4xx_hal_uart.o
                0x08010478                HAL_UART_RxCpltCallback
 .text.HAL_UARTEx_RxEventCallback
                0x0801048c       0x18 ./Drivers/STM32F4xx_HAL_Driver/Src/stm32f4xx_hal_uart.o
                0x0801048c                HAL_UARTEx_RxEventCallback
 .text.UART_WaitOnFlagUntilTimeout
                0x080104a4       0xb2 ./Drivers/STM32F4xx_HAL_Driver/Src/stm32f4xx_hal_uart.o
 .text.UART_EndRxTransfer
                0x08010556       0xc6 ./Drivers/STM32F4xx_HAL_Driver/Src/stm32f4xx_hal_uart.o
 .text.UART_DMAAbortOnError
                0x0801061c       0x28 ./Drivers/STM32F4xx_HAL_Driver/Src/stm32f4xx_hal_uart.o
 .text.UART_Transmit_IT
                0x08010644       0xa0 ./Drivers/STM32F4xx_HAL_Driver/Src/stm32f4xx_hal_uart.o
 .text.UART_EndTransmit_IT
                0x080106e4       0x30 ./Drivers/STM32F4xx_HAL_Driver/Src/stm32f4xx_hal_uart.o
 .text.UART_Receive_IT
                0x08010714      0x17c ./Drivers/STM32F4xx_HAL_Driver/Src/stm32f4xx_hal_uart.o
 .text.UART_SetConfig
                0x08010890      0x4e8 ./Drivers/STM32F4xx_HAL_Driver/Src/stm32f4xx_hal_uart.o
 .text.__cvt    0x08010d78       0xca C:/ST/STM32CubeIDE_1.16.1/STM32CubeIDE/plugins/com.st.stm32cube.ide.mcu.externaltools.gnu-tools-for-stm32.12.3.rel1.win32_1.0.200.202406191623/tools/bin/../lib/gcc/arm-none-eabi/12.3.1/../../../../arm-none-eabi/lib/thumb/v7e-m+fp/hard\libc_nano.a(libc_a-nano-vfprintf_float.o)
                0x08010d78                __cvt
 .text.__exponent
                0x08010e42       0x74 C:/ST/STM32CubeIDE_1.16.1/STM32CubeIDE/plugins/com.st.stm32cube.ide.mcu.externaltools.gnu-tools-for-stm32.12.3.rel1.win32_1.0.200.202406191623/tools/bin/../lib/gcc/arm-none-eabi/12.3.1/../../../../arm-none-eabi/lib/thumb/v7e-m+fp/hard\libc_nano.a(libc_a-nano-vfprintf_float.o)
                0x08010e42                __exponent
 *fill*         0x08010eb6        0x2 
 .text._printf_float
                0x08010eb8      0x454 C:/ST/STM32CubeIDE_1.16.1/STM32CubeIDE/plugins/com.st.stm32cube.ide.mcu.externaltools.gnu-tools-for-stm32.12.3.rel1.win32_1.0.200.202406191623/tools/bin/../lib/gcc/arm-none-eabi/12.3.1/../../../../arm-none-eabi/lib/thumb/v7e-m+fp/hard\libc_nano.a(libc_a-nano-vfprintf_float.o)
                0x08010eb8                _printf_float
 .text._printf_common
                0x0801130c       0xda C:/ST/STM32CubeIDE_1.16.1/STM32CubeIDE/plugins/com.st.stm32cube.ide.mcu.externaltools.gnu-tools-for-stm32.12.3.rel1.win32_1.0.200.202406191623/tools/bin/../lib/gcc/arm-none-eabi/12.3.1/../../../../arm-none-eabi/lib/thumb/v7e-m+fp/hard\libc_nano.a(libc_a-nano-vfprintf_i.o)
                0x0801130c                _printf_common
 *fill*         0x080113e6        0x2 
 .text._printf_i
                0x080113e8      0x240 C:/ST/STM32CubeIDE_1.16.1/STM32CubeIDE/plugins/com.st.stm32cube.ide.mcu.externaltools.gnu-tools-for-stm32.12.3.rel1.win32_1.0.200.202406191623/tools/bin/../lib/gcc/arm-none-eabi/12.3.1/../../../../arm-none-eabi/lib/thumb/v7e-m+fp/hard\libc_nano.a(libc_a-nano-vfprintf_i.o)
                0x080113e8                _printf_i
 .text.std      0x08011628       0x6c C:/ST/STM32CubeIDE_1.16.1/STM32CubeIDE/plugins/com.st.stm32cube.ide.mcu.externaltools.gnu-tools-for-stm32.12.3.rel1.win32_1.0.200.202406191623/tools/bin/../lib/gcc/arm-none-eabi/12.3.1/../../../../arm-none-eabi/lib/thumb/v7e-m+fp/hard\libc_nano.a(libc_a-findfp.o)
 .text.stdio_exit_handler
                0x08011694       0x18 C:/ST/STM32CubeIDE_1.16.1/STM32CubeIDE/plugins/com.st.stm32cube.ide.mcu.externaltools.gnu-tools-for-stm32.12.3.rel1.win32_1.0.200.202406191623/tools/bin/../lib/gcc/arm-none-eabi/12.3.1/../../../../arm-none-eabi/lib/thumb/v7e-m+fp/hard\libc_nano.a(libc_a-findfp.o)
 .text.cleanup_stdio
                0x080116ac       0x40 C:/ST/STM32CubeIDE_1.16.1/STM32CubeIDE/plugins/com.st.stm32cube.ide.mcu.externaltools.gnu-tools-for-stm32.12.3.rel1.win32_1.0.200.202406191623/tools/bin/../lib/gcc/arm-none-eabi/12.3.1/../../../../arm-none-eabi/lib/thumb/v7e-m+fp/hard\libc_nano.a(libc_a-findfp.o)
 .text.global_stdio_init.part.0
                0x080116ec       0x3c C:/ST/STM32CubeIDE_1.16.1/STM32CubeIDE/plugins/com.st.stm32cube.ide.mcu.externaltools.gnu-tools-for-stm32.12.3.rel1.win32_1.0.200.202406191623/tools/bin/../lib/gcc/arm-none-eabi/12.3.1/../../../../arm-none-eabi/lib/thumb/v7e-m+fp/hard\libc_nano.a(libc_a-findfp.o)
 .text.__sfp_lock_acquire
                0x08011728        0xc C:/ST/STM32CubeIDE_1.16.1/STM32CubeIDE/plugins/com.st.stm32cube.ide.mcu.externaltools.gnu-tools-for-stm32.12.3.rel1.win32_1.0.200.202406191623/tools/bin/../lib/gcc/arm-none-eabi/12.3.1/../../../../arm-none-eabi/lib/thumb/v7e-m+fp/hard\libc_nano.a(libc_a-findfp.o)
                0x08011728                __sfp_lock_acquire
 .text.__sfp_lock_release
                0x08011734        0xc C:/ST/STM32CubeIDE_1.16.1/STM32CubeIDE/plugins/com.st.stm32cube.ide.mcu.externaltools.gnu-tools-for-stm32.12.3.rel1.win32_1.0.200.202406191623/tools/bin/../lib/gcc/arm-none-eabi/12.3.1/../../../../arm-none-eabi/lib/thumb/v7e-m+fp/hard\libc_nano.a(libc_a-findfp.o)
                0x08011734                __sfp_lock_release
 .text.__sinit  0x08011740       0x30 C:/ST/STM32CubeIDE_1.16.1/STM32CubeIDE/plugins/com.st.stm32cube.ide.mcu.externaltools.gnu-tools-for-stm32.12.3.rel1.win32_1.0.200.202406191623/tools/bin/../lib/gcc/arm-none-eabi/12.3.1/../../../../arm-none-eabi/lib/thumb/v7e-m+fp/hard\libc_nano.a(libc_a-findfp.o)
                0x08011740                __sinit
 .text._fwalk_sglue
                0x08011770       0x3c C:/ST/STM32CubeIDE_1.16.1/STM32CubeIDE/plugins/com.st.stm32cube.ide.mcu.externaltools.gnu-tools-for-stm32.12.3.rel1.win32_1.0.200.202406191623/tools/bin/../lib/gcc/arm-none-eabi/12.3.1/../../../../arm-none-eabi/lib/thumb/v7e-m+fp/hard\libc_nano.a(libc_a-fwalk.o)
                0x08011770                _fwalk_sglue
 .text.sprintf  0x080117ac       0x40 C:/ST/STM32CubeIDE_1.16.1/STM32CubeIDE/plugins/com.st.stm32cube.ide.mcu.externaltools.gnu-tools-for-stm32.12.3.rel1.win32_1.0.200.202406191623/tools/bin/../lib/gcc/arm-none-eabi/12.3.1/../../../../arm-none-eabi/lib/thumb/v7e-m+fp/hard\libc_nano.a(libc_a-sprintf.o)
                0x080117ac                siprintf
                0x080117ac                sprintf
 .text.__sread  0x080117ec       0x22 C:/ST/STM32CubeIDE_1.16.1/STM32CubeIDE/plugins/com.st.stm32cube.ide.mcu.externaltools.gnu-tools-for-stm32.12.3.rel1.win32_1.0.200.202406191623/tools/bin/../lib/gcc/arm-none-eabi/12.3.1/../../../../arm-none-eabi/lib/thumb/v7e-m+fp/hard\libc_nano.a(libc_a-stdio.o)
                0x080117ec                __sread
 .text.__swrite
                0x0801180e       0x38 C:/ST/STM32CubeIDE_1.16.1/STM32CubeIDE/plugins/com.st.stm32cube.ide.mcu.externaltools.gnu-tools-for-stm32.12.3.rel1.win32_1.0.200.202406191623/tools/bin/../lib/gcc/arm-none-eabi/12.3.1/../../../../arm-none-eabi/lib/thumb/v7e-m+fp/hard\libc_nano.a(libc_a-stdio.o)
                0x0801180e                __swrite
 .text.__sseek  0x08011846       0x24 C:/ST/STM32CubeIDE_1.16.1/STM32CubeIDE/plugins/com.st.stm32cube.ide.mcu.externaltools.gnu-tools-for-stm32.12.3.rel1.win32_1.0.200.202406191623/tools/bin/../lib/gcc/arm-none-eabi/12.3.1/../../../../arm-none-eabi/lib/thumb/v7e-m+fp/hard\libc_nano.a(libc_a-stdio.o)
                0x08011846                __sseek
 .text.__sclose
                0x0801186a        0x8 C:/ST/STM32CubeIDE_1.16.1/STM32CubeIDE/plugins/com.st.stm32cube.ide.mcu.externaltools.gnu-tools-for-stm32.12.3.rel1.win32_1.0.200.202406191623/tools/bin/../lib/gcc/arm-none-eabi/12.3.1/../../../../arm-none-eabi/lib/thumb/v7e-m+fp/hard\libc_nano.a(libc_a-stdio.o)
                0x0801186a                __sclose
 *fill*         0x08011872        0x2 
 .text._vsprintf_r
                0x08011874       0x2c C:/ST/STM32CubeIDE_1.16.1/STM32CubeIDE/plugins/com.st.stm32cube.ide.mcu.externaltools.gnu-tools-for-stm32.12.3.rel1.win32_1.0.200.202406191623/tools/bin/../lib/gcc/arm-none-eabi/12.3.1/../../../../arm-none-eabi/lib/thumb/v7e-m+fp/hard\libc_nano.a(libc_a-vsprintf.o)
                0x08011874                _vsprintf_r
                0x08011874                _vsiprintf_r
 .text.vsprintf
                0x080118a0       0x14 C:/ST/STM32CubeIDE_1.16.1/STM32CubeIDE/plugins/com.st.stm32cube.ide.mcu.externaltools.gnu-tools-for-stm32.12.3.rel1.win32_1.0.200.202406191623/tools/bin/../lib/gcc/arm-none-eabi/12.3.1/../../../../arm-none-eabi/lib/thumb/v7e-m+fp/hard\libc_nano.a(libc_a-vsprintf.o)
                0x080118a0                vsiprintf
                0x080118a0                vsprintf
 .text.memset   0x080118b4       0x10 C:/ST/STM32CubeIDE_1.16.1/STM32CubeIDE/plugins/com.st.stm32cube.ide.mcu.externaltools.gnu-tools-for-stm32.12.3.rel1.win32_1.0.200.202406191623/tools/bin/../lib/gcc/arm-none-eabi/12.3.1/../../../../arm-none-eabi/lib/thumb/v7e-m+fp/hard\libc_nano.a(libc_a-memset.o)
                0x080118b4                memset
 .text.strcat   0x080118c4       0x1e C:/ST/STM32CubeIDE_1.16.1/STM32CubeIDE/plugins/com.st.stm32cube.ide.mcu.externaltools.gnu-tools-for-stm32.12.3.rel1.win32_1.0.200.202406191623/tools/bin/../lib/gcc/arm-none-eabi/12.3.1/../../../../arm-none-eabi/lib/thumb/v7e-m+fp/hard\libc_nano.a(libc_a-strcat.o)
                0x080118c4                strcat
 *fill*         0x080118e2        0x2 
 .text._localeconv_r
                0x080118e4        0x8 C:/ST/STM32CubeIDE_1.16.1/STM32CubeIDE/plugins/com.st.stm32cube.ide.mcu.externaltools.gnu-tools-for-stm32.12.3.rel1.win32_1.0.200.202406191623/tools/bin/../lib/gcc/arm-none-eabi/12.3.1/../../../../arm-none-eabi/lib/thumb/v7e-m+fp/hard\libc_nano.a(libc_a-localeconv.o)
                0x080118e4                _localeconv_r
 .text._close_r
                0x080118ec       0x20 C:/ST/STM32CubeIDE_1.16.1/STM32CubeIDE/plugins/com.st.stm32cube.ide.mcu.externaltools.gnu-tools-for-stm32.12.3.rel1.win32_1.0.200.202406191623/tools/bin/../lib/gcc/arm-none-eabi/12.3.1/../../../../arm-none-eabi/lib/thumb/v7e-m+fp/hard\libc_nano.a(libc_a-closer.o)
                0x080118ec                _close_r
 .text._lseek_r
                0x0801190c       0x24 C:/ST/STM32CubeIDE_1.16.1/STM32CubeIDE/plugins/com.st.stm32cube.ide.mcu.externaltools.gnu-tools-for-stm32.12.3.rel1.win32_1.0.200.202406191623/tools/bin/../lib/gcc/arm-none-eabi/12.3.1/../../../../arm-none-eabi/lib/thumb/v7e-m+fp/hard\libc_nano.a(libc_a-lseekr.o)
                0x0801190c                _lseek_r
 .text._read_r  0x08011930       0x24 C:/ST/STM32CubeIDE_1.16.1/STM32CubeIDE/plugins/com.st.stm32cube.ide.mcu.externaltools.gnu-tools-for-stm32.12.3.rel1.win32_1.0.200.202406191623/tools/bin/../lib/gcc/arm-none-eabi/12.3.1/../../../../arm-none-eabi/lib/thumb/v7e-m+fp/hard\libc_nano.a(libc_a-readr.o)
                0x08011930                _read_r
 .text._write_r
                0x08011954       0x24 C:/ST/STM32CubeIDE_1.16.1/STM32CubeIDE/plugins/com.st.stm32cube.ide.mcu.externaltools.gnu-tools-for-stm32.12.3.rel1.win32_1.0.200.202406191623/tools/bin/../lib/gcc/arm-none-eabi/12.3.1/../../../../arm-none-eabi/lib/thumb/v7e-m+fp/hard\libc_nano.a(libc_a-writer.o)
                0x08011954                _write_r
 .text.__errno  0x08011978        0xc C:/ST/STM32CubeIDE_1.16.1/STM32CubeIDE/plugins/com.st.stm32cube.ide.mcu.externaltools.gnu-tools-for-stm32.12.3.rel1.win32_1.0.200.202406191623/tools/bin/../lib/gcc/arm-none-eabi/12.3.1/../../../../arm-none-eabi/lib/thumb/v7e-m+fp/hard\libc_nano.a(libc_a-errno.o)
                0x08011978                __errno
 .text.__libc_init_array
                0x08011984       0x48 C:/ST/STM32CubeIDE_1.16.1/STM32CubeIDE/plugins/com.st.stm32cube.ide.mcu.externaltools.gnu-tools-for-stm32.12.3.rel1.win32_1.0.200.202406191623/tools/bin/../lib/gcc/arm-none-eabi/12.3.1/../../../../arm-none-eabi/lib/thumb/v7e-m+fp/hard\libc_nano.a(libc_a-init.o)
                0x08011984                __libc_init_array
 .text.__retarget_lock_init_recursive
                0x080119cc        0x2 C:/ST/STM32CubeIDE_1.16.1/STM32CubeIDE/plugins/com.st.stm32cube.ide.mcu.externaltools.gnu-tools-for-stm32.12.3.rel1.win32_1.0.200.202406191623/tools/bin/../lib/gcc/arm-none-eabi/12.3.1/../../../../arm-none-eabi/lib/thumb/v7e-m+fp/hard\libc_nano.a(libc_a-lock.o)
                0x080119cc                __retarget_lock_init_recursive
 .text.__retarget_lock_acquire_recursive
                0x080119ce        0x2 C:/ST/STM32CubeIDE_1.16.1/STM32CubeIDE/plugins/com.st.stm32cube.ide.mcu.externaltools.gnu-tools-for-stm32.12.3.rel1.win32_1.0.200.202406191623/tools/bin/../lib/gcc/arm-none-eabi/12.3.1/../../../../arm-none-eabi/lib/thumb/v7e-m+fp/hard\libc_nano.a(libc_a-lock.o)
                0x080119ce                __retarget_lock_acquire_recursive
 .text.__retarget_lock_release_recursive
                0x080119d0        0x2 C:/ST/STM32CubeIDE_1.16.1/STM32CubeIDE/plugins/com.st.stm32cube.ide.mcu.externaltools.gnu-tools-for-stm32.12.3.rel1.win32_1.0.200.202406191623/tools/bin/../lib/gcc/arm-none-eabi/12.3.1/../../../../arm-none-eabi/lib/thumb/v7e-m+fp/hard\libc_nano.a(libc_a-lock.o)
                0x080119d0                __retarget_lock_release_recursive
 .text.memcpy   0x080119d2       0x1c C:/ST/STM32CubeIDE_1.16.1/STM32CubeIDE/plugins/com.st.stm32cube.ide.mcu.externaltools.gnu-tools-for-stm32.12.3.rel1.win32_1.0.200.202406191623/tools/bin/../lib/gcc/arm-none-eabi/12.3.1/../../../../arm-none-eabi/lib/thumb/v7e-m+fp/hard\libc_nano.a(libc_a-memcpy-stub.o)
                0x080119d2                memcpy
 .text.quorem   0x080119ee      0x110 C:/ST/STM32CubeIDE_1.16.1/STM32CubeIDE/plugins/com.st.stm32cube.ide.mcu.externaltools.gnu-tools-for-stm32.12.3.rel1.win32_1.0.200.202406191623/tools/bin/../lib/gcc/arm-none-eabi/12.3.1/../../../../arm-none-eabi/lib/thumb/v7e-m+fp/hard\libc_nano.a(libc_a-dtoa.o)
 *fill*         0x08011afe        0x2 
 .text._dtoa_r  0x08011b00      0xb88 C:/ST/STM32CubeIDE_1.16.1/STM32CubeIDE/plugins/com.st.stm32cube.ide.mcu.externaltools.gnu-tools-for-stm32.12.3.rel1.win32_1.0.200.202406191623/tools/bin/../lib/gcc/arm-none-eabi/12.3.1/../../../../arm-none-eabi/lib/thumb/v7e-m+fp/hard\libc_nano.a(libc_a-dtoa.o)
                0x08011b00                _dtoa_r
 .text._free_r  0x08012688       0x94 C:/ST/STM32CubeIDE_1.16.1/STM32CubeIDE/plugins/com.st.stm32cube.ide.mcu.externaltools.gnu-tools-for-stm32.12.3.rel1.win32_1.0.200.202406191623/tools/bin/../lib/gcc/arm-none-eabi/12.3.1/../../../../arm-none-eabi/lib/thumb/v7e-m+fp/hard\libc_nano.a(libc_a-freer.o)
                0x08012688                _free_r
 .text.malloc   0x0801271c       0x10 C:/ST/STM32CubeIDE_1.16.1/STM32CubeIDE/plugins/com.st.stm32cube.ide.mcu.externaltools.gnu-tools-for-stm32.12.3.rel1.win32_1.0.200.202406191623/tools/bin/../lib/gcc/arm-none-eabi/12.3.1/../../../../arm-none-eabi/lib/thumb/v7e-m+fp/hard\libc_nano.a(libc_a-malloc.o)
                0x0801271c                malloc
 .text.sbrk_aligned
                0x0801272c       0x44 C:/ST/STM32CubeIDE_1.16.1/STM32CubeIDE/plugins/com.st.stm32cube.ide.mcu.externaltools.gnu-tools-for-stm32.12.3.rel1.win32_1.0.200.202406191623/tools/bin/../lib/gcc/arm-none-eabi/12.3.1/../../../../arm-none-eabi/lib/thumb/v7e-m+fp/hard\libc_nano.a(libc_a-mallocr.o)
 .text._malloc_r
                0x08012770      0x100 C:/ST/STM32CubeIDE_1.16.1/STM32CubeIDE/plugins/com.st.stm32cube.ide.mcu.externaltools.gnu-tools-for-stm32.12.3.rel1.win32_1.0.200.202406191623/tools/bin/../lib/gcc/arm-none-eabi/12.3.1/../../../../arm-none-eabi/lib/thumb/v7e-m+fp/hard\libc_nano.a(libc_a-mallocr.o)
                0x08012770                _malloc_r
 .text.__malloc_lock
                0x08012870        0xc C:/ST/STM32CubeIDE_1.16.1/STM32CubeIDE/plugins/com.st.stm32cube.ide.mcu.externaltools.gnu-tools-for-stm32.12.3.rel1.win32_1.0.200.202406191623/tools/bin/../lib/gcc/arm-none-eabi/12.3.1/../../../../arm-none-eabi/lib/thumb/v7e-m+fp/hard\libc_nano.a(libc_a-mlock.o)
                0x08012870                __malloc_lock
 .text.__malloc_unlock
                0x0801287c        0xc C:/ST/STM32CubeIDE_1.16.1/STM32CubeIDE/plugins/com.st.stm32cube.ide.mcu.externaltools.gnu-tools-for-stm32.12.3.rel1.win32_1.0.200.202406191623/tools/bin/../lib/gcc/arm-none-eabi/12.3.1/../../../../arm-none-eabi/lib/thumb/v7e-m+fp/hard\libc_nano.a(libc_a-mlock.o)
                0x0801287c                __malloc_unlock
 .text._Balloc  0x08012888       0x80 C:/ST/STM32CubeIDE_1.16.1/STM32CubeIDE/plugins/com.st.stm32cube.ide.mcu.externaltools.gnu-tools-for-stm32.12.3.rel1.win32_1.0.200.202406191623/tools/bin/../lib/gcc/arm-none-eabi/12.3.1/../../../../arm-none-eabi/lib/thumb/v7e-m+fp/hard\libc_nano.a(libc_a-mprec.o)
                0x08012888                _Balloc
 .text._Bfree   0x08012908       0x44 C:/ST/STM32CubeIDE_1.16.1/STM32CubeIDE/plugins/com.st.stm32cube.ide.mcu.externaltools.gnu-tools-for-stm32.12.3.rel1.win32_1.0.200.202406191623/tools/bin/../lib/gcc/arm-none-eabi/12.3.1/../../../../arm-none-eabi/lib/thumb/v7e-m+fp/hard\libc_nano.a(libc_a-mprec.o)
                0x08012908                _Bfree
 .text.__multadd
                0x0801294c       0x8c C:/ST/STM32CubeIDE_1.16.1/STM32CubeIDE/plugins/com.st.stm32cube.ide.mcu.externaltools.gnu-tools-for-stm32.12.3.rel1.win32_1.0.200.202406191623/tools/bin/../lib/gcc/arm-none-eabi/12.3.1/../../../../arm-none-eabi/lib/thumb/v7e-m+fp/hard\libc_nano.a(libc_a-mprec.o)
                0x0801294c                __multadd
 .text.__hi0bits
                0x080129d8       0x3e C:/ST/STM32CubeIDE_1.16.1/STM32CubeIDE/plugins/com.st.stm32cube.ide.mcu.externaltools.gnu-tools-for-stm32.12.3.rel1.win32_1.0.200.202406191623/tools/bin/../lib/gcc/arm-none-eabi/12.3.1/../../../../arm-none-eabi/lib/thumb/v7e-m+fp/hard\libc_nano.a(libc_a-mprec.o)
                0x080129d8                __hi0bits
 .text.__lo0bits
                0x08012a16       0x5a C:/ST/STM32CubeIDE_1.16.1/STM32CubeIDE/plugins/com.st.stm32cube.ide.mcu.externaltools.gnu-tools-for-stm32.12.3.rel1.win32_1.0.200.202406191623/tools/bin/../lib/gcc/arm-none-eabi/12.3.1/../../../../arm-none-eabi/lib/thumb/v7e-m+fp/hard\libc_nano.a(libc_a-mprec.o)
                0x08012a16                __lo0bits
 .text.__i2b    0x08012a70       0x2c C:/ST/STM32CubeIDE_1.16.1/STM32CubeIDE/plugins/com.st.stm32cube.ide.mcu.externaltools.gnu-tools-for-stm32.12.3.rel1.win32_1.0.200.202406191623/tools/bin/../lib/gcc/arm-none-eabi/12.3.1/../../../../arm-none-eabi/lib/thumb/v7e-m+fp/hard\libc_nano.a(libc_a-mprec.o)
                0x08012a70                __i2b
 .text.__multiply
                0x08012a9c      0x154 C:/ST/STM32CubeIDE_1.16.1/STM32CubeIDE/plugins/com.st.stm32cube.ide.mcu.externaltools.gnu-tools-for-stm32.12.3.rel1.win32_1.0.200.202406191623/tools/bin/../lib/gcc/arm-none-eabi/12.3.1/../../../../arm-none-eabi/lib/thumb/v7e-m+fp/hard\libc_nano.a(libc_a-mprec.o)
                0x08012a9c                __multiply
 .text.__pow5mult
                0x08012bf0       0xb4 C:/ST/STM32CubeIDE_1.16.1/STM32CubeIDE/plugins/com.st.stm32cube.ide.mcu.externaltools.gnu-tools-for-stm32.12.3.rel1.win32_1.0.200.202406191623/tools/bin/../lib/gcc/arm-none-eabi/12.3.1/../../../../arm-none-eabi/lib/thumb/v7e-m+fp/hard\libc_nano.a(libc_a-mprec.o)
                0x08012bf0                __pow5mult
 .text.__lshift
                0x08012ca4       0xd8 C:/ST/STM32CubeIDE_1.16.1/STM32CubeIDE/plugins/com.st.stm32cube.ide.mcu.externaltools.gnu-tools-for-stm32.12.3.rel1.win32_1.0.200.202406191623/tools/bin/../lib/gcc/arm-none-eabi/12.3.1/../../../../arm-none-eabi/lib/thumb/v7e-m+fp/hard\libc_nano.a(libc_a-mprec.o)
                0x08012ca4                __lshift
 .text.__mcmp   0x08012d7c       0x36 C:/ST/STM32CubeIDE_1.16.1/STM32CubeIDE/plugins/com.st.stm32cube.ide.mcu.externaltools.gnu-tools-for-stm32.12.3.rel1.win32_1.0.200.202406191623/tools/bin/../lib/gcc/arm-none-eabi/12.3.1/../../../../arm-none-eabi/lib/thumb/v7e-m+fp/hard\libc_nano.a(libc_a-mprec.o)
                0x08012d7c                __mcmp
 *fill*         0x08012db2        0x2 
 .text.__mdiff  0x08012db4      0x128 C:/ST/STM32CubeIDE_1.16.1/STM32CubeIDE/plugins/com.st.stm32cube.ide.mcu.externaltools.gnu-tools-for-stm32.12.3.rel1.win32_1.0.200.202406191623/tools/bin/../lib/gcc/arm-none-eabi/12.3.1/../../../../arm-none-eabi/lib/thumb/v7e-m+fp/hard\libc_nano.a(libc_a-mprec.o)
                0x08012db4                __mdiff
 .text.__d2b    0x08012edc       0xb0 C:/ST/STM32CubeIDE_1.16.1/STM32CubeIDE/plugins/com.st.stm32cube.ide.mcu.externaltools.gnu-tools-for-stm32.12.3.rel1.win32_1.0.200.202406191623/tools/bin/../lib/gcc/arm-none-eabi/12.3.1/../../../../arm-none-eabi/lib/thumb/v7e-m+fp/hard\libc_nano.a(libc_a-mprec.o)
                0x08012edc                __d2b
 .text.__ssputs_r
                0x08012f8c       0xb6 C:/ST/STM32CubeIDE_1.16.1/STM32CubeIDE/plugins/com.st.stm32cube.ide.mcu.externaltools.gnu-tools-for-stm32.12.3.rel1.win32_1.0.200.202406191623/tools/bin/../lib/gcc/arm-none-eabi/12.3.1/../../../../arm-none-eabi/lib/thumb/v7e-m+fp/hard\libc_nano.a(libc_a-nano-svfprintf.o)
                0x08012f8c                __ssputs_r
 *fill*         0x08013042        0x2 
 .text._svfprintf_r
                0x08013044      0x1f8 C:/ST/STM32CubeIDE_1.16.1/STM32CubeIDE/plugins/com.st.stm32cube.ide.mcu.externaltools.gnu-tools-for-stm32.12.3.rel1.win32_1.0.200.202406191623/tools/bin/../lib/gcc/arm-none-eabi/12.3.1/../../../../arm-none-eabi/lib/thumb/v7e-m+fp/hard\libc_nano.a(libc_a-nano-svfprintf.o)
                0x08013044                _svfiprintf_r
                0x08013044                _svfprintf_r
 .text.__sflush_r
                0x0801323c      0x108 C:/ST/STM32CubeIDE_1.16.1/STM32CubeIDE/plugins/com.st.stm32cube.ide.mcu.externaltools.gnu-tools-for-stm32.12.3.rel1.win32_1.0.200.202406191623/tools/bin/../lib/gcc/arm-none-eabi/12.3.1/../../../../arm-none-eabi/lib/thumb/v7e-m+fp/hard\libc_nano.a(libc_a-fflush.o)
                0x0801323c                __sflush_r
 .text._fflush_r
                0x08013344       0x50 C:/ST/STM32CubeIDE_1.16.1/STM32CubeIDE/plugins/com.st.stm32cube.ide.mcu.externaltools.gnu-tools-for-stm32.12.3.rel1.win32_1.0.200.202406191623/tools/bin/../lib/gcc/arm-none-eabi/12.3.1/../../../../arm-none-eabi/lib/thumb/v7e-m+fp/hard\libc_nano.a(libc_a-fflush.o)
                0x08013344                _fflush_r
 .text.memmove  0x08013394       0x34 C:/ST/STM32CubeIDE_1.16.1/STM32CubeIDE/plugins/com.st.stm32cube.ide.mcu.externaltools.gnu-tools-for-stm32.12.3.rel1.win32_1.0.200.202406191623/tools/bin/../lib/gcc/arm-none-eabi/12.3.1/../../../../arm-none-eabi/lib/thumb/v7e-m+fp/hard\libc_nano.a(libc_a-memmove.o)
                0x08013394                memmove
 .text._sbrk_r  0x080133c8       0x20 C:/ST/STM32CubeIDE_1.16.1/STM32CubeIDE/plugins/com.st.stm32cube.ide.mcu.externaltools.gnu-tools-for-stm32.12.3.rel1.win32_1.0.200.202406191623/tools/bin/../lib/gcc/arm-none-eabi/12.3.1/../../../../arm-none-eabi/lib/thumb/v7e-m+fp/hard\libc_nano.a(libc_a-sbrkr.o)
                0x080133c8                _sbrk_r
 .text.__assert_func
                0x080133e8       0x3c C:/ST/STM32CubeIDE_1.16.1/STM32CubeIDE/plugins/com.st.stm32cube.ide.mcu.externaltools.gnu-tools-for-stm32.12.3.rel1.win32_1.0.200.202406191623/tools/bin/../lib/gcc/arm-none-eabi/12.3.1/../../../../arm-none-eabi/lib/thumb/v7e-m+fp/hard\libc_nano.a(libc_a-assert.o)
                0x080133e8                __assert_func
 .text._calloc_r
                0x08013424       0x28 C:/ST/STM32CubeIDE_1.16.1/STM32CubeIDE/plugins/com.st.stm32cube.ide.mcu.externaltools.gnu-tools-for-stm32.12.3.rel1.win32_1.0.200.202406191623/tools/bin/../lib/gcc/arm-none-eabi/12.3.1/../../../../arm-none-eabi/lib/thumb/v7e-m+fp/hard\libc_nano.a(libc_a-callocr.o)
                0x08013424                _calloc_r
 .text.__ascii_mbtowc
                0x0801344c       0x24 C:/ST/STM32CubeIDE_1.16.1/STM32CubeIDE/plugins/com.st.stm32cube.ide.mcu.externaltools.gnu-tools-for-stm32.12.3.rel1.win32_1.0.200.202406191623/tools/bin/../lib/gcc/arm-none-eabi/12.3.1/../../../../arm-none-eabi/lib/thumb/v7e-m+fp/hard\libc_nano.a(libc_a-mbtowc_r.o)
                0x0801344c                __ascii_mbtowc
 .text._realloc_r
                0x08013470       0x5c C:/ST/STM32CubeIDE_1.16.1/STM32CubeIDE/plugins/com.st.stm32cube.ide.mcu.externaltools.gnu-tools-for-stm32.12.3.rel1.win32_1.0.200.202406191623/tools/bin/../lib/gcc/arm-none-eabi/12.3.1/../../../../arm-none-eabi/lib/thumb/v7e-m+fp/hard\libc_nano.a(libc_a-reallocr.o)
                0x08013470                _realloc_r
 .text.__ascii_wctomb
                0x080134cc       0x1a C:/ST/STM32CubeIDE_1.16.1/STM32CubeIDE/plugins/com.st.stm32cube.ide.mcu.externaltools.gnu-tools-for-stm32.12.3.rel1.win32_1.0.200.202406191623/tools/bin/../lib/gcc/arm-none-eabi/12.3.1/../../../../arm-none-eabi/lib/thumb/v7e-m+fp/hard\libc_nano.a(libc_a-wctomb_r.o)
                0x080134cc                __ascii_wctomb
 *fill*         0x080134e6        0x2 
 .text.fprintf  0x080134e8       0x24 C:/ST/STM32CubeIDE_1.16.1/STM32CubeIDE/plugins/com.st.stm32cube.ide.mcu.externaltools.gnu-tools-for-stm32.12.3.rel1.win32_1.0.200.202406191623/tools/bin/../lib/gcc/arm-none-eabi/12.3.1/../../../../arm-none-eabi/lib/thumb/v7e-m+fp/hard\libc_nano.a(libc_a-fprintf.o)
                0x080134e8                fiprintf
                0x080134e8                fprintf
 .text.abort    0x0801350c        0xe C:/ST/STM32CubeIDE_1.16.1/STM32CubeIDE/plugins/com.st.stm32cube.ide.mcu.externaltools.gnu-tools-for-stm32.12.3.rel1.win32_1.0.200.202406191623/tools/bin/../lib/gcc/arm-none-eabi/12.3.1/../../../../arm-none-eabi/lib/thumb/v7e-m+fp/hard\libc_nano.a(libc_a-abort.o)
                0x0801350c                abort
 .text._malloc_usable_size_r
                0x0801351a       0x10 C:/ST/STM32CubeIDE_1.16.1/STM32CubeIDE/plugins/com.st.stm32cube.ide.mcu.externaltools.gnu-tools-for-stm32.12.3.rel1.win32_1.0.200.202406191623/tools/bin/../lib/gcc/arm-none-eabi/12.3.1/../../../../arm-none-eabi/lib/thumb/v7e-m+fp/hard\libc_nano.a(libc_a-msizer.o)
                0x0801351a                _malloc_usable_size_r
 .text.__sfputc_r
                0x0801352a       0x2e C:/ST/STM32CubeIDE_1.16.1/STM32CubeIDE/plugins/com.st.stm32cube.ide.mcu.externaltools.gnu-tools-for-stm32.12.3.rel1.win32_1.0.200.202406191623/tools/bin/../lib/gcc/arm-none-eabi/12.3.1/../../../../arm-none-eabi/lib/thumb/v7e-m+fp/hard\libc_nano.a(libc_a-nano-vfprintf.o)
 .text.__sfputs_r
                0x08013558       0x24 C:/ST/STM32CubeIDE_1.16.1/STM32CubeIDE/plugins/com.st.stm32cube.ide.mcu.externaltools.gnu-tools-for-stm32.12.3.rel1.win32_1.0.200.202406191623/tools/bin/../lib/gcc/arm-none-eabi/12.3.1/../../../../arm-none-eabi/lib/thumb/v7e-m+fp/hard\libc_nano.a(libc_a-nano-vfprintf.o)
                0x08013558                __sfputs_r
 .text._vfprintf_r
                0x0801357c      0x230 C:/ST/STM32CubeIDE_1.16.1/STM32CubeIDE/plugins/com.st.stm32cube.ide.mcu.externaltools.gnu-tools-for-stm32.12.3.rel1.win32_1.0.200.202406191623/tools/bin/../lib/gcc/arm-none-eabi/12.3.1/../../../../arm-none-eabi/lib/thumb/v7e-m+fp/hard\libc_nano.a(libc_a-nano-vfprintf.o)
                0x0801357c                _vfprintf_r
                0x0801357c                _vfiprintf_r
 .text.__swbuf_r
                0x080137ac       0x7c C:/ST/STM32CubeIDE_1.16.1/STM32CubeIDE/plugins/com.st.stm32cube.ide.mcu.externaltools.gnu-tools-for-stm32.12.3.rel1.win32_1.0.200.202406191623/tools/bin/../lib/gcc/arm-none-eabi/12.3.1/../../../../arm-none-eabi/lib/thumb/v7e-m+fp/hard\libc_nano.a(libc_a-wbuf.o)
                0x080137ac                __swbuf_r
 .text.__swsetup_r
                0x08013828       0xac C:/ST/STM32CubeIDE_1.16.1/STM32CubeIDE/plugins/com.st.stm32cube.ide.mcu.externaltools.gnu-tools-for-stm32.12.3.rel1.win32_1.0.200.202406191623/tools/bin/../lib/gcc/arm-none-eabi/12.3.1/../../../../arm-none-eabi/lib/thumb/v7e-m+fp/hard\libc_nano.a(libc_a-wsetup.o)
                0x08013828                __swsetup_r
 .text._raise_r
                0x080138d4       0x50 C:/ST/STM32CubeIDE_1.16.1/STM32CubeIDE/plugins/com.st.stm32cube.ide.mcu.externaltools.gnu-tools-for-stm32.12.3.rel1.win32_1.0.200.202406191623/tools/bin/../lib/gcc/arm-none-eabi/12.3.1/../../../../arm-none-eabi/lib/thumb/v7e-m+fp/hard\libc_nano.a(libc_a-signal.o)
                0x080138d4                _raise_r
 .text.raise    0x08013924       0x10 C:/ST/STM32CubeIDE_1.16.1/STM32CubeIDE/plugins/com.st.stm32cube.ide.mcu.externaltools.gnu-tools-for-stm32.12.3.rel1.win32_1.0.200.202406191623/tools/bin/../lib/gcc/arm-none-eabi/12.3.1/../../../../arm-none-eabi/lib/thumb/v7e-m+fp/hard\libc_nano.a(libc_a-signal.o)
                0x08013924                raise
 .text._kill_r  0x08013934       0x24 C:/ST/STM32CubeIDE_1.16.1/STM32CubeIDE/plugins/com.st.stm32cube.ide.mcu.externaltools.gnu-tools-for-stm32.12.3.rel1.win32_1.0.200.202406191623/tools/bin/../lib/gcc/arm-none-eabi/12.3.1/../../../../arm-none-eabi/lib/thumb/v7e-m+fp/hard\libc_nano.a(libc_a-signalr.o)
                0x08013934                _kill_r
 .text._getpid_r
                0x08013958        0x4 C:/ST/STM32CubeIDE_1.16.1/STM32CubeIDE/plugins/com.st.stm32cube.ide.mcu.externaltools.gnu-tools-for-stm32.12.3.rel1.win32_1.0.200.202406191623/tools/bin/../lib/gcc/arm-none-eabi/12.3.1/../../../../arm-none-eabi/lib/thumb/v7e-m+fp/hard\libc_nano.a(libc_a-signalr.o)
                0x08013958                _getpid_r
 .text.__swhatbuf_r
                0x0801395c       0x4c C:/ST/STM32CubeIDE_1.16.1/STM32CubeIDE/plugins/com.st.stm32cube.ide.mcu.externaltools.gnu-tools-for-stm32.12.3.rel1.win32_1.0.200.202406191623/tools/bin/../lib/gcc/arm-none-eabi/12.3.1/../../../../arm-none-eabi/lib/thumb/v7e-m+fp/hard\libc_nano.a(libc_a-makebuf.o)
                0x0801395c                __swhatbuf_r
 .text.__smakebuf_r
                0x080139a8       0x78 C:/ST/STM32CubeIDE_1.16.1/STM32CubeIDE/plugins/com.st.stm32cube.ide.mcu.externaltools.gnu-tools-for-stm32.12.3.rel1.win32_1.0.200.202406191623/tools/bin/../lib/gcc/arm-none-eabi/12.3.1/../../../../arm-none-eabi/lib/thumb/v7e-m+fp/hard\libc_nano.a(libc_a-makebuf.o)
                0x080139a8                __smakebuf_r
 .text._fstat_r
                0x08013a20       0x24 C:/ST/STM32CubeIDE_1.16.1/STM32CubeIDE/plugins/com.st.stm32cube.ide.mcu.externaltools.gnu-tools-for-stm32.12.3.rel1.win32_1.0.200.202406191623/tools/bin/../lib/gcc/arm-none-eabi/12.3.1/../../../../arm-none-eabi/lib/thumb/v7e-m+fp/hard\libc_nano.a(libc_a-fstatr.o)
                0x08013a20                _fstat_r
 .text._isatty_r
                0x08013a44       0x20 C:/ST/STM32CubeIDE_1.16.1/STM32CubeIDE/plugins/com.st.stm32cube.ide.mcu.externaltools.gnu-tools-for-stm32.12.3.rel1.win32_1.0.200.202406191623/tools/bin/../lib/gcc/arm-none-eabi/12.3.1/../../../../arm-none-eabi/lib/thumb/v7e-m+fp/hard\libc_nano.a(libc_a-isattyr.o)
                0x08013a44                _isatty_r
 *fill*         0x08013a64        0x4 
 .text.ceil     0x08013a68       0xf8 C:/ST/STM32CubeIDE_1.16.1/STM32CubeIDE/plugins/com.st.stm32cube.ide.mcu.externaltools.gnu-tools-for-stm32.12.3.rel1.win32_1.0.200.202406191623/tools/bin/../lib/gcc/arm-none-eabi/12.3.1/../../../../arm-none-eabi/lib/thumb/v7e-m+fp/hard\libm.a(libm_a-s_ceil.o)
                0x08013a68                ceil
 *(.glue_7)
 .glue_7        0x08013b60        0x0 linker stubs
 *(.glue_7t)
 .glue_7t       0x08013b60        0x0 linker stubs
 *(.eh_frame)
 .eh_frame      0x08013b60        0x0 C:/ST/STM32CubeIDE_1.16.1/STM32CubeIDE/plugins/com.st.stm32cube.ide.mcu.externaltools.gnu-tools-for-stm32.12.3.rel1.win32_1.0.200.202406191623/tools/bin/../lib/gcc/arm-none-eabi/12.3.1/thumb/v7e-m+fp/hard/crtbegin.o
 *(.init)
 .init          0x08013b60        0x4 C:/ST/STM32CubeIDE_1.16.1/STM32CubeIDE/plugins/com.st.stm32cube.ide.mcu.externaltools.gnu-tools-for-stm32.12.3.rel1.win32_1.0.200.202406191623/tools/bin/../lib/gcc/arm-none-eabi/12.3.1/thumb/v7e-m+fp/hard/crti.o
                0x08013b60                _init
 .init          0x08013b64        0x8 C:/ST/STM32CubeIDE_1.16.1/STM32CubeIDE/plugins/com.st.stm32cube.ide.mcu.externaltools.gnu-tools-for-stm32.12.3.rel1.win32_1.0.200.202406191623/tools/bin/../lib/gcc/arm-none-eabi/12.3.1/thumb/v7e-m+fp/hard/crtn.o
 *(.fini)
 .fini          0x08013b6c        0x4 C:/ST/STM32CubeIDE_1.16.1/STM32CubeIDE/plugins/com.st.stm32cube.ide.mcu.externaltools.gnu-tools-for-stm32.12.3.rel1.win32_1.0.200.202406191623/tools/bin/../lib/gcc/arm-none-eabi/12.3.1/thumb/v7e-m+fp/hard/crti.o
                0x08013b6c                _fini
 .fini          0x08013b70        0x8 C:/ST/STM32CubeIDE_1.16.1/STM32CubeIDE/plugins/com.st.stm32cube.ide.mcu.externaltools.gnu-tools-for-stm32.12.3.rel1.win32_1.0.200.202406191623/tools/bin/../lib/gcc/arm-none-eabi/12.3.1/thumb/v7e-m+fp/hard/crtn.o
                0x08013b78                        . = ALIGN (0x4)
                0x08013b78                        _etext = .

.vfp11_veneer   0x08013b78        0x0
 .vfp11_veneer  0x08013b78        0x0 linker stubs

.v4_bx          0x08013b78        0x0
 .v4_bx         0x08013b78        0x0 linker stubs

.iplt           0x08013b78        0x0
 .iplt          0x08013b78        0x0 C:/ST/STM32CubeIDE_1.16.1/STM32CubeIDE/plugins/com.st.stm32cube.ide.mcu.externaltools.gnu-tools-for-stm32.12.3.rel1.win32_1.0.200.202406191623/tools/bin/../lib/gcc/arm-none-eabi/12.3.1/thumb/v7e-m+fp/hard/crtbegin.o

.rodata         0x08013b78      0x800
                0x08013b78                        . = ALIGN (0x4)
 *(.rodata)
 .rodata        0x08013b78       0x32 ./Core/Src/Callbacks.o
 *fill*         0x08013baa        0x2 
 .rodata        0x08013bac       0x3e ./Core/Src/Flash_Storage.o
 *fill*         0x08013bea        0x2 
 .rodata        0x08013bec      0x225 ./Core/Src/Scheduler.o
 *fill*         0x08013e11        0x3 
 .rodata        0x08013e14       0x46 ./Core/Src/Settings.o
 *fill*         0x08013e5a        0x2 
 .rodata        0x08013e5c       0x89 ./Core/Src/TaskHandler.o
 *fill*         0x08013ee5        0x3 
 .rodata        0x08013ee8       0xc3 ./Core/Src/stm32f4xx_it.o
 *fill*         0x08013fab        0x1 
 .rodata        0x08013fac       0x22 ./Core/Src/Debug/Debug.o
 *fill*         0x08013fce        0x2 
 .rodata        0x08013fd0       0x1d ./Core/Src/Modbus/MB_Serial.o
 *(.rodata*)
 *fill*         0x08013fed        0x3 
 .rodata.AHBPrescTable
                0x08013ff0       0x10 ./Core/Src/system_stm32f4xx.o
                0x08013ff0                AHBPrescTable
 .rodata.APBPrescTable
                0x08014000        0x8 ./Core/Src/system_stm32f4xx.o
                0x08014000                APBPrescTable
 .rodata._printf_float.str1.1
                0x08014008       0x12 C:/ST/STM32CubeIDE_1.16.1/STM32CubeIDE/plugins/com.st.stm32cube.ide.mcu.externaltools.gnu-tools-for-stm32.12.3.rel1.win32_1.0.200.202406191623/tools/bin/../lib/gcc/arm-none-eabi/12.3.1/../../../../arm-none-eabi/lib/thumb/v7e-m+fp/hard\libc_nano.a(libc_a-nano-vfprintf_float.o)
 .rodata._printf_i.str1.1
                0x0801401a       0x22 C:/ST/STM32CubeIDE_1.16.1/STM32CubeIDE/plugins/com.st.stm32cube.ide.mcu.externaltools.gnu-tools-for-stm32.12.3.rel1.win32_1.0.200.202406191623/tools/bin/../lib/gcc/arm-none-eabi/12.3.1/../../../../arm-none-eabi/lib/thumb/v7e-m+fp/hard\libc_nano.a(libc_a-nano-vfprintf_i.o)
 .rodata._dtoa_r.str1.1
                0x0801403c       0x8d C:/ST/STM32CubeIDE_1.16.1/STM32CubeIDE/plugins/com.st.stm32cube.ide.mcu.externaltools.gnu-tools-for-stm32.12.3.rel1.win32_1.0.200.202406191623/tools/bin/../lib/gcc/arm-none-eabi/12.3.1/../../../../arm-none-eabi/lib/thumb/v7e-m+fp/hard\libc_nano.a(libc_a-dtoa.o)
                                 0x8f (size before relaxing)
 .rodata._Balloc.str1.1
                0x080140c9       0x59 C:/ST/STM32CubeIDE_1.16.1/STM32CubeIDE/plugins/com.st.stm32cube.ide.mcu.externaltools.gnu-tools-for-stm32.12.3.rel1.win32_1.0.200.202406191623/tools/bin/../lib/gcc/arm-none-eabi/12.3.1/../../../../arm-none-eabi/lib/thumb/v7e-m+fp/hard\libc_nano.a(libc_a-mprec.o)
                                 0x70 (size before relaxing)
 .rodata.__multadd.str1.1
                0x08014122       0x11 C:/ST/STM32CubeIDE_1.16.1/STM32CubeIDE/plugins/com.st.stm32cube.ide.mcu.externaltools.gnu-tools-for-stm32.12.3.rel1.win32_1.0.200.202406191623/tools/bin/../lib/gcc/arm-none-eabi/12.3.1/../../../../arm-none-eabi/lib/thumb/v7e-m+fp/hard\libc_nano.a(libc_a-mprec.o)
 *fill*         0x08014122        0x2 
 .rodata.p05.0  0x08014124        0xc C:/ST/STM32CubeIDE_1.16.1/STM32CubeIDE/plugins/com.st.stm32cube.ide.mcu.externaltools.gnu-tools-for-stm32.12.3.rel1.win32_1.0.200.202406191623/tools/bin/../lib/gcc/arm-none-eabi/12.3.1/../../../../arm-none-eabi/lib/thumb/v7e-m+fp/hard\libc_nano.a(libc_a-mprec.o)
 .rodata.__mprec_bigtens
                0x08014130       0x28 C:/ST/STM32CubeIDE_1.16.1/STM32CubeIDE/plugins/com.st.stm32cube.ide.mcu.externaltools.gnu-tools-for-stm32.12.3.rel1.win32_1.0.200.202406191623/tools/bin/../lib/gcc/arm-none-eabi/12.3.1/../../../../arm-none-eabi/lib/thumb/v7e-m+fp/hard\libc_nano.a(libc_a-mprec.o)
                0x08014130                __mprec_bigtens
 .rodata.__mprec_tens
                0x08014158       0xc8 C:/ST/STM32CubeIDE_1.16.1/STM32CubeIDE/plugins/com.st.stm32cube.ide.mcu.externaltools.gnu-tools-for-stm32.12.3.rel1.win32_1.0.200.202406191623/tools/bin/../lib/gcc/arm-none-eabi/12.3.1/../../../../arm-none-eabi/lib/thumb/v7e-m+fp/hard\libc_nano.a(libc_a-mprec.o)
                0x08014158                __mprec_tens
 .rodata._svfprintf_r.str1.1
                0x08014220       0x11 C:/ST/STM32CubeIDE_1.16.1/STM32CubeIDE/plugins/com.st.stm32cube.ide.mcu.externaltools.gnu-tools-for-stm32.12.3.rel1.win32_1.0.200.202406191623/tools/bin/../lib/gcc/arm-none-eabi/12.3.1/../../../../arm-none-eabi/lib/thumb/v7e-m+fp/hard\libc_nano.a(libc_a-nano-svfprintf.o)
 .rodata._setlocale_r.str1.1
                0x08014231        0x8 C:/ST/STM32CubeIDE_1.16.1/STM32CubeIDE/plugins/com.st.stm32cube.ide.mcu.externaltools.gnu-tools-for-stm32.12.3.rel1.win32_1.0.200.202406191623/tools/bin/../lib/gcc/arm-none-eabi/12.3.1/../../../../arm-none-eabi/lib/thumb/v7e-m+fp/hard\libc_nano.a(libc_a-locale.o)
                                  0x9 (size before relaxing)
 .rodata.str1.1
                0x08014239        0x2 C:/ST/STM32CubeIDE_1.16.1/STM32CubeIDE/plugins/com.st.stm32cube.ide.mcu.externaltools.gnu-tools-for-stm32.12.3.rel1.win32_1.0.200.202406191623/tools/bin/../lib/gcc/arm-none-eabi/12.3.1/../../../../arm-none-eabi/lib/thumb/v7e-m+fp/hard\libc_nano.a(libc_a-locale.o)
 .rodata.__assert_func.str1.1
                0x0801423b       0x3c C:/ST/STM32CubeIDE_1.16.1/STM32CubeIDE/plugins/com.st.stm32cube.ide.mcu.externaltools.gnu-tools-for-stm32.12.3.rel1.win32_1.0.200.202406191623/tools/bin/../lib/gcc/arm-none-eabi/12.3.1/../../../../arm-none-eabi/lib/thumb/v7e-m+fp/hard\libc_nano.a(libc_a-assert.o)
                                 0x3d (size before relaxing)
 .rodata._ctype_
                0x08014277      0x101 C:/ST/STM32CubeIDE_1.16.1/STM32CubeIDE/plugins/com.st.stm32cube.ide.mcu.externaltools.gnu-tools-for-stm32.12.3.rel1.win32_1.0.200.202406191623/tools/bin/../lib/gcc/arm-none-eabi/12.3.1/../../../../arm-none-eabi/lib/thumb/v7e-m+fp/hard\libc_nano.a(libc_a-ctype_.o)
                0x08014277                _ctype_
 .rodata._vfprintf_r.str1.1
                0x08014378       0x11 C:/ST/STM32CubeIDE_1.16.1/STM32CubeIDE/plugins/com.st.stm32cube.ide.mcu.externaltools.gnu-tools-for-stm32.12.3.rel1.win32_1.0.200.202406191623/tools/bin/../lib/gcc/arm-none-eabi/12.3.1/../../../../arm-none-eabi/lib/thumb/v7e-m+fp/hard\libc_nano.a(libc_a-nano-vfprintf.o)
                0x0801438c                        . = ALIGN (0x4)

.ARM.extab      0x08014378        0x0
                0x08014378                        . = ALIGN (0x4)
 *(.ARM.extab* .gnu.linkonce.armextab.*)
                0x08014378                        . = ALIGN (0x4)

.ARM            0x08014378        0x8
                0x08014378                        . = ALIGN (0x4)
                0x08014378                        __exidx_start = .
 *(.ARM.exidx*)
 .ARM.exidx     0x08014378        0x8 C:/ST/STM32CubeIDE_1.16.1/STM32CubeIDE/plugins/com.st.stm32cube.ide.mcu.externaltools.gnu-tools-for-stm32.12.3.rel1.win32_1.0.200.202406191623/tools/bin/../lib/gcc/arm-none-eabi/12.3.1/../../../../arm-none-eabi/lib/thumb/v7e-m+fp/hard\libc_nano.a(libc_a-memchr.o)
 .ARM.exidx     0x08014380        0x0 C:/ST/STM32CubeIDE_1.16.1/STM32CubeIDE/plugins/com.st.stm32cube.ide.mcu.externaltools.gnu-tools-for-stm32.12.3.rel1.win32_1.0.200.202406191623/tools/bin/../lib/gcc/arm-none-eabi/12.3.1/../../../../arm-none-eabi/lib/thumb/v7e-m+fp/hard\libc_nano.a(libc_a-strlen.o)
                                  0x8 (size before relaxing)
 .ARM.exidx     0x08014380        0x0 C:/ST/STM32CubeIDE_1.16.1/STM32CubeIDE/plugins/com.st.stm32cube.ide.mcu.externaltools.gnu-tools-for-stm32.12.3.rel1.win32_1.0.200.202406191623/tools/bin/../lib/gcc/arm-none-eabi/12.3.1/thumb/v7e-m+fp/hard\libgcc.a(_udivmoddi4.o)
                                  0x8 (size before relaxing)
                0x08014380                        __exidx_end = .
                0x08014380                        . = ALIGN (0x4)

.rel.dyn        0x08014380        0x0
 .rel.iplt      0x08014380        0x0 C:/ST/STM32CubeIDE_1.16.1/STM32CubeIDE/plugins/com.st.stm32cube.ide.mcu.externaltools.gnu-tools-for-stm32.12.3.rel1.win32_1.0.200.202406191623/tools/bin/../lib/gcc/arm-none-eabi/12.3.1/thumb/v7e-m+fp/hard/crtbegin.o

.preinit_array  0x08014380        0x0
                0x08014380                        . = ALIGN (0x4)
                0x08014380                        PROVIDE (__preinit_array_start = .)
 *(.preinit_array*)
                0x08014380                        PROVIDE (__preinit_array_end = .)
                0x08014380                        . = ALIGN (0x4)

.init_array     0x08014380        0x4
                0x08014380                        . = ALIGN (0x4)
                0x08014380                        PROVIDE (__init_array_start = .)