../Core/Src/Callbacks.c:41:13:PrintMBRequest	16	static
../Core/Src/Callbacks.c:55:6:CB_MB_InitCallback	8	static
../Core/Src/Callbacks.c:65:9:CB_MB_RcvByte	4	static
../Core/Src/Callbacks.c:68:9:CB_MB_Send	16	static
../Core/Src/Callbacks.c:72:6:CB_MB_SetUpstream	8	static
../Core/Src/Callbacks.c:75:6:CB_MB_SetDownstream	8	static
../Core/Src/Callbacks.c:86:9:CB_MB_readDICallback	24	static
../Core/Src/Callbacks.c:131:9:CB_MB_writeCOCallback	24	static
../Core/Src/Callbacks.c:191:9:CB_MB_readCOCallback	24	static
../Core/Src/Callbacks.c:248:9:CB_MB_readIRCallback	24	static
../Core/Src/Callbacks.c:271:9:CB_MB_writeHRCallback	24	static
../Core/Src/Callbacks.c:377:9:CB_MB_readHRCallback	24	static
