../Core/Src/Callbacks.c:40:13:PrintMBRequest	16	static
../Core/Src/Callbacks.c:54:6:CB_MB_InitCallback	8	static
../Core/Src/Callbacks.c:64:9:CB_MB_RcvByte	4	static
../Core/Src/Callbacks.c:67:9:CB_MB_Send	16	static
../Core/Src/Callbacks.c:71:6:CB_MB_SetUpstream	8	static
../Core/Src/Callbacks.c:74:6:CB_MB_SetDownstream	8	static
../Core/Src/Callbacks.c:85:9:CB_MB_readDICallback	24	static
../Core/Src/Callbacks.c:118:9:CB_MB_writeCOCallback	24	static
../Core/Src/Callbacks.c:158:9:CB_MB_readCOCallback	24	static
../Core/Src/Callbacks.c:198:9:CB_MB_readIRCallback	24	static
../Core/Src/Callbacks.c:221:9:CB_MB_writeHRCallback	24	static
../Core/Src/Callbacks.c:291:9:CB_MB_readHRCallback	24	static
