../Core/Src/Modbus/MB_Handler.c:67:6:MB_init	16	static
../Core/Src/Modbus/MB_Handler.c:76:6:MB_SetHandlerInstance	16	static
../Core/Src/Modbus/MB_Handler.c:80:16:MB_GetHandlerInstance	4	static
../Core/Src/Modbus/MB_Handler.c:91:6:MB_setReqBuff	16	static
../Core/Src/Modbus/MB_Handler.c:104:6:MB_setRespBuff	16	static
../Core/Src/Modbus/MB_Handler.c:110:9:MB_getRespBuffSize	4	static
../Core/Src/Modbus/MB_Handler.c:119:9:MB_executeRequest	24	static
../Core/Src/Modbus/MB_Handler.c:170:6:MB_ClearBuffer	8	static
../Core/Src/Modbus/MB_Handler.c:182:6:MB_appendToRespPDU	16	static
../Core/Src/Modbus/MB_Handler.c:193:6:MB_appendToRespPDU_SAFC	8	static
../Core/Src/Modbus/MB_Handler.c:208:6:MB_appendToRespPDU_CRC	16	static
../Core/Src/Modbus/MB_Handler.c:222:6:MB_CopyReqToRespPDU	8	static
../Core/Src/Modbus/MB_Handler.c:236:6:MB_excepRespBuilder	16	static
../Core/Src/Modbus/MB_Handler.c:250:9:MB_isFunctionCodeValid	16	static
../Core/Src/Modbus/MB_Handler.c:265:9:MB_checkCoilDataQtyAddr	24	static
../Core/Src/Modbus/MB_Handler.c:278:9:MB_checkMCQtyAddrByteCount	24	static
../Core/Src/Modbus/MB_Handler.c:315:9:MB_checkMRQtyAddrByteCount	32	static
../Core/Src/Modbus/MB_Handler.c:341:9:MB_checkDataQtyAddr	24	static
../Core/Src/Modbus/MB_Handler.c:364:9:MB_checkDataQuantity	16	static
../Core/Src/Modbus/MB_Handler.c:376:9:MB_checkDataAddress	24	static
../Core/Src/Modbus/MB_Handler.c:391:9:MB_checkSCValue	16	static
../Core/Src/Modbus/MB_Handler.c:405:9:MB_checkSCRAddr	16	static
../Core/Src/Modbus/MB_Handler.c:417:9:MB_checkSCValueAddr	8	static
../Core/Src/Modbus/MB_Handler.c:437:9:MB_checkSRValue	16	static
../Core/Src/Modbus/MB_Handler.c:458:9:MB_checkSRValueAddr	8	static
../Core/Src/Modbus/MB_Handler.c:473:10:MB_get2byteData	16	static
../Core/Src/Modbus/MB_Handler.c:482:9:MB_getSlaveAddress	4	static
../Core/Src/Modbus/MB_Handler.c:491:9:MB_getFunctionCode	4	static
../Core/Src/Modbus/MB_Handler.c:502:10:MB_getStartAddress	16	static
../Core/Src/Modbus/MB_Handler.c:506:10:MB_getSCRAddress	8	static
../Core/Src/Modbus/MB_Handler.c:519:10:MB_getQuantity	16	static
../Core/Src/Modbus/MB_Handler.c:529:10:MB_getSCRValue	8	static
../Core/Src/Modbus/MB_Handler.c:538:9:MB_getMCValueInByte	16	static
../Core/Src/Modbus/MB_Handler.c:558:10:MB_getMRValueIn2Byte	16	static
../Core/Src/Modbus/MB_Handler.c:584:9:MB_getIRValue	16	static
../Core/Src/Modbus/MB_Handler.c:609:9:MB_getIRsValue	32	static
../Core/Src/Modbus/MB_Handler.c:647:9:MB_getHRsValue	24	static
../Core/Src/Modbus/MB_Handler.c:688:9:MB_setHRValue	16	static
../Core/Src/Modbus/MB_Handler.c:711:9:MB_readCoils	48	dynamic
../Core/Src/Modbus/MB_Handler.c:750:9:MB_readDI	48	dynamic
../Core/Src/Modbus/MB_Handler.c:795:9:MB_writeSC	24	static
../Core/Src/Modbus/MB_Handler.c:833:9:MB_writeMC	40	static
../Core/Src/Modbus/MB_Handler.c:893:9:MB_readIR	56	dynamic
../Core/Src/Modbus/MB_Handler.c:940:9:MB_readHR	56	dynamic
../Core/Src/Modbus/MB_Handler.c:994:9:MB_writeSHR	24	static
../Core/Src/Modbus/MB_Handler.c:1031:9:MB_writeMHR	24	static
../Core/Src/Modbus/MB_Handler.c:1073:9:MB_getDI	16	static
../Core/Src/Modbus/MB_Handler.c:1077:9:MB_getDIInByte	32	static
../Core/Src/Modbus/MB_Handler.c:1123:9:MB_setCoil	16	static
../Core/Src/Modbus/MB_Handler.c:1130:9:MB_getCoil	16	static
../Core/Src/Modbus/MB_Handler.c:1133:9:MB_getCoilsInByte	32	static
../Core/Src/Modbus/MB_Handler.c:1190:6:MB_attachDICallback	16	static
../Core/Src/Modbus/MB_Handler.c:1210:6:MB_attachCOCallback	16	static
../Core/Src/Modbus/MB_Handler.c:1228:6:MB_attachIRCallback	16	static
../Core/Src/Modbus/MB_Handler.c:1249:6:MB_attachHRCallback	16	static
