../Core/Src/Modbus/MB_Serial.c:68:6:MBS_Init	24	static
../Core/Src/Modbus/MB_Serial.c:96:13:MBS_Timer_Init	16	static
../Core/Src/Modbus/MB_Serial.c:108:13:MBS_GetInstance	4	static
../Core/Src/Modbus/MB_Serial.c:119:16:MBS_Config	32	static
../Core/Src/Modbus/MB_Serial.c:215:16:MBS_GetSerialConfig	24	static
../Core/Src/Modbus/MB_Serial.c:280:6:MBS_EncodeConfigValue	16	static
../Core/Src/Modbus/MB_Serial.c:295:6:MBS_DecodeConfigValue	16	static
../Core/Src/Modbus/MB_Serial.c:306:9:MBS_CheckSerialConfigValidity	24	static
../Core/Src/Modbus/MB_Serial.c:340:16:MBS_Send	24	static
../Core/Src/Modbus/MB_Serial.c:373:6:MBS_Receive	24	static
../Core/Src/Modbus/MB_Serial.c:397:6:MBS_StopReceiving	16	static
../Core/Src/Modbus/MB_Serial.c:424:6:MBS_ChackRcvdFrame	24	static
../Core/Src/Modbus/MB_Serial.c:457:6:MBS_ProcessRcvdFrame	24	static
../Core/Src/Modbus/MB_Serial.c:508:6:MBS_ClearTXBuffer	16	static
../Core/Src/Modbus/MB_Serial.c:513:6:MBS_ClearRXBuffer	16	static
../Core/Src/Modbus/MB_Serial.c:524:16:MBS_UpdateSerialConfig	16	static
../Core/Src/Modbus/MB_Serial.c:537:10:MBS_GetCharTimeCluster	24	static
../Core/Src/Modbus/MB_Serial.c:547:10:MBS_GetTransTimeout	24	static
../Core/Src/Modbus/MB_Serial.c:559:14:MBS_GetByteTxTime	16	static
